<Report MaxRowCount="0">
  <Pages>
    <Page Width="210" Height="297" TextVAlign="Center">
      <OrderFields />
      <Elements>
        <TextElement Text="表名" FieldKind="Master" LeftLineVisible="false" TopLineVisible="false" RightLineVisible="false" BottomLineVisible="false" BandKind="ReportHeader" X="9.85833721160889" Y="21.9333349863688" Width="189.856240844727" Height="10.000000278155" FontSize="20" BoldFont="true" TextHAlign="Center" TextVAlign="Center" />
        <TableElement X="9.39270833333333" Y="33.9343789418538" Width="190" Height="205.945827229818" TextVAlign="Center">
          <Rows>
            <Row X="9.39270833333333" Y="33.9343789418538" Width="190" Height="5" TextVAlign="Center">
              <Cells>
                <Cell OrigWidth="19.8191933240612" OrigHeight="5" AccounttantLineVisble="true" Text="制单人：" LeftLineVisible="false" TopLineVisible="false" RightLineVisible="false" BottomLineVisible="false" X="9.39270833333333" Y="33.9343789418538" Width="19.8191933240612" Height="5" TextColor="black" TextVAlign="Center" WordWrap="true" />
                <Cell OrigWidth="43.6022253129346" OrigHeight="5" AccounttantLineVisble="true" Text="制单人" FieldKind="Master" LeftLineVisible="false" TopLineVisible="false" RightLineVisible="false" BottomLineVisible="false" DecimalDigits="0" X="29.2119016573945" Y="33.9343789418538" Width="43.6022253129346" Height="5" TextColor="black" TextVAlign="Center" WordWrap="true" />
                <Cell OrigWidth="18.7621696801113" OrigHeight="5" AccounttantLineVisble="true" Text="录单日期：" LeftLineVisible="false" TopLineVisible="false" RightLineVisible="false" BottomLineVisible="false" DecimalDigits="0" X="72.8141269703291" Y="33.9343789418538" Width="18.7621696801113" Height="5" TextColor="black" TextVAlign="Center" WordWrap="true" />
                <Cell OrigWidth="44.1310091251824" OrigHeight="5" AccounttantLineVisble="true" Text="登录日期" FieldKind="Master" LeftLineVisible="false" TopLineVisible="false" RightLineVisible="false" BottomLineVisible="false" DecimalDigits="0" X="91.5762966504404" Y="33.9343789418538" Width="44.1310091251824" Height="5" TextColor="black" TextVAlign="Center" WordWrap="true" />
                <Cell OrigWidth="18.4976417788509" OrigHeight="5" AccounttantLineVisble="true" Text="单据编号：" LeftLineVisible="false" TopLineVisible="false" RightLineVisible="false" BottomLineVisible="false" DecimalDigits="0" X="135.707305775623" Y="33.9343789418538" Width="18.4976417788509" Height="5" TextColor="black" TextVAlign="Center" WordWrap="true" />
                <Cell OrigWidth="45.1877607788595" OrigHeight="5" AccounttantLineVisble="true" Text="单据编号" FieldKind="Master" LeftLineVisible="false" TopLineVisible="false" RightLineVisible="false" BottomLineVisible="false" DecimalDigits="0" X="154.204947554474" Y="33.9343789418538" Width="45.1877607788595" Height="5" TextColor="black" TextVAlign="Center" WordWrap="true" />
              </Cells>
            </Row>
            <Row X="9.39270833333333" Y="38.9343789418538" Width="190" Height="5" TextVAlign="Center">
              <Cells>
                <Cell OrigWidth="20.0834492350486" OrigHeight="5" AccounttantLineVisble="true" Text="经办人：" LeftLineVisible="false" TopLineVisible="false" RightLineVisible="false" BottomLineVisible="false" X="9.39270833333333" Y="38.9343789418538" Width="20.0834492350486" Height="5" TextColor="black" TextVAlign="Center" WordWrap="true" />
                <Cell OrigWidth="43.2498840982846" OrigHeight="5" AccounttantLineVisble="true" Text="经 办 人" FieldKind="Master" LeftLineVisible="false" TopLineVisible="false" RightLineVisible="false" BottomLineVisible="false" DecimalDigits="0" X="29.4761575683819" Y="38.9343789418538" Width="43.2498840982846" Height="5" TextColor="black" TextVAlign="Center" WordWrap="true" />
                <Cell OrigWidth="18.9520833333334" OrigHeight="5" AccounttantLineVisble="true" Text="部    门：" LeftLineVisible="false" TopLineVisible="false" RightLineVisible="false" BottomLineVisible="false" DecimalDigits="0" X="72.7260416666665" Y="38.9343789418538" Width="18.9520833333334" Height="5" TextColor="black" TextVAlign="Center" WordWrap="true" />
                <Cell OrigWidth="44.38125" OrigHeight="5" AccounttantLineVisble="true" Text="部    门" FieldKind="Master" LeftLineVisible="false" TopLineVisible="false" RightLineVisible="false" BottomLineVisible="false" DecimalDigits="0" X="91.6781249999999" Y="38.9343789418538" Width="44.38125" Height="5" TextColor="black" TextVAlign="Center" WordWrap="true" />
                <Cell OrigWidth="18.325" OrigHeight="5" AccounttantLineVisble="true" Text="仓    库：" LeftLineVisible="false" TopLineVisible="false" RightLineVisible="false" BottomLineVisible="false" DecimalDigits="0" X="136.059375" Y="38.9343789418538" Width="18.325" Height="5" TextColor="black" TextVAlign="Center" WordWrap="true" />
                <Cell OrigWidth="45.0083333333333" OrigHeight="5" AccounttantLineVisble="true" Text="仓    库" FieldKind="Master" LeftLineVisible="false" TopLineVisible="false" RightLineVisible="false" BottomLineVisible="false" DecimalDigits="0" X="154.384375" Y="38.9343789418538" Width="45.0083333333333" Height="5" TextColor="black" TextVAlign="Center" WordWrap="true" />
              </Cells>
            </Row>
            <Row X="9.39270833333333" Y="43.9343789418538" Width="190" Height="5" TextVAlign="Center">
              <Cells>
                <Cell OrigWidth="19.8191933240612" OrigHeight="5" AccounttantLineVisble="true" Text="供应商：" LeftLineVisible="false" TopLineVisible="false" RightLineVisible="false" BottomLineVisible="false" DecimalDigits="0" X="9.39270833333333" Y="43.9343789418538" Width="19.8191933240612" Height="5" TextColor="black" TextVAlign="Center" WordWrap="true" />
                <Cell OrigWidth="43.6022253129346" OrigHeight="5" AccounttantLineVisble="true" Text="供 应 商" FieldKind="Master" LeftLineVisible="false" TopLineVisible="false" RightLineVisible="false" BottomLineVisible="false" DecimalDigits="0" X="29.2119016573945" Y="43.9343789418538" Width="43.6022253129346" Height="5" TextColor="black" TextVAlign="Center" WordWrap="true" />
                <Cell OrigWidth="18.7621696801113" OrigHeight="5" AccounttantLineVisble="true" Text="摘    要：" LeftLineVisible="false" TopLineVisible="false" RightLineVisible="false" BottomLineVisible="false" DecimalDigits="0" X="72.8141269703291" Y="43.9343789418538" Width="18.7621696801113" Height="5" TextColor="black" TextVAlign="Center" WordWrap="true" />
                <Cell OrigWidth="107.816411682893" OrigHeight="5" AccounttantLineVisble="true" Text="摘    要" FieldKind="Master" LeftLineVisible="false" TopLineVisible="false" RightLineVisible="false" BottomLineVisible="false" DecimalDigits="0" X="91.5762966504404" Y="43.9343789418538" Width="107.816411682893" Height="5" TextColor="black" TextVAlign="Center" WordWrap="true" />
              </Cells>
            </Row>
            <Row X="9.39270833333333" Y="48.9343789418538" Width="190" Height="2.88332939147958" TextVAlign="Center">
              <Cells>
                <Cell OrigWidth="190" OrigHeight="2.88332939147958" AccounttantLineVisble="true" Text="" LeftLineVisible="false" TopLineVisible="false" RightLineVisible="false" DecimalDigits="0" X="9.39270833333333" Y="48.9343789418538" Width="190" Height="2.88332939147958" TextColor="black" TextVAlign="Center" WordWrap="true" />
              </Cells>
            </Row>
            <Row X="9.39270833333333" Y="51.8177083333334" Width="189.764874661877" Height="4.78957939147954" TextVAlign="Center">
              <Cells>
                <Cell OrigWidth="30.0743055555556" OrigHeight="4.78957939147954" AccounttantLineVisble="true" Text="仓库编号" DecimalDigits="0" X="9.39270833333333" Y="51.8177083333334" Width="30.0743055555556" Height="4.78957939147954" TextVAlign="Center" />
                <Cell OrigWidth="30.0743055555556" OrigHeight="4.78957939147954" AccounttantLineVisble="true" Text="仓库全名" DecimalDigits="0" X="39.4670138888889" Y="51.8177083333334" Width="30.0743055555556" Height="4.78957939147954" TextVAlign="Center" />
                <Cell OrigWidth="30.0743055555556" OrigHeight="4.78957939147954" AccounttantLineVisble="true" Text="存货编号" DecimalDigits="0" X="69.5413194444445" Y="51.8177083333334" Width="30.0743055555556" Height="4.78957939147954" TextVAlign="Center" />
                <Cell OrigWidth="28.0458333333333" OrigHeight="4.78957939147954" AccounttantLineVisble="true" Text="存货全名" DecimalDigits="0" X="99.6156250000001" Y="51.8177083333334" Width="28.0458333333333" Height="4.78957939147954" TextVAlign="Center" />
                <Cell OrigWidth="30.1625" OrigHeight="4.78957939147954" AccounttantLineVisble="true" Text="单位" DecimalDigits="0" X="127.661458333333" Y="51.8177083333334" Width="30.1625" Height="4.78957939147954" TextVAlign="Center" />
                <Cell OrigWidth="41.333624661877" OrigHeight="4.78957939147954" AccounttantLineVisble="true" Text="数量" DecimalDigits="0" X="157.823958333333" Y="51.8177083333334" Width="41.333624661877" Height="4.78957939147954" TextVAlign="Center" />
              </Cells>
            </Row>
            <Row X="9.39270833333333" Y="56.6072877248129" Width="189.764874661877" Height="5" TextVAlign="Center">
              <Cells>
                <Cell OrigWidth="30.0743055555556" OrigHeight="5" AccounttantLineVisble="true" Text="仓库编号" FieldKind="Detail" DecimalDigits="0" X="9.39270833333333" Y="56.6072877248129" Width="30.0743055555556" Height="5" TextVAlign="Center" />
                <Cell OrigWidth="30.0743055555556" OrigHeight="5" AccounttantLineVisble="true" Text="仓库全名" FieldKind="Detail" DecimalDigits="0" X="39.4670138888889" Y="56.6072877248129" Width="30.0743055555556" Height="5" TextVAlign="Center" />
                <Cell OrigWidth="30.0743055555556" OrigHeight="5" AccounttantLineVisble="true" Text="存货编号" FieldKind="Detail" DecimalDigits="0" X="69.5413194444445" Y="56.6072877248129" Width="30.0743055555556" Height="5" TextVAlign="Center" />
                <Cell OrigWidth="28.0458333333333" OrigHeight="5" AccounttantLineVisble="true" Text="存货全名" FieldKind="Detail" DecimalDigits="0" X="99.6156250000001" Y="56.6072877248129" Width="28.0458333333333" Height="5" TextVAlign="Center" />
                <Cell OrigWidth="30.1625" OrigHeight="5" AccounttantLineVisble="true" Text="单位" FieldKind="Detail" DecimalDigits="0" X="127.661458333333" Y="56.6072877248129" Width="30.1625" Height="5" TextVAlign="Center" />
                <Cell OrigWidth="41.333624661877" OrigHeight="5" AccounttantLineVisble="true" Text="数量" FieldKind="Detail" DecimalDigits="0" X="157.823958333333" Y="56.6072877248129" Width="41.333624661877" Height="5" TextVAlign="Center" />
              </Cells>
            </Row>
            <Row X="9.39270833333333" Y="61.6072877248129" Width="189.764874661877" Height="5" TextVAlign="Center">
              <Cells>
                <Cell OrigWidth="30.0743055555556" OrigHeight="5" AccounttantLineVisble="true" Text="合计：" DecimalDigits="0" X="9.39270833333333" Y="61.6072877248129" Width="30.0743055555556" Height="5" TextVAlign="Center" />
                <Cell OrigWidth="30.0743055555556" OrigHeight="5" AccounttantLineVisble="true" Text="" DecimalDigits="0" X="39.4670138888889" Y="61.6072877248129" Width="30.0743055555556" Height="5" TextVAlign="Center" />
                <Cell OrigWidth="30.0743055555556" OrigHeight="5" AccounttantLineVisble="true" Text="" DecimalDigits="0" X="69.5413194444445" Y="61.6072877248129" Width="30.0743055555556" Height="5" TextVAlign="Center" />
                <Cell OrigWidth="28.0458333333333" OrigHeight="5" AccounttantLineVisble="true" DecimalDigits="0" X="99.6156250000001" Y="61.6072877248129" Width="28.0458333333333" Height="5" TextVAlign="Center" />
                <Cell OrigWidth="30.1625" OrigHeight="5" AccounttantLineVisble="true" DecimalDigits="0" X="127.661458333333" Y="61.6072877248129" Width="30.1625" Height="5" TextVAlign="Center" />
                <Cell OrigWidth="41.333624661877" OrigHeight="5" AccounttantLineVisble="true" Text="数量" FieldKind="ToCurPageSum" DecimalDigits="0" X="157.823958333333" Y="61.6072877248129" Width="41.333624661877" Height="5" TextVAlign="Center" />
              </Cells>
            </Row>
            <Row X="9.39270833333333" Y="66.6072877248129" Width="189.764874661877" Height="5" TextVAlign="Center">
              <Cells>
                <Cell OrigWidth="27.1092678088396" OrigHeight="5" AccounttantLineVisble="true" Text="" LeftLineVisible="false" RightLineVisible="false" BottomLineVisible="false" DecimalDigits="0" X="9.39270833333333" Y="66.6072877248129" Width="27.1092678088396" Height="5" TextColor="black" TextVAlign="Center" />
                <Cell OrigWidth="27.1092678088396" OrigHeight="5" AccounttantLineVisble="true" Text="" LeftLineVisible="false" RightLineVisible="false" BottomLineVisible="false" DecimalDigits="0" X="36.5019761421729" Y="66.6072877248129" Width="27.1092678088396" Height="5" TextColor="black" TextVAlign="Center" />
                <Cell OrigWidth="27.1092678088396" OrigHeight="5" AccounttantLineVisble="true" Text="" LeftLineVisible="false" RightLineVisible="false" BottomLineVisible="false" DecimalDigits="0" X="63.6112439510125" Y="66.6072877248129" Width="27.1092678088396" Height="5" TextColor="black" TextVAlign="Center" />
                <Cell OrigWidth="27.1092678088396" OrigHeight="5" AccounttantLineVisble="true" Text="" LeftLineVisible="false" RightLineVisible="false" BottomLineVisible="false" DecimalDigits="0" X="90.7205117598521" Y="66.6072877248129" Width="27.1092678088396" Height="5" TextColor="black" TextVAlign="Center" />
                <Cell OrigWidth="36.8191787646417" OrigHeight="5" AccounttantLineVisble="true" Text="" LeftLineVisible="false" RightLineVisible="false" BottomLineVisible="false" DecimalDigits="0" X="117.829779568692" Y="66.6072877248129" Width="36.8191787646417" Height="5" TextColor="black" TextVAlign="Center" />
                <Cell OrigWidth="17.4625" OrigHeight="5" AccounttantLineVisble="true" Text="打印时间：" LeftLineVisible="false" RightLineVisible="false" BottomLineVisible="false" DecimalDigits="0" X="154.648958333333" Y="66.6072877248129" Width="17.4625" Height="5" TextColor="black" TextVAlign="Center" />
                <Cell OrigWidth="27.0461246618771" OrigHeight="5" AccounttantLineVisble="true" Text="日期" FieldKind="System" LeftLineVisible="false" RightLineVisible="false" BottomLineVisible="false" DecimalDigits="0" X="172.111458333333" Y="66.6072877248129" Width="27.0461246618771" Height="5" TextColor="black" TextVAlign="Center" />
              </Cells>
            </Row>
            <Row X="9.39270833333333" Y="71.6072877248129" Width="189.764874661877" Height="5" TextVAlign="Center">
              <Cells>
                <Cell OrigWidth="189.764874661877" OrigHeight="5" AccounttantLineVisble="true" Text="[管家婆软件]" LeftLineVisible="false" TopLineVisible="false" RightLineVisible="false" BottomLineVisible="false" DecimalDigits="0" X="9.39270833333333" Y="71.6072877248129" Width="189.764874661877" Height="5" TextColor="black" TextHAlign="Right" TextVAlign="Center" />
              </Cells>
            </Row>
          </Rows>
        </TableElement>
        <TextElement Text="总页码" FieldKind="System" LeftLineVisible="false" TopLineVisible="false" RightLineVisible="false" BottomLineVisible="false" BandKind="PageHeader" X="167.956253306071" Y="15.0000004172325" Width="32.4354172229767" Height="5.0000001390775" TextHAlign="Right" TextVAlign="Center" />
      </Elements>
      <Bands>
        <Band IsVisible="false" TextVAlign="Center" />
        <Band BandKind="PageHeader" Height="20" TextVAlign="Center" />
        <Band BandKind="ReportHeader" Y="19.84375" Height="13.3614583333333" TextVAlign="Center" />
        <Band IsVisible="false" BandKind="PageBodyHeader" TextVAlign="Center" />
        <Band BandKind="PageDetail" Y="33.0729166666667" Height="243.638541666667" TextVAlign="Center" />
        <Band IsVisible="false" BandKind="PageBodyFooter" TextVAlign="Center" />
        <Band IsVisible="false" BandKind="ReportFooter" TextVAlign="Center" />
        <Band BandKind="PageFooter" Y="276.754166666667" Height="20" TextVAlign="Center" />
      </Bands>
    </Page>
  </Pages>
  <PageSettings MarginLeft="10" MarginTop="20" MarginRight="10" MarginBottom="20" PageWidth="210" PageHeight="297" />
  <ExpressionFields />
</Report>