<Report IsRemoveEmptyRows="true">
  <Pages>
    <Page Width="210" Height="297">
      <OrderFields />
      <Elements>
        <TextElement Text="表名" FieldKind="Master" LeftLineVisible="false" TopLineVisible="false" RightLineVisible="false" BottomLineVisible="false" TextHAlign="Center" BandKind="ReportHeader" X="9.85833721160889" Y="21.9333349863688" Width="189.856240844727" Height="10.000000278155" FontSize="20" BoldFont="true" />
        <TableElement X="9.39270833333333" Y="43.4593789418538" Width="188" Height="208.397922388713">
          <Rows>
            <Row X="9.39270833333333" Y="43.4593789418538" Width="188" Height="5">
              <Cells>
                <Cell OrigWidth="17.2094313453537" OrigHeight="5" Text="行号" WordWrap="true" X="9.39270833333333" Y="43.4593789418538" Width="17.2094313453537" Height="5" />
                <Cell OrigWidth="27.5051519879796" OrigHeight="5" Text="操作工编号" WordWrap="true" X="26.602139678687" Y="43.4593789418538" Width="27.5051519879796" Height="5" />
                <Cell OrigWidth="30.1625" OrigHeight="5" Text="操作工全名" WordWrap="true" X="54.1072916666666" Y="43.4593789418538" Width="30.1625" Height="5" />
                <Cell OrigWidth="28.8395833333333" OrigHeight="5" Text="加工数量" WordWrap="true" X="84.2697916666666" Y="43.4593789418538" Width="28.8395833333333" Height="5" />
                <Cell OrigWidth="28.8395833333333" OrigHeight="5" Text="合格数量" WordWrap="true" X="113.109375" Y="43.4593789418538" Width="28.8395833333333" Height="5" />
                <Cell OrigWidth="26.19375" OrigHeight="5" Text="次品数量" WordWrap="true" X="141.948958333333" Y="43.4593789418538" Width="26.19375" Height="5" />
                <Cell OrigWidth="29.2500000000003" OrigHeight="5" Text="计件数量" WordWrap="true" X="168.142708333333" Y="43.4593789418538" Width="29.2500000000003" Height="5" />
              </Cells>
            </Row>
            <Row X="9.39270833333333" Y="48.4593789418538" Width="188" Height="5">
              <Cells>
                <Cell OrigWidth="17.2094313453537" OrigHeight="5" Text="行号" FieldKind="Detail" WordWrap="true" X="9.39270833333333" Y="48.4593789418538" Width="17.2094313453537" Height="5" />
                <Cell OrigWidth="27.5051519879796" OrigHeight="5" Text="职员编号" FieldKind="Detail" WordWrap="true" X="26.602139678687" Y="48.4593789418538" Width="27.5051519879796" Height="5" />
                <Cell OrigWidth="30.1625" OrigHeight="5" Text="职员全名" FieldKind="Detail" WordWrap="true" X="54.1072916666666" Y="48.4593789418538" Width="30.1625" Height="5" />
                <Cell OrigWidth="28.8395833333333" OrigHeight="5" Text="加工数量" FieldKind="Detail" WordWrap="true" X="84.2697916666666" Y="48.4593789418538" Width="28.8395833333333" Height="5" />
                <Cell OrigWidth="28.8395833333333" OrigHeight="5" Text="合格数量" FieldKind="Detail" WordWrap="true" X="113.109375" Y="48.4593789418538" Width="28.8395833333333" Height="5" />
                <Cell OrigWidth="26.19375" OrigHeight="5" Text="次品数量" FieldKind="Detail" WordWrap="true" X="141.948958333333" Y="48.4593789418538" Width="26.19375" Height="5" />
                <Cell OrigWidth="29.2500000000003" OrigHeight="5" Text="计件数量" FieldKind="Detail" WordWrap="true" X="168.142708333333" Y="48.4593789418538" Width="29.2500000000003" Height="5" />
              </Cells>
            </Row>
            <Row X="9.39270833333333" Y="53.4593789418538" Width="188" Height="5">
              <Cells>
                <Cell OrigWidth="17.2094313453537" OrigHeight="5" Text="合计：" WordWrap="true" X="9.39270833333333" Y="53.4593789418538" Width="17.2094313453537" Height="5" TextColor="black" />
                <Cell OrigWidth="27.5051519879796" OrigHeight="5" Text="" WordWrap="true" X="26.602139678687" Y="53.4593789418538" Width="27.5051519879796" Height="5" TextColor="black" />
                <Cell OrigWidth="30.1625" OrigHeight="5" Text="" WordWrap="true" X="54.1072916666666" Y="53.4593789418538" Width="30.1625" Height="5" TextColor="black" />
                <Cell OrigWidth="28.8395833333333" OrigHeight="5" Text="加工数量" FieldKind="Total" WordWrap="true" X="84.2697916666666" Y="53.4593789418538" Width="28.8395833333333" Height="5" TextColor="black" />
                <Cell OrigWidth="28.8395833333333" OrigHeight="5" Text="合格数量" FieldKind="Total" WordWrap="true" X="113.109375" Y="53.4593789418538" Width="28.8395833333333" Height="5" TextColor="black" />
                <Cell OrigWidth="26.19375" OrigHeight="5" Text="次品数量" FieldKind="Total" WordWrap="true" X="141.948958333333" Y="53.4593789418538" Width="26.19375" Height="5" TextColor="black" />
                <Cell OrigWidth="29.2500000000003" OrigHeight="5" Text="计件数量" FieldKind="Total" WordWrap="true" X="168.142708333333" Y="53.4593789418538" Width="29.2500000000003" Height="5" TextColor="black" />
              </Cells>
            </Row>
            <Row X="9.39270833333333" Y="58.4593789418538" Width="188" Height="4.64374999999995">
              <Cells>
                <Cell OrigWidth="17.2094313453537" OrigHeight="4.64374999999995" Text="" LeftLineVisible="false" RightLineVisible="false" BottomLineVisible="false" WordWrap="true" X="9.39270833333333" Y="58.4593789418538" Width="17.2094313453537" Height="4.64374999999995" TextColor="black" />
                <Cell OrigWidth="27.5051519879796" OrigHeight="4.64374999999995" Text="" LeftLineVisible="false" RightLineVisible="false" BottomLineVisible="false" WordWrap="true" X="26.602139678687" Y="58.4593789418538" Width="27.5051519879796" Height="4.64374999999995" TextColor="black" />
                <Cell OrigWidth="59.0020833333333" OrigHeight="4.64374999999995" Text="" LeftLineVisible="false" RightLineVisible="false" BottomLineVisible="false" WordWrap="true" X="54.1072916666666" Y="58.4593789418538" Width="59.0020833333333" Height="4.64374999999995" TextColor="black" />
                <Cell OrigWidth="28.8395833333333" OrigHeight="4.64374999999995" Text="" LeftLineVisible="false" RightLineVisible="false" BottomLineVisible="false" WordWrap="true" X="113.109375" Y="58.4593789418538" Width="28.8395833333333" Height="4.64374999999995" TextColor="black" />
                <Cell OrigWidth="26.19375" OrigHeight="4.64374999999995" Text="打印时间：" LeftLineVisible="false" RightLineVisible="false" BottomLineVisible="false" WordWrap="true" X="141.948958333333" Y="58.4593789418538" Width="26.19375" Height="4.64374999999995" TextColor="black" />
                <Cell OrigWidth="29.2500000000003" OrigHeight="4.64374999999995" Text="日期" FieldKind="System" LeftLineVisible="false" RightLineVisible="false" BottomLineVisible="false" TextHAlign="Right" WordWrap="true" X="168.142708333333" Y="58.4593789418538" Width="29.2500000000003" Height="4.64374999999995" TextColor="black" />
              </Cells>
            </Row>
            <Row X="9.39270833333333" Y="63.1031289418537" Width="188" Height="5">
              <Cells>
                <Cell OrigWidth="17.2094313453537" OrigHeight="5" Text="" LeftLineVisible="false" TopLineVisible="false" RightLineVisible="false" BottomLineVisible="false" WordWrap="true" X="9.39270833333333" Y="63.1031289418537" Width="17.2094313453537" Height="5" TextColor="black" />
                <Cell OrigWidth="27.5051519879796" OrigHeight="5" Text="" LeftLineVisible="false" TopLineVisible="false" RightLineVisible="false" BottomLineVisible="false" WordWrap="true" X="26.602139678687" Y="63.1031289418537" Width="27.5051519879796" Height="5" TextColor="black" />
                <Cell OrigWidth="59.0020833333333" OrigHeight="5" Text="" LeftLineVisible="false" TopLineVisible="false" RightLineVisible="false" BottomLineVisible="false" WordWrap="true" X="54.1072916666666" Y="63.1031289418537" Width="59.0020833333333" Height="5" TextColor="black" />
                <Cell OrigWidth="28.8395833333333" OrigHeight="5" Text="" LeftLineVisible="false" TopLineVisible="false" RightLineVisible="false" BottomLineVisible="false" WordWrap="true" X="113.109375" Y="63.1031289418537" Width="28.8395833333333" Height="5" TextColor="black" />
                <Cell OrigWidth="26.19375" OrigHeight="5" Text="" LeftLineVisible="false" TopLineVisible="false" RightLineVisible="false" BottomLineVisible="false" WordWrap="true" X="141.948958333333" Y="63.1031289418537" Width="26.19375" Height="5" TextColor="black" />
                <Cell OrigWidth="29.2500000000003" OrigHeight="5" Text="[管家婆软件]" LeftLineVisible="false" TopLineVisible="false" RightLineVisible="false" BottomLineVisible="false" TextHAlign="Right" WordWrap="true" X="168.142708333333" Y="63.1031289418537" Width="29.2500000000003" Height="5" TextColor="black" />
              </Cells>
            </Row>
          </Rows>
        </TableElement>
        <TextElement Text="总页码" FieldKind="System" LeftLineVisible="false" TopLineVisible="false" RightLineVisible="false" BottomLineVisible="false" TextHAlign="Right" BandKind="PageHeader" X="167.956253306071" Y="15.0000004172325" Width="32.4354172229767" Height="5.0000001390775" />
        <TextElement Text="结束日期" FieldKind="Master" LeftLineVisible="false" TopLineVisible="false" RightLineVisible="false" BottomLineVisible="false" BandKind="ReportHeader" X="74.8229199727376" Y="35.3958328564962" Width="22.6458318710327" Height="5.0000001390775" />
        <TextElement Text="结束日期：" LeftLineVisible="false" TopLineVisible="false" RightLineVisible="false" BottomLineVisible="false" BandKind="ReportHeader" X="54.9791699727376" Y="35.3958328564962" Width="20.00000055631" Height="5.0000001390775" />
        <TextElement Text="开始日期" FieldKind="Master" LeftLineVisible="false" TopLineVisible="false" RightLineVisible="false" BottomLineVisible="false" BandKind="ReportHeader" X="30.6374992688497" Y="35.3958328564962" Width="23.1749985376994" Height="5.0000001390775" />
        <TextElement Text="开始日期：" LeftLineVisible="false" TopLineVisible="false" RightLineVisible="false" BottomLineVisible="false" BandKind="ReportHeader" X="10.793750278155" Y="35.3958328564962" Width="20" Height="5" />
        <TextElement Text="汇总方式" FieldKind="Master" LeftLineVisible="false" TopLineVisible="false" RightLineVisible="false" BottomLineVisible="false" BandKind="ReportHeader" X="120.066669972738" Y="35.3958328564962" Width="49.104165204366" Height="5.0000001390775" />
        <TextElement Text="汇总方式：" LeftLineVisible="false" TopLineVisible="false" RightLineVisible="false" BottomLineVisible="false" BandKind="ReportHeader" X="100.222919972738" Y="35.3958328564962" Width="20" Height="5" />
      </Elements>
      <Bands>
        <Band IsVisible="false" />
        <Band BandKind="PageHeader" Height="20" />
        <Band BandKind="ReportHeader" Y="19.84375" Height="22.621875" />
        <Band IsVisible="false" BandKind="PageBodyHeader" />
        <Band BandKind="PageDetail" Y="42.5979166666667" Height="234.378125" />
        <Band IsVisible="false" BandKind="PageBodyFooter" />
        <Band IsVisible="false" BandKind="ReportFooter" />
        <Band BandKind="PageFooter" Y="276.754166666667" Height="20" />
      </Bands>
    </Page>
  </Pages>
  <PageSettings MarginLeft="10" MarginTop="20" MarginRight="10" MarginBottom="20" PageWidth="210" PageHeight="297" />
  <ExpressionFields />
</Report>