<Report MaxRowCount="0">
  <Pages>
    <Page Width="210" Height="297" TextVAlign="Center">
      <OrderFields />
      <Elements>
        <TextElement Text="表名" FieldKind="Master" LeftLineVisible="false" TopLineVisible="false" RightLineVisible="false" BottomLineVisible="false" BandKind="ReportHeader" X="9.85833721160889" Y="25.0000001907349" Width="190.49375038147" Height="10.000000278155" FontSize="25" BoldFont="true" TextHAlign="Center" TextVAlign="Center" />
        <TableElement X="10" Y="40" Width="189.892708333333" Height="236.687506993612" TextVAlign="Center">
          <Rows>
            <Row X="10" Y="40" Width="189.892708333333" Height="5" TextVAlign="Center">
              <Cells>
                <Cell OrigWidth="17.384375" OrigHeight="5" AccounttantLineVisble="true" Text="" LeftLineVisible="false" TopLineVisible="false" RightLineVisible="false" X="10" Y="40" Width="17.384375" Height="5" TextColor="black" TextHAlign="Center" TextVAlign="Center" WordWrap="true" />
                <Cell OrigWidth="20.1083333333333" OrigHeight="5" AccounttantLineVisble="true" Text="" LeftLineVisible="false" TopLineVisible="false" RightLineVisible="false" X="27.384375" Y="40" Width="20.1083333333333" Height="5" TextColor="black" TextHAlign="Center" TextVAlign="Center" WordWrap="true" />
                <Cell OrigWidth="10.9260416666667" OrigHeight="5" AccounttantLineVisble="true" Text="" LeftLineVisible="false" TopLineVisible="false" RightLineVisible="false" X="47.4927083333333" Y="40" Width="10.9260416666667" Height="5" TextColor="black" TextHAlign="Center" TextVAlign="Center" WordWrap="true" />
                <Cell OrigWidth="19.2364583333333" OrigHeight="5" AccounttantLineVisble="true" Text="" LeftLineVisible="false" TopLineVisible="false" RightLineVisible="false" X="58.41875" Y="40" Width="19.2364583333333" Height="5" TextColor="black" TextHAlign="Center" TextVAlign="Center" WordWrap="true" />
                <Cell OrigWidth="25.4" OrigHeight="5" AccounttantLineVisble="true" Text="" LeftLineVisible="false" TopLineVisible="false" RightLineVisible="false" X="77.6552083333333" Y="40" Width="25.4" Height="5" TextColor="black" TextHAlign="Center" TextVAlign="Center" WordWrap="true" />
                <Cell OrigWidth="25.4" OrigHeight="5" AccounttantLineVisble="true" Text="" LeftLineVisible="false" TopLineVisible="false" RightLineVisible="false" X="103.055208333333" Y="40" Width="25.4" Height="5" TextColor="black" TextHAlign="Center" TextVAlign="Center" WordWrap="true" />
                <Cell OrigWidth="25.6645833333333" OrigHeight="5" AccounttantLineVisble="true" Text="" LeftLineVisible="false" TopLineVisible="false" RightLineVisible="false" X="128.455208333333" Y="40" Width="25.6645833333333" Height="5" TextColor="black" TextHAlign="Center" TextVAlign="Center" WordWrap="true" />
                <Cell OrigWidth="24.60625" OrigHeight="5" AccounttantLineVisble="true" Text="汇兑日期：" LeftLineVisible="false" TopLineVisible="false" RightLineVisible="false" X="154.119791666667" Y="40" Width="24.60625" Height="5" TextColor="black" TextHAlign="Right" TextVAlign="Center" WordWrap="true" />
                <Cell OrigWidth="21.1666666666667" OrigHeight="5" AccounttantLineVisble="true" Text="日期" FieldKind="Master" LeftLineVisible="false" TopLineVisible="false" RightLineVisible="false" X="178.726041666667" Y="40" Width="21.1666666666667" Height="5" TextColor="black" TextHAlign="Right" TextVAlign="Center" WordWrap="true" />
              </Cells>
            </Row>
            <Row X="10" Y="45" Width="189.892708333333" Height="9.63645833333333" TextVAlign="Center">
              <Cells>
                <Cell OrigWidth="17.384375" OrigHeight="9.63645833333333" AccounttantLineVisble="true" Text="科目代码" X="10" Y="45" Width="17.384375" Height="9.63645833333333" TextColor="black" TextHAlign="Center" TextVAlign="Center" WordWrap="true" />
                <Cell OrigWidth="20.1083333333333" OrigHeight="9.63645833333333" AccounttantLineVisble="true" Text="科目名称" X="27.384375" Y="45" Width="20.1083333333333" Height="9.63645833333333" TextColor="black" TextHAlign="Center" TextVAlign="Center" WordWrap="true" />
                <Cell OrigWidth="10.9260416666667" OrigHeight="9.63645833333333" AccounttantLineVisble="true" Text="币种" X="47.4927083333333" Y="45" Width="10.9260416666667" Height="9.63645833333333" TextColor="black" TextHAlign="Center" TextVAlign="Center" WordWrap="true" />
                <Cell OrigWidth="19.2364583333333" OrigHeight="9.63645833333333" AccounttantLineVisble="true" Text="汇率" X="58.41875" Y="45" Width="19.2364583333333" Height="9.63645833333333" TextColor="black" TextHAlign="Center" TextVAlign="Center" WordWrap="true" />
                <Cell OrigWidth="25.4" OrigHeight="9.63645833333333" AccounttantLineVisble="true" Text="外币余额" X="77.6552083333333" Y="45" Width="25.4" Height="9.63645833333333" TextColor="black" TextHAlign="Center" TextVAlign="Center" WordWrap="true" />
                <Cell OrigWidth="25.4" OrigHeight="9.63645833333333" AccounttantLineVisble="true" Text="折合本币余额" X="103.055208333333" Y="45" Width="25.4" Height="9.63645833333333" TextColor="black" TextHAlign="Center" TextVAlign="Center" WordWrap="true" />
                <Cell OrigWidth="25.6645833333333" OrigHeight="9.63645833333333" AccounttantLineVisble="true" Text="本币余额" X="128.455208333333" Y="45" Width="25.6645833333333" Height="9.63645833333333" TextColor="black" TextHAlign="Center" TextVAlign="Center" WordWrap="true" />
                <Cell OrigWidth="24.60625" OrigHeight="9.63645833333333" AccounttantLineVisble="true" Text="汇兑损益" X="154.119791666667" Y="45" Width="24.60625" Height="9.63645833333333" TextColor="black" TextHAlign="Center" TextVAlign="Center" WordWrap="true" />
                <Cell OrigWidth="21.1666666666667" OrigHeight="9.63645833333333" AccounttantLineVisble="true" Text="结转科目" X="178.726041666667" Y="45" Width="21.1666666666667" Height="9.63645833333333" TextColor="black" TextHAlign="Center" TextVAlign="Center" WordWrap="true" />
              </Cells>
            </Row>
            <Row X="10" Y="54.6364583333333" Width="189.892708333333" Height="6.08541666666667" TextVAlign="Center">
              <Cells>
                <Cell OrigWidth="17.384375" OrigHeight="6.08541666666667" AccounttantLineVisble="true" Text="科目代码" FieldKind="Detail" X="10" Y="54.6364583333333" Width="17.384375" Height="6.08541666666667" TextVAlign="Center" WordWrap="true" />
                <Cell OrigWidth="20.1083333333333" OrigHeight="6.08541666666667" AccounttantLineVisble="true" Text="科目名称" FieldKind="Detail" X="27.384375" Y="54.6364583333333" Width="20.1083333333333" Height="6.08541666666667" TextVAlign="Center" WordWrap="true" />
                <Cell OrigWidth="10.9260416666667" OrigHeight="6.08541666666667" AccounttantLineVisble="true" Text="外币币种" FieldKind="Detail" X="47.4927083333333" Y="54.6364583333333" Width="10.9260416666667" Height="6.08541666666667" TextVAlign="Center" WordWrap="true" />
                <Cell OrigWidth="19.2364583333333" OrigHeight="6.08541666666667" AccounttantLineVisble="true" Text="汇率" FieldKind="Detail" X="58.41875" Y="54.6364583333333" Width="19.2364583333333" Height="6.08541666666667" TextVAlign="Center" WordWrap="true" />
                <Cell OrigWidth="25.4" OrigHeight="6.08541666666667" AccounttantLineVisble="true" Text="外币余额" FieldKind="Detail" X="77.6552083333333" Y="54.6364583333333" Width="25.4" Height="6.08541666666667" TextVAlign="Center" WordWrap="true" />
                <Cell OrigWidth="25.4" OrigHeight="6.08541666666667" AccounttantLineVisble="true" Text="折合余额" FieldKind="Detail" X="103.055208333333" Y="54.6364583333333" Width="25.4" Height="6.08541666666667" TextVAlign="Center" WordWrap="true" />
                <Cell OrigWidth="25.6645833333333" OrigHeight="6.08541666666667" AccounttantLineVisble="true" Text="本币余额" FieldKind="Detail" X="128.455208333333" Y="54.6364583333333" Width="25.6645833333333" Height="6.08541666666667" TextVAlign="Center" WordWrap="true" />
                <Cell OrigWidth="24.60625" OrigHeight="6.08541666666667" AccounttantLineVisble="true" Text="汇兑损益" FieldKind="Detail" X="154.119791666667" Y="54.6364583333333" Width="24.60625" Height="6.08541666666667" TextVAlign="Center" WordWrap="true" />
                <Cell OrigWidth="21.1666666666667" OrigHeight="6.08541666666667" AccounttantLineVisble="true" Text="结转科目" FieldKind="Detail" X="178.726041666667" Y="54.6364583333333" Width="21.1666666666667" Height="6.08541666666667" TextVAlign="Center" WordWrap="true" />
              </Cells>
            </Row>
            <Row X="10" Y="60.721875" Width="189.892708333333" Height="5" TextVAlign="Center">
              <Cells>
                <Cell OrigWidth="17.384375" OrigHeight="5" AccounttantLineVisble="true" Text="" LeftLineVisible="false" RightLineVisible="false" BottomLineVisible="false" X="10" Y="60.721875" Width="17.384375" Height="5" TextColor="black" TextVAlign="Center" WordWrap="true" />
                <Cell OrigWidth="20.1083333333333" OrigHeight="5" AccounttantLineVisble="true" Text="" LeftLineVisible="false" RightLineVisible="false" BottomLineVisible="false" X="27.384375" Y="60.721875" Width="20.1083333333333" Height="5" TextColor="black" TextVAlign="Center" WordWrap="true" />
                <Cell OrigWidth="10.9260416666667" OrigHeight="5" AccounttantLineVisble="true" Text="" LeftLineVisible="false" RightLineVisible="false" BottomLineVisible="false" X="47.4927083333333" Y="60.721875" Width="10.9260416666667" Height="5" TextColor="black" TextVAlign="Center" WordWrap="true" />
                <Cell OrigWidth="19.2364583333333" OrigHeight="5" AccounttantLineVisble="true" Text="" LeftLineVisible="false" RightLineVisible="false" BottomLineVisible="false" X="58.41875" Y="60.721875" Width="19.2364583333333" Height="5" TextColor="black" TextVAlign="Center" WordWrap="true" />
                <Cell OrigWidth="25.4" OrigHeight="5" AccounttantLineVisble="true" Text="" LeftLineVisible="false" RightLineVisible="false" BottomLineVisible="false" X="77.6552083333333" Y="60.721875" Width="25.4" Height="5" TextColor="black" TextHAlign="Right" TextVAlign="Center" WordWrap="true" />
                <Cell OrigWidth="25.4" OrigHeight="5" AccounttantLineVisble="true" Text="操作员：" LeftLineVisible="false" RightLineVisible="false" BottomLineVisible="false" X="103.055208333333" Y="60.721875" Width="25.4" Height="5" TextColor="black" TextHAlign="Right" TextVAlign="Center" WordWrap="true" />
                <Cell OrigWidth="25.6645833333333" OrigHeight="5" AccounttantLineVisble="true" Text="操作员" FieldKind="Master" LeftLineVisible="false" RightLineVisible="false" BottomLineVisible="false" X="128.455208333333" Y="60.721875" Width="25.6645833333333" Height="5" TextColor="black" TextVAlign="Center" WordWrap="true" />
                <Cell OrigWidth="24.60625" OrigHeight="5" AccounttantLineVisble="true" Text="打印时间：" LeftLineVisible="false" RightLineVisible="false" BottomLineVisible="false" X="154.119791666667" Y="60.721875" Width="24.60625" Height="5" TextColor="black" TextHAlign="Right" TextVAlign="Center" WordWrap="true" />
                <Cell OrigWidth="21.1666666666667" OrigHeight="5" AccounttantLineVisble="true" Text="日期" FieldKind="System" LeftLineVisible="false" RightLineVisible="false" BottomLineVisible="false" X="178.726041666667" Y="60.721875" Width="21.1666666666667" Height="5" TextColor="black" TextHAlign="Right" TextVAlign="Center" WordWrap="true" />
              </Cells>
            </Row>
            <Row X="10" Y="65.721875" Width="189.892708333333" Height="5" TextVAlign="Center">
              <Cells>
                <Cell OrigWidth="17.384375" OrigHeight="5" AccounttantLineVisble="true" Text="" LeftLineVisible="false" TopLineVisible="false" RightLineVisible="false" BottomLineVisible="false" X="10" Y="65.721875" Width="17.384375" Height="5" TextColor="black" TextVAlign="Center" WordWrap="true" />
                <Cell OrigWidth="20.1083333333333" OrigHeight="5" AccounttantLineVisble="true" Text="" LeftLineVisible="false" TopLineVisible="false" RightLineVisible="false" BottomLineVisible="false" X="27.384375" Y="65.721875" Width="20.1083333333333" Height="5" TextColor="black" TextVAlign="Center" WordWrap="true" />
                <Cell OrigWidth="10.9260416666667" OrigHeight="5" AccounttantLineVisble="true" Text="" LeftLineVisible="false" TopLineVisible="false" RightLineVisible="false" BottomLineVisible="false" X="47.4927083333333" Y="65.721875" Width="10.9260416666667" Height="5" TextColor="black" TextVAlign="Center" WordWrap="true" />
                <Cell OrigWidth="19.2364583333333" OrigHeight="5" AccounttantLineVisble="true" Text="" LeftLineVisible="false" TopLineVisible="false" RightLineVisible="false" BottomLineVisible="false" X="58.41875" Y="65.721875" Width="19.2364583333333" Height="5" TextColor="black" TextVAlign="Center" WordWrap="true" />
                <Cell OrigWidth="25.4" OrigHeight="5" AccounttantLineVisble="true" Text="" LeftLineVisible="false" TopLineVisible="false" RightLineVisible="false" BottomLineVisible="false" X="77.6552083333333" Y="65.721875" Width="25.4" Height="5" TextColor="black" TextVAlign="Center" WordWrap="true" />
                <Cell OrigWidth="25.4" OrigHeight="5" AccounttantLineVisble="true" Text="" LeftLineVisible="false" TopLineVisible="false" RightLineVisible="false" BottomLineVisible="false" X="103.055208333333" Y="65.721875" Width="25.4" Height="5" TextColor="black" TextVAlign="Center" WordWrap="true" />
                <Cell OrigWidth="25.6645833333333" OrigHeight="5" AccounttantLineVisble="true" Text="" LeftLineVisible="false" TopLineVisible="false" RightLineVisible="false" BottomLineVisible="false" X="128.455208333333" Y="65.721875" Width="25.6645833333333" Height="5" TextColor="black" TextVAlign="Center" WordWrap="true" />
                <Cell OrigWidth="24.60625" OrigHeight="5" AccounttantLineVisble="true" Text="" LeftLineVisible="false" TopLineVisible="false" RightLineVisible="false" BottomLineVisible="false" X="154.119791666667" Y="65.721875" Width="24.60625" Height="5" TextColor="black" TextVAlign="Center" WordWrap="true" />
                <Cell OrigWidth="21.1666666666667" OrigHeight="5" AccounttantLineVisble="true" Text="[管家婆软件]" LeftLineVisible="false" TopLineVisible="false" RightLineVisible="false" BottomLineVisible="false" X="178.726041666667" Y="65.721875" Width="21.1666666666667" Height="5" TextColor="black" TextHAlign="Right" TextVAlign="Center" WordWrap="true" />
              </Cells>
            </Row>
          </Rows>
        </TableElement>
        <TextElement Text="文本asdfdasf" BandKind="PageFooter" X="123.995839055379" Y="281.458336893717" Width="20" Height="5" TextVAlign="Center" />
        <TextElement Text="总页码" FieldKind="System" LeftLineVisible="false" TopLineVisible="false" RightLineVisible="false" BottomLineVisible="false" BandKind="PageHeader" X="156.843753306071" Y="14.4937495231628" Width="42.7541692415873" Height="5.0000001390775" TextHAlign="Right" TextVAlign="Center" />
      </Elements>
      <Bands>
        <Band IsVisible="false" TextVAlign="Center" />
        <Band BandKind="PageHeader" Height="20" TextVAlign="Center" />
        <Band BandKind="ReportHeader" Y="19.84375" Height="20" TextVAlign="Center" />
        <Band IsVisible="false" BandKind="PageBodyHeader" TextVAlign="Center" />
        <Band BandKind="PageDetail" Y="39.9520833333333" Height="237" TextVAlign="Center" />
        <Band IsVisible="false" BandKind="PageBodyFooter" TextVAlign="Center" />
        <Band IsVisible="false" BandKind="ReportFooter" TextVAlign="Center" />
        <Band BandKind="PageFooter" Y="276.754166666667" Height="20" TextVAlign="Center" />
      </Bands>
    </Page>
  </Pages>
  <PageSettings MarginLeft="10" MarginTop="20" MarginRight="10" MarginBottom="20" PageWidth="210" PageHeight="297" />
  <ExpressionFields />
</Report>