<Report ReportKind="OverprintReport">
  <Pages>
    <Page Background="" IsDisplayBackground="true" IsGrayBackground="true" PrinterOffsetY="-2" PrinterOffsetHeight="3" Width="312" Height="203" TextVAlign="Center">
      <OrderFields />
      <Elements>
        <TextElement Text="表名" FieldKind="Master" LeftLineVisible="false" TopLineVisible="false" RightLineVisible="false" BottomLineVisible="false" BandKind="PageHeader" X="75" Y="18" Width="150" Height="9" FontSize="22" BoldFont="true" BackColor="" TextHAlign="Center" TextVAlign="Center" />
        <TextElement Text="会计科目" FieldKind="Master" LeftLineVisible="false" TopLineVisible="false" RightLineVisible="false" BottomLineVisible="false" BandKind="PageHeader" X="25" Y="32" Width="210" Height="5.0000001390775" FontSize="10" BoldFont="true" BackColor="" TextVAlign="Center" />
        <TextElement Text="查询条件所在年份" FieldKind="Master" LeftLineVisible="false" TopLineVisible="false" RightLineVisible="false" BottomLineVisible="false" BandKind="PageHeader" X="250" Y="21" Width="35" Height="5.0000001390775" FontSize="10" BoldFont="true" BackColor="" TextVAlign="Center" />
        <TextElement Text="总页码" FieldKind="System" LeftLineVisible="false" TopLineVisible="false" RightLineVisible="false" BottomLineVisible="false" BandKind="PageHeader" X="261.5" Y="30" Width="23.5" Height="5.0000001390775" FontSize="10" BoldFont="true" BackColor="" TextVAlign="Center" />
        <TextElement Text="页号：" LeftLineVisible="false" TopLineVisible="false" RightLineVisible="false" BottomLineVisible="false" BandKind="PageHeader" X="250" Y="30" Width="11.5" Height="5.0000001390775" FontSize="10" BoldFont="true" BackColor="" TextVAlign="Center" />
        <TextElement Text="公司名称" FieldKind="Master" LeftLineVisible="false" TopLineVisible="false" RightLineVisible="false" BottomLineVisible="false" BandKind="PageBodyHeader" X="39" Y="184.04791875283" Width="105" Height="5.0000001390775" FontSize="10" BackColor="" TextVAlign="Center" />
        <TextElement Text="操作员" FieldKind="Master" LeftLineVisible="false" TopLineVisible="false" RightLineVisible="false" BottomLineVisible="false" BandKind="PageFooter" X="39.0000015894572" Y="188.800006866455" Width="105" Height="5.0000001390775" FontSize="10" BackColor="" TextVAlign="Center" />
        <TableElement X="18.7937494913737" Y="40.0958366711934" Width="267" Height="142.999992370605" BackColor="" TextVAlign="Center">
          <Rows>
            <Row X="18.7937494913737" Y="40.0958366711934" Width="267" Height="13" TextVAlign="Center">
              <Cells>
                <Cell BackColor="" TextVAlign="Center" CellWidth="3.4" OrigWidth="5" OrigHeight="13" LeftLineVisible="false" TopLineVisible="false" RightLineVisible="false" BottomLineVisible="false" X="18.7937494913737" Y="40.0958366711934" Width="5" Height="13" />
                <Cell BackColor="" TextVAlign="Center" CellWidth="3.4" OrigWidth="1.56041593551635" OrigHeight="13" LeftLineVisible="false" TopLineVisible="false" RightLineVisible="false" BottomLineVisible="false" X="23.7937494913737" Y="40.0958366711934" Width="1.56041593551635" Height="13" />
                <Cell BackColor="" TextVAlign="Center" CellWidth="3.4" OrigWidth="28.4395840644836" OrigHeight="13" LeftLineVisible="false" TopLineVisible="false" RightLineVisible="false" BottomLineVisible="false" X="25.35416542689" Y="40.0958366711934" Width="28.4395840644836" Height="13" />
                <Cell BackColor="" TextVAlign="Center" CellWidth="3.4" OrigWidth="137" OrigHeight="13" LeftLineVisible="false" TopLineVisible="false" RightLineVisible="false" BottomLineVisible="false" X="53.7937494913736" Y="40.0958366711934" Width="137" Height="13" />
                <Cell BackColor="" TextVAlign="Center" CellWidth="3.4" OrigWidth="30" OrigHeight="13" LeftLineVisible="false" TopLineVisible="false" RightLineVisible="false" BottomLineVisible="false" X="190.793749491374" Y="40.0958366711934" Width="30" Height="13" />
                <Cell BackColor="" TextVAlign="Center" CellWidth="3.4" OrigWidth="30" OrigHeight="13" LeftLineVisible="false" TopLineVisible="false" RightLineVisible="false" BottomLineVisible="false" X="220.793749491374" Y="40.0958366711934" Width="30" Height="13" />
                <Cell BackColor="" TextVAlign="Center" CellWidth="3.4" OrigWidth="5" OrigHeight="13" LeftLineVisible="false" TopLineVisible="false" RightLineVisible="false" BottomLineVisible="false" X="250.793749491374" Y="40.0958366711934" Width="5" Height="13" />
                <Cell BackColor="" TextVAlign="Center" CellWidth="3.4" OrigWidth="30" OrigHeight="13" LeftLineVisible="false" TopLineVisible="false" RightLineVisible="false" BottomLineVisible="false" X="255.793749491374" Y="40.0958366711934" Width="30" Height="13" />
              </Cells>
            </Row>
            <Row X="18.7937494913737" Y="53.0958366711934" Width="266.999999999999" Height="6.5" TextVAlign="Center">
              <Cells>
                <Cell BackColor="" TextHAlign="Center" TextVAlign="Center" CellWidth="3.4" OrigWidth="4.47083296775818" OrigHeight="6.5" Text="月" FieldKind="Detail" LeftLineVisible="false" TopLineVisible="false" RightLineVisible="false" BottomLineVisible="false" X="18.7937494913737" Y="53.0958366711934" Width="4.47083296775818" Height="6.5" />
                <Cell BackColor="" TextHAlign="Right" TextVAlign="Center" CellWidth="3.4" OrigWidth="4.99999963442484" OrigHeight="6.5" Text="日" FieldKind="Detail" LeftLineVisible="false" TopLineVisible="false" RightLineVisible="false" BottomLineVisible="false" DecimalDigits="0" X="23.2645824591319" Y="53.0958366711934" Width="4.99999963442484" Height="6.5" />
                <Cell BackColor="" TextVAlign="Center" CellWidth="3.4" OrigWidth="32.4083294868469" OrigHeight="6.5" Text="凭证号数" FieldKind="Detail" LeftLineVisible="false" TopLineVisible="false" RightLineVisible="false" BottomLineVisible="false" X="28.2645820935567" Y="53.0958366711934" Width="32.4083294868469" Height="6.5" />
                <Cell BackColor="" TextVAlign="Center" CellWidth="3.4" OrigWidth="102.075003306071" OrigHeight="6.5" Text="摘要" FieldKind="Detail" LeftLineVisible="false" TopLineVisible="false" RightLineVisible="false" BottomLineVisible="false" X="60.6729115804037" Y="53.0958366711934" Width="102.075003306071" Height="6.5" />
                <Cell BackColor="" TextHAlign="Right" TextVAlign="Center" CellWidth="3.4" OrigWidth="58.0458346048986" OrigHeight="6.5" Text="借方" FieldKind="Detail" LeftLineVisible="false" TopLineVisible="false" RightLineVisible="false" BottomLineVisible="false" TextFormat="AccountFormat" X="162.747914886475" Y="53.0958366711934" Width="58.0458346048986" Height="6.5" />
                <Cell BackColor="" TextHAlign="Right" TextVAlign="Center" CellWidth="3.4" OrigWidth="30" OrigHeight="6.5" Text="贷方" FieldKind="Detail" LeftLineVisible="false" TopLineVisible="false" RightLineVisible="false" BottomLineVisible="false" TextFormat="AccountFormat" X="220.793749491373" Y="53.0958366711934" Width="30" Height="6.5" />
                <Cell BackColor="" TextHAlign="Center" TextVAlign="Center" CellWidth="3.4" OrigWidth="7.64583740234426" OrigHeight="6.5" Text="方向" FieldKind="Detail" LeftLineVisible="false" TopLineVisible="false" RightLineVisible="false" BottomLineVisible="false" X="250.793749491373" Y="53.0958366711934" Width="7.64583740234426" Height="6.5" />
                <Cell BackColor="" TextHAlign="Right" TextVAlign="Center" CellWidth="3.4" OrigWidth="27.3541625976557" OrigHeight="6.5" Text="余额" FieldKind="Detail" LeftLineVisible="false" TopLineVisible="false" RightLineVisible="false" BottomLineVisible="false" TextFormat="AccountFormat" X="258.439586893717" Y="53.0958366711934" Width="27.3541625976557" Height="6.5" />
              </Cells>
            </Row>
            <Row IsDashRow="true" X="18.7937494913737" Y="59.5958366711934" Width="266.999999999999" Height="6.5" TextVAlign="Center">
              <Cells>
                <Cell BackColor="" TextHAlign="Center" TextVAlign="Center" CellWidth="3.4" OrigWidth="4.47083296775818" OrigHeight="6.5" Text="" FieldKind="Detail" LeftLineVisible="false" LeftLineKind="Dash" LeftLineColor="green" TopLineVisible="false" TopLineColor="black" RightLineVisible="false" RightLineKind="Dash" RightLineColor="green" BottomLineVisible="false" BottomLineKind="Dash" BottomLineColor="green" DecimalDigits="0" X="18.7937494913737" Y="59.5958366711934" Width="4.47083296775818" Height="6.5" />
                <Cell BackColor="" TextHAlign="Right" TextVAlign="Center" CellWidth="3.4" OrigWidth="4.99999963442484" OrigHeight="6.5" Text="" FieldKind="Detail" LeftLineVisible="false" LeftLineKind="Dash" LeftLineColor="green" TopLineVisible="false" TopLineColor="black" RightLineVisible="false" RightLineKind="Dash" RightLineColor="green" BottomLineVisible="false" BottomLineKind="Dash" BottomLineColor="green" DecimalDigits="0" X="23.2645824591319" Y="59.5958366711934" Width="4.99999963442484" Height="6.5" />
                <Cell BackColor="" TextVAlign="Center" CellWidth="3.4" OrigWidth="32.4083294868469" OrigHeight="6.5" Text="" FieldKind="Detail" LeftLineVisible="false" LeftLineKind="Dash" LeftLineColor="green" TopLineVisible="false" TopLineColor="black" RightLineVisible="false" RightLineKind="Dash" RightLineColor="green" BottomLineVisible="false" BottomLineKind="Dash" BottomLineColor="green" DecimalDigits="0" X="28.2645820935567" Y="59.5958366711934" Width="32.4083294868469" Height="6.5" />
                <Cell BackColor="" TextVAlign="Center" CellWidth="3.4" OrigWidth="102.075003306071" OrigHeight="6.5" Text="" FieldKind="Detail" LeftLineVisible="false" LeftLineKind="Dash" LeftLineColor="green" TopLineVisible="false" TopLineColor="black" RightLineVisible="false" RightLineKind="Dash" RightLineColor="green" BottomLineVisible="false" BottomLineKind="Dash" BottomLineColor="green" DecimalDigits="0" X="60.6729115804037" Y="59.5958366711934" Width="102.075003306071" Height="6.5" />
                <Cell BackColor="" TextHAlign="Right" TextVAlign="Center" CellWidth="3.4" OrigWidth="58.0458346048986" OrigHeight="6.5" Text="" FieldKind="Detail" LeftLineVisible="false" LeftLineKind="Dash" LeftLineColor="green" TopLineVisible="false" TopLineColor="black" RightLineVisible="false" RightLineKind="Dash" RightLineColor="green" BottomLineVisible="false" BottomLineKind="Dash" BottomLineColor="green" TextFormat="AccountFormat" DecimalDigits="0" X="162.747914886475" Y="59.5958366711934" Width="58.0458346048986" Height="6.5" />
                <Cell BackColor="" TextHAlign="Right" TextVAlign="Center" CellWidth="3.4" OrigWidth="30" OrigHeight="6.5" Text="" FieldKind="Detail" LeftLineVisible="false" LeftLineKind="Dash" LeftLineColor="green" TopLineVisible="false" TopLineColor="black" RightLineVisible="false" RightLineKind="Dash" RightLineColor="green" BottomLineVisible="false" BottomLineKind="Dash" BottomLineColor="green" TextFormat="AccountFormat" DecimalDigits="0" X="220.793749491373" Y="59.5958366711934" Width="30" Height="6.5" />
                <Cell BackColor="" TextHAlign="Center" TextVAlign="Center" CellWidth="3.4" OrigWidth="7.64583740234426" OrigHeight="6.5" Text="" FieldKind="Detail" LeftLineVisible="false" LeftLineKind="Dash" LeftLineColor="green" TopLineVisible="false" TopLineColor="black" RightLineVisible="false" RightLineKind="Dash" RightLineColor="green" BottomLineVisible="false" BottomLineKind="Dash" BottomLineColor="green" DecimalDigits="0" X="250.793749491373" Y="59.5958366711934" Width="7.64583740234426" Height="6.5" />
                <Cell BackColor="" TextHAlign="Right" TextVAlign="Center" CellWidth="3.4" OrigWidth="27.3541625976557" OrigHeight="6.5" Text="" FieldKind="Detail" LeftLineVisible="false" LeftLineKind="Dash" LeftLineColor="green" TopLineVisible="false" TopLineColor="black" RightLineVisible="false" RightLineKind="Dash" RightLineColor="green" BottomLineVisible="false" BottomLineKind="Dash" BottomLineColor="green" TextFormat="AccountFormat" DecimalDigits="0" X="258.439586893717" Y="59.5958366711934" Width="27.3541625976557" Height="6.5" />
              </Cells>
            </Row>
            <Row IsDashRow="true" X="18.7937494913737" Y="66.0958366711934" Width="266.999999999999" Height="6.5" TextVAlign="Center">
              <Cells>
                <Cell BackColor="" TextHAlign="Center" TextVAlign="Center" CellWidth="3.4" OrigWidth="4.47083296775818" OrigHeight="6.5" Text="" FieldKind="Detail" LeftLineVisible="false" LeftLineKind="Dash" LeftLineColor="green" TopLineVisible="false" TopLineKind="Dash" TopLineColor="green" RightLineVisible="false" RightLineKind="Dash" RightLineColor="green" BottomLineVisible="false" BottomLineKind="Dash" BottomLineColor="green" DecimalDigits="0" X="18.7937494913737" Y="66.0958366711934" Width="4.47083296775818" Height="6.5" />
                <Cell BackColor="" TextHAlign="Right" TextVAlign="Center" CellWidth="3.4" OrigWidth="4.99999963442484" OrigHeight="6.5" Text="" FieldKind="Detail" LeftLineVisible="false" LeftLineKind="Dash" LeftLineColor="green" TopLineVisible="false" TopLineKind="Dash" TopLineColor="green" RightLineVisible="false" RightLineKind="Dash" RightLineColor="green" BottomLineVisible="false" BottomLineKind="Dash" BottomLineColor="green" DecimalDigits="0" X="23.2645824591319" Y="66.0958366711934" Width="4.99999963442484" Height="6.5" />
                <Cell BackColor="" TextVAlign="Center" CellWidth="3.4" OrigWidth="32.4083294868469" OrigHeight="6.5" Text="" FieldKind="Detail" LeftLineVisible="false" LeftLineKind="Dash" LeftLineColor="green" TopLineVisible="false" TopLineKind="Dash" TopLineColor="green" RightLineVisible="false" RightLineKind="Dash" RightLineColor="green" BottomLineVisible="false" BottomLineKind="Dash" BottomLineColor="green" DecimalDigits="0" X="28.2645820935567" Y="66.0958366711934" Width="32.4083294868469" Height="6.5" />
                <Cell BackColor="" TextVAlign="Center" CellWidth="3.4" OrigWidth="102.075003306071" OrigHeight="6.5" Text="" FieldKind="Detail" LeftLineVisible="false" LeftLineKind="Dash" LeftLineColor="green" TopLineVisible="false" TopLineKind="Dash" TopLineColor="green" RightLineVisible="false" RightLineKind="Dash" RightLineColor="green" BottomLineVisible="false" BottomLineKind="Dash" BottomLineColor="green" DecimalDigits="0" X="60.6729115804037" Y="66.0958366711934" Width="102.075003306071" Height="6.5" />
                <Cell BackColor="" TextHAlign="Right" TextVAlign="Center" CellWidth="3.4" OrigWidth="58.0458346048986" OrigHeight="6.5" Text="" FieldKind="Detail" LeftLineVisible="false" LeftLineKind="Dash" LeftLineColor="green" TopLineVisible="false" TopLineKind="Dash" TopLineColor="green" RightLineVisible="false" RightLineKind="Dash" RightLineColor="green" BottomLineVisible="false" BottomLineKind="Dash" BottomLineColor="green" TextFormat="AccountFormat" DecimalDigits="0" X="162.747914886475" Y="66.0958366711934" Width="58.0458346048986" Height="6.5" />
                <Cell BackColor="" TextHAlign="Right" TextVAlign="Center" CellWidth="3.4" OrigWidth="30" OrigHeight="6.5" Text="" FieldKind="Detail" LeftLineVisible="false" LeftLineKind="Dash" LeftLineColor="green" TopLineVisible="false" TopLineKind="Dash" TopLineColor="green" RightLineVisible="false" RightLineKind="Dash" RightLineColor="green" BottomLineVisible="false" BottomLineKind="Dash" BottomLineColor="green" TextFormat="AccountFormat" DecimalDigits="0" X="220.793749491373" Y="66.0958366711934" Width="30" Height="6.5" />
                <Cell BackColor="" TextHAlign="Center" TextVAlign="Center" CellWidth="3.4" OrigWidth="7.64583740234426" OrigHeight="6.5" Text="" FieldKind="Detail" LeftLineVisible="false" LeftLineKind="Dash" LeftLineColor="green" TopLineVisible="false" TopLineKind="Dash" TopLineColor="green" RightLineVisible="false" RightLineKind="Dash" RightLineColor="green" BottomLineVisible="false" BottomLineKind="Dash" BottomLineColor="green" DecimalDigits="0" X="250.793749491373" Y="66.0958366711934" Width="7.64583740234426" Height="6.5" />
                <Cell BackColor="" TextHAlign="Right" TextVAlign="Center" CellWidth="3.4" OrigWidth="27.3541625976557" OrigHeight="6.5" Text="" FieldKind="Detail" LeftLineVisible="false" LeftLineKind="Dash" LeftLineColor="green" TopLineVisible="false" TopLineKind="Dash" TopLineColor="green" RightLineVisible="false" RightLineKind="Dash" RightLineColor="green" BottomLineVisible="false" BottomLineKind="Dash" BottomLineColor="green" TextFormat="AccountFormat" DecimalDigits="0" X="258.439586893717" Y="66.0958366711934" Width="27.3541625976557" Height="6.5" />
              </Cells>
            </Row>
            <Row IsDashRow="true" X="18.7937494913737" Y="72.5958366711934" Width="266.999999999999" Height="6.5" TextVAlign="Center">
              <Cells>
                <Cell BackColor="" TextHAlign="Center" TextVAlign="Center" CellWidth="3.4" OrigWidth="4.47083296775818" OrigHeight="6.5" Text="" FieldKind="Detail" LeftLineVisible="false" LeftLineKind="Dash" LeftLineColor="green" TopLineVisible="false" TopLineKind="Dash" TopLineColor="green" RightLineVisible="false" RightLineKind="Dash" RightLineColor="green" BottomLineVisible="false" BottomLineKind="Dash" BottomLineColor="green" DecimalDigits="0" X="18.7937494913737" Y="72.5958366711934" Width="4.47083296775818" Height="6.5" />
                <Cell BackColor="" TextHAlign="Right" TextVAlign="Center" CellWidth="3.4" OrigWidth="4.99999963442484" OrigHeight="6.5" Text="" FieldKind="Detail" LeftLineVisible="false" LeftLineKind="Dash" LeftLineColor="green" TopLineVisible="false" TopLineKind="Dash" TopLineColor="green" RightLineVisible="false" RightLineKind="Dash" RightLineColor="green" BottomLineVisible="false" BottomLineKind="Dash" BottomLineColor="green" DecimalDigits="0" X="23.2645824591319" Y="72.5958366711934" Width="4.99999963442484" Height="6.5" />
                <Cell BackColor="" TextVAlign="Center" CellWidth="3.4" OrigWidth="32.4083294868469" OrigHeight="6.5" Text="" FieldKind="Detail" LeftLineVisible="false" LeftLineKind="Dash" LeftLineColor="green" TopLineVisible="false" TopLineKind="Dash" TopLineColor="green" RightLineVisible="false" RightLineKind="Dash" RightLineColor="green" BottomLineVisible="false" BottomLineKind="Dash" BottomLineColor="green" DecimalDigits="0" X="28.2645820935567" Y="72.5958366711934" Width="32.4083294868469" Height="6.5" />
                <Cell BackColor="" TextVAlign="Center" CellWidth="3.4" OrigWidth="102.075003306071" OrigHeight="6.5" Text="" FieldKind="Detail" LeftLineVisible="false" LeftLineKind="Dash" LeftLineColor="green" TopLineVisible="false" TopLineKind="Dash" TopLineColor="green" RightLineVisible="false" RightLineKind="Dash" RightLineColor="green" BottomLineVisible="false" BottomLineKind="Dash" BottomLineColor="green" DecimalDigits="0" X="60.6729115804037" Y="72.5958366711934" Width="102.075003306071" Height="6.5" />
                <Cell BackColor="" TextHAlign="Right" TextVAlign="Center" CellWidth="3.4" OrigWidth="58.0458346048986" OrigHeight="6.5" Text="" FieldKind="Detail" LeftLineVisible="false" LeftLineKind="Dash" LeftLineColor="green" TopLineVisible="false" TopLineKind="Dash" TopLineColor="green" RightLineVisible="false" RightLineKind="Dash" RightLineColor="green" BottomLineVisible="false" BottomLineKind="Dash" BottomLineColor="green" TextFormat="AccountFormat" DecimalDigits="0" X="162.747914886475" Y="72.5958366711934" Width="58.0458346048986" Height="6.5" />
                <Cell BackColor="" TextHAlign="Right" TextVAlign="Center" CellWidth="3.4" OrigWidth="30" OrigHeight="6.5" Text="" FieldKind="Detail" LeftLineVisible="false" LeftLineKind="Dash" LeftLineColor="green" TopLineVisible="false" TopLineKind="Dash" TopLineColor="green" RightLineVisible="false" RightLineKind="Dash" RightLineColor="green" BottomLineVisible="false" BottomLineKind="Dash" BottomLineColor="green" TextFormat="AccountFormat" DecimalDigits="0" X="220.793749491373" Y="72.5958366711934" Width="30" Height="6.5" />
                <Cell BackColor="" TextHAlign="Center" TextVAlign="Center" CellWidth="3.4" OrigWidth="7.64583740234426" OrigHeight="6.5" Text="" FieldKind="Detail" LeftLineVisible="false" LeftLineKind="Dash" LeftLineColor="green" TopLineVisible="false" TopLineKind="Dash" TopLineColor="green" RightLineVisible="false" RightLineKind="Dash" RightLineColor="green" BottomLineVisible="false" BottomLineKind="Dash" BottomLineColor="green" DecimalDigits="0" X="250.793749491373" Y="72.5958366711934" Width="7.64583740234426" Height="6.5" />
                <Cell BackColor="" TextHAlign="Right" TextVAlign="Center" CellWidth="3.4" OrigWidth="27.3541625976557" OrigHeight="6.5" Text="" FieldKind="Detail" LeftLineVisible="false" LeftLineKind="Dash" LeftLineColor="green" TopLineVisible="false" TopLineKind="Dash" TopLineColor="green" RightLineVisible="false" RightLineKind="Dash" RightLineColor="green" BottomLineVisible="false" BottomLineKind="Dash" BottomLineColor="green" TextFormat="AccountFormat" DecimalDigits="0" X="258.439586893717" Y="72.5958366711934" Width="27.3541625976557" Height="6.5" />
              </Cells>
            </Row>
            <Row IsDashRow="true" X="18.7937494913737" Y="79.0958366711934" Width="266.999999999999" Height="6.5" TextVAlign="Center">
              <Cells>
                <Cell BackColor="" TextHAlign="Center" TextVAlign="Center" CellWidth="3.4" OrigWidth="4.47083296775818" OrigHeight="6.5" Text="" FieldKind="Detail" LeftLineVisible="false" LeftLineKind="Dash" LeftLineColor="green" TopLineVisible="false" TopLineKind="Dash" TopLineColor="green" RightLineVisible="false" RightLineKind="Dash" RightLineColor="green" BottomLineVisible="false" BottomLineKind="Dash" BottomLineColor="green" DecimalDigits="0" X="18.7937494913737" Y="79.0958366711934" Width="4.47083296775818" Height="6.5" />
                <Cell BackColor="" TextHAlign="Right" TextVAlign="Center" CellWidth="3.4" OrigWidth="4.99999963442484" OrigHeight="6.5" Text="" FieldKind="Detail" LeftLineVisible="false" LeftLineKind="Dash" LeftLineColor="green" TopLineVisible="false" TopLineKind="Dash" TopLineColor="green" RightLineVisible="false" RightLineKind="Dash" RightLineColor="green" BottomLineVisible="false" BottomLineKind="Dash" BottomLineColor="green" DecimalDigits="0" X="23.2645824591319" Y="79.0958366711934" Width="4.99999963442484" Height="6.5" />
                <Cell BackColor="" TextVAlign="Center" CellWidth="3.4" OrigWidth="32.4083294868469" OrigHeight="6.5" Text="" FieldKind="Detail" LeftLineVisible="false" LeftLineKind="Dash" LeftLineColor="green" TopLineVisible="false" TopLineKind="Dash" TopLineColor="green" RightLineVisible="false" RightLineKind="Dash" RightLineColor="green" BottomLineVisible="false" BottomLineKind="Dash" BottomLineColor="green" DecimalDigits="0" X="28.2645820935567" Y="79.0958366711934" Width="32.4083294868469" Height="6.5" />
                <Cell BackColor="" TextVAlign="Center" CellWidth="3.4" OrigWidth="102.075003306071" OrigHeight="6.5" Text="" FieldKind="Detail" LeftLineVisible="false" LeftLineKind="Dash" LeftLineColor="green" TopLineVisible="false" TopLineKind="Dash" TopLineColor="green" RightLineVisible="false" RightLineKind="Dash" RightLineColor="green" BottomLineVisible="false" BottomLineKind="Dash" BottomLineColor="green" DecimalDigits="0" X="60.6729115804037" Y="79.0958366711934" Width="102.075003306071" Height="6.5" />
                <Cell BackColor="" TextHAlign="Right" TextVAlign="Center" CellWidth="3.4" OrigWidth="58.0458346048986" OrigHeight="6.5" Text="" FieldKind="Detail" LeftLineVisible="false" LeftLineKind="Dash" LeftLineColor="green" TopLineVisible="false" TopLineKind="Dash" TopLineColor="green" RightLineVisible="false" RightLineKind="Dash" RightLineColor="green" BottomLineVisible="false" BottomLineKind="Dash" BottomLineColor="green" TextFormat="AccountFormat" DecimalDigits="0" X="162.747914886475" Y="79.0958366711934" Width="58.0458346048986" Height="6.5" />
                <Cell BackColor="" TextHAlign="Right" TextVAlign="Center" CellWidth="3.4" OrigWidth="30" OrigHeight="6.5" Text="" FieldKind="Detail" LeftLineVisible="false" LeftLineKind="Dash" LeftLineColor="green" TopLineVisible="false" TopLineKind="Dash" TopLineColor="green" RightLineVisible="false" RightLineKind="Dash" RightLineColor="green" BottomLineVisible="false" BottomLineKind="Dash" BottomLineColor="green" TextFormat="AccountFormat" DecimalDigits="0" X="220.793749491373" Y="79.0958366711934" Width="30" Height="6.5" />
                <Cell BackColor="" TextHAlign="Center" TextVAlign="Center" CellWidth="3.4" OrigWidth="7.64583740234426" OrigHeight="6.5" Text="" FieldKind="Detail" LeftLineVisible="false" LeftLineKind="Dash" LeftLineColor="green" TopLineVisible="false" TopLineKind="Dash" TopLineColor="green" RightLineVisible="false" RightLineKind="Dash" RightLineColor="green" BottomLineVisible="false" BottomLineKind="Dash" BottomLineColor="green" DecimalDigits="0" X="250.793749491373" Y="79.0958366711934" Width="7.64583740234426" Height="6.5" />
                <Cell BackColor="" TextHAlign="Right" TextVAlign="Center" CellWidth="3.4" OrigWidth="27.3541625976557" OrigHeight="6.5" Text="" FieldKind="Detail" LeftLineVisible="false" LeftLineKind="Dash" LeftLineColor="green" TopLineVisible="false" TopLineKind="Dash" TopLineColor="green" RightLineVisible="false" RightLineKind="Dash" RightLineColor="green" BottomLineVisible="false" BottomLineKind="Dash" BottomLineColor="green" TextFormat="AccountFormat" DecimalDigits="0" X="258.439586893717" Y="79.0958366711934" Width="27.3541625976557" Height="6.5" />
              </Cells>
            </Row>
            <Row IsDashRow="true" X="18.7937494913737" Y="85.5958366711934" Width="266.999999999999" Height="6.5" TextVAlign="Center">
              <Cells>
                <Cell BackColor="" TextHAlign="Center" TextVAlign="Center" CellWidth="3.4" OrigWidth="4.47083296775818" OrigHeight="6.5" Text="" FieldKind="Detail" LeftLineVisible="false" LeftLineKind="Dash" LeftLineColor="green" TopLineVisible="false" TopLineKind="Dash" TopLineColor="green" RightLineVisible="false" RightLineKind="Dash" RightLineColor="green" BottomLineVisible="false" BottomLineKind="Dash" BottomLineColor="green" DecimalDigits="0" X="18.7937494913737" Y="85.5958366711934" Width="4.47083296775818" Height="6.5" />
                <Cell BackColor="" TextHAlign="Right" TextVAlign="Center" CellWidth="3.4" OrigWidth="4.99999963442484" OrigHeight="6.5" Text="" FieldKind="Detail" LeftLineVisible="false" LeftLineKind="Dash" LeftLineColor="green" TopLineVisible="false" TopLineKind="Dash" TopLineColor="green" RightLineVisible="false" RightLineKind="Dash" RightLineColor="green" BottomLineVisible="false" BottomLineKind="Dash" BottomLineColor="green" DecimalDigits="0" X="23.2645824591319" Y="85.5958366711934" Width="4.99999963442484" Height="6.5" />
                <Cell BackColor="" TextVAlign="Center" CellWidth="3.4" OrigWidth="32.4083294868469" OrigHeight="6.5" Text="" FieldKind="Detail" LeftLineVisible="false" LeftLineKind="Dash" LeftLineColor="green" TopLineVisible="false" TopLineKind="Dash" TopLineColor="green" RightLineVisible="false" RightLineKind="Dash" RightLineColor="green" BottomLineVisible="false" BottomLineKind="Dash" BottomLineColor="green" DecimalDigits="0" X="28.2645820935567" Y="85.5958366711934" Width="32.4083294868469" Height="6.5" />
                <Cell BackColor="" TextVAlign="Center" CellWidth="3.4" OrigWidth="102.075003306071" OrigHeight="6.5" Text="" FieldKind="Detail" LeftLineVisible="false" LeftLineKind="Dash" LeftLineColor="green" TopLineVisible="false" TopLineKind="Dash" TopLineColor="green" RightLineVisible="false" RightLineKind="Dash" RightLineColor="green" BottomLineVisible="false" BottomLineKind="Dash" BottomLineColor="green" DecimalDigits="0" X="60.6729115804037" Y="85.5958366711934" Width="102.075003306071" Height="6.5" />
                <Cell BackColor="" TextHAlign="Right" TextVAlign="Center" CellWidth="3.4" OrigWidth="58.0458346048986" OrigHeight="6.5" Text="" FieldKind="Detail" LeftLineVisible="false" LeftLineKind="Dash" LeftLineColor="green" TopLineVisible="false" TopLineKind="Dash" TopLineColor="green" RightLineVisible="false" RightLineKind="Dash" RightLineColor="green" BottomLineVisible="false" BottomLineKind="Dash" BottomLineColor="green" TextFormat="AccountFormat" DecimalDigits="0" X="162.747914886475" Y="85.5958366711934" Width="58.0458346048986" Height="6.5" />
                <Cell BackColor="" TextHAlign="Right" TextVAlign="Center" CellWidth="3.4" OrigWidth="30" OrigHeight="6.5" Text="" FieldKind="Detail" LeftLineVisible="false" LeftLineKind="Dash" LeftLineColor="green" TopLineVisible="false" TopLineKind="Dash" TopLineColor="green" RightLineVisible="false" RightLineKind="Dash" RightLineColor="green" BottomLineVisible="false" BottomLineKind="Dash" BottomLineColor="green" TextFormat="AccountFormat" DecimalDigits="0" X="220.793749491373" Y="85.5958366711934" Width="30" Height="6.5" />
                <Cell BackColor="" TextHAlign="Center" TextVAlign="Center" CellWidth="3.4" OrigWidth="7.64583740234426" OrigHeight="6.5" Text="" FieldKind="Detail" LeftLineVisible="false" LeftLineKind="Dash" LeftLineColor="green" TopLineVisible="false" TopLineKind="Dash" TopLineColor="green" RightLineVisible="false" RightLineKind="Dash" RightLineColor="green" BottomLineVisible="false" BottomLineKind="Dash" BottomLineColor="green" DecimalDigits="0" X="250.793749491373" Y="85.5958366711934" Width="7.64583740234426" Height="6.5" />
                <Cell BackColor="" TextHAlign="Right" TextVAlign="Center" CellWidth="3.4" OrigWidth="27.3541625976557" OrigHeight="6.5" Text="" FieldKind="Detail" LeftLineVisible="false" LeftLineKind="Dash" LeftLineColor="green" TopLineVisible="false" TopLineKind="Dash" TopLineColor="green" RightLineVisible="false" RightLineKind="Dash" RightLineColor="green" BottomLineVisible="false" BottomLineKind="Dash" BottomLineColor="green" TextFormat="AccountFormat" DecimalDigits="0" X="258.439586893717" Y="85.5958366711934" Width="27.3541625976557" Height="6.5" />
              </Cells>
            </Row>
            <Row IsDashRow="true" X="18.7937494913737" Y="92.0958366711934" Width="266.999999999999" Height="6.5" TextVAlign="Center">
              <Cells>
                <Cell BackColor="" TextHAlign="Center" TextVAlign="Center" CellWidth="3.4" OrigWidth="4.47083296775818" OrigHeight="6.5" Text="" FieldKind="Detail" LeftLineVisible="false" LeftLineKind="Dash" LeftLineColor="green" TopLineVisible="false" TopLineKind="Dash" TopLineColor="green" RightLineVisible="false" RightLineKind="Dash" RightLineColor="green" BottomLineVisible="false" BottomLineKind="Dash" BottomLineColor="green" DecimalDigits="0" X="18.7937494913737" Y="92.0958366711934" Width="4.47083296775818" Height="6.5" />
                <Cell BackColor="" TextHAlign="Right" TextVAlign="Center" CellWidth="3.4" OrigWidth="4.99999963442484" OrigHeight="6.5" Text="" FieldKind="Detail" LeftLineVisible="false" LeftLineKind="Dash" LeftLineColor="green" TopLineVisible="false" TopLineKind="Dash" TopLineColor="green" RightLineVisible="false" RightLineKind="Dash" RightLineColor="green" BottomLineVisible="false" BottomLineKind="Dash" BottomLineColor="green" DecimalDigits="0" X="23.2645824591319" Y="92.0958366711934" Width="4.99999963442484" Height="6.5" />
                <Cell BackColor="" TextVAlign="Center" CellWidth="3.4" OrigWidth="32.4083294868469" OrigHeight="6.5" Text="" FieldKind="Detail" LeftLineVisible="false" LeftLineKind="Dash" LeftLineColor="green" TopLineVisible="false" TopLineKind="Dash" TopLineColor="green" RightLineVisible="false" RightLineKind="Dash" RightLineColor="green" BottomLineVisible="false" BottomLineKind="Dash" BottomLineColor="green" DecimalDigits="0" X="28.2645820935567" Y="92.0958366711934" Width="32.4083294868469" Height="6.5" />
                <Cell BackColor="" TextVAlign="Center" CellWidth="3.4" OrigWidth="102.075003306071" OrigHeight="6.5" Text="" FieldKind="Detail" LeftLineVisible="false" LeftLineKind="Dash" LeftLineColor="green" TopLineVisible="false" TopLineKind="Dash" TopLineColor="green" RightLineVisible="false" RightLineKind="Dash" RightLineColor="green" BottomLineVisible="false" BottomLineKind="Dash" BottomLineColor="green" DecimalDigits="0" X="60.6729115804037" Y="92.0958366711934" Width="102.075003306071" Height="6.5" />
                <Cell BackColor="" TextHAlign="Right" TextVAlign="Center" CellWidth="3.4" OrigWidth="58.0458346048986" OrigHeight="6.5" Text="" FieldKind="Detail" LeftLineVisible="false" LeftLineKind="Dash" LeftLineColor="green" TopLineVisible="false" TopLineKind="Dash" TopLineColor="green" RightLineVisible="false" RightLineKind="Dash" RightLineColor="green" BottomLineVisible="false" BottomLineKind="Dash" BottomLineColor="green" TextFormat="AccountFormat" DecimalDigits="0" X="162.747914886475" Y="92.0958366711934" Width="58.0458346048986" Height="6.5" />
                <Cell BackColor="" TextHAlign="Right" TextVAlign="Center" CellWidth="3.4" OrigWidth="30" OrigHeight="6.5" Text="" FieldKind="Detail" LeftLineVisible="false" LeftLineKind="Dash" LeftLineColor="green" TopLineVisible="false" TopLineKind="Dash" TopLineColor="green" RightLineVisible="false" RightLineKind="Dash" RightLineColor="green" BottomLineVisible="false" BottomLineKind="Dash" BottomLineColor="green" TextFormat="AccountFormat" DecimalDigits="0" X="220.793749491373" Y="92.0958366711934" Width="30" Height="6.5" />
                <Cell BackColor="" TextHAlign="Center" TextVAlign="Center" CellWidth="3.4" OrigWidth="7.64583740234426" OrigHeight="6.5" Text="" FieldKind="Detail" LeftLineVisible="false" LeftLineKind="Dash" LeftLineColor="green" TopLineVisible="false" TopLineKind="Dash" TopLineColor="green" RightLineVisible="false" RightLineKind="Dash" RightLineColor="green" BottomLineVisible="false" BottomLineKind="Dash" BottomLineColor="green" DecimalDigits="0" X="250.793749491373" Y="92.0958366711934" Width="7.64583740234426" Height="6.5" />
                <Cell BackColor="" TextHAlign="Right" TextVAlign="Center" CellWidth="3.4" OrigWidth="27.3541625976557" OrigHeight="6.5" Text="" FieldKind="Detail" LeftLineVisible="false" LeftLineKind="Dash" LeftLineColor="green" TopLineVisible="false" TopLineKind="Dash" TopLineColor="green" RightLineVisible="false" RightLineKind="Dash" RightLineColor="green" BottomLineVisible="false" BottomLineKind="Dash" BottomLineColor="green" TextFormat="AccountFormat" DecimalDigits="0" X="258.439586893717" Y="92.0958366711934" Width="27.3541625976557" Height="6.5" />
              </Cells>
            </Row>
            <Row IsDashRow="true" X="18.7937494913737" Y="98.5958366711934" Width="266.999999999999" Height="6.5" TextVAlign="Center">
              <Cells>
                <Cell BackColor="" TextHAlign="Center" TextVAlign="Center" CellWidth="3.4" OrigWidth="4.47083296775818" OrigHeight="6.5" Text="" FieldKind="Detail" LeftLineVisible="false" LeftLineKind="Dash" LeftLineColor="green" TopLineVisible="false" TopLineKind="Dash" TopLineColor="green" RightLineVisible="false" RightLineKind="Dash" RightLineColor="green" BottomLineVisible="false" BottomLineKind="Dash" BottomLineColor="green" DecimalDigits="0" X="18.7937494913737" Y="98.5958366711934" Width="4.47083296775818" Height="6.5" />
                <Cell BackColor="" TextHAlign="Right" TextVAlign="Center" CellWidth="3.4" OrigWidth="4.99999963442484" OrigHeight="6.5" Text="" FieldKind="Detail" LeftLineVisible="false" LeftLineKind="Dash" LeftLineColor="green" TopLineVisible="false" TopLineKind="Dash" TopLineColor="green" RightLineVisible="false" RightLineKind="Dash" RightLineColor="green" BottomLineVisible="false" BottomLineKind="Dash" BottomLineColor="green" DecimalDigits="0" X="23.2645824591319" Y="98.5958366711934" Width="4.99999963442484" Height="6.5" />
                <Cell BackColor="" TextVAlign="Center" CellWidth="3.4" OrigWidth="32.4083294868469" OrigHeight="6.5" Text="" FieldKind="Detail" LeftLineVisible="false" LeftLineKind="Dash" LeftLineColor="green" TopLineVisible="false" TopLineKind="Dash" TopLineColor="green" RightLineVisible="false" RightLineKind="Dash" RightLineColor="green" BottomLineVisible="false" BottomLineKind="Dash" BottomLineColor="green" DecimalDigits="0" X="28.2645820935567" Y="98.5958366711934" Width="32.4083294868469" Height="6.5" />
                <Cell BackColor="" TextVAlign="Center" CellWidth="3.4" OrigWidth="102.075003306071" OrigHeight="6.5" Text="" FieldKind="Detail" LeftLineVisible="false" LeftLineKind="Dash" LeftLineColor="green" TopLineVisible="false" TopLineKind="Dash" TopLineColor="green" RightLineVisible="false" RightLineKind="Dash" RightLineColor="green" BottomLineVisible="false" BottomLineKind="Dash" BottomLineColor="green" DecimalDigits="0" X="60.6729115804037" Y="98.5958366711934" Width="102.075003306071" Height="6.5" />
                <Cell BackColor="" TextHAlign="Right" TextVAlign="Center" CellWidth="3.4" OrigWidth="58.0458346048986" OrigHeight="6.5" Text="" FieldKind="Detail" LeftLineVisible="false" LeftLineKind="Dash" LeftLineColor="green" TopLineVisible="false" TopLineKind="Dash" TopLineColor="green" RightLineVisible="false" RightLineKind="Dash" RightLineColor="green" BottomLineVisible="false" BottomLineKind="Dash" BottomLineColor="green" TextFormat="AccountFormat" DecimalDigits="0" X="162.747914886475" Y="98.5958366711934" Width="58.0458346048986" Height="6.5" />
                <Cell BackColor="" TextHAlign="Right" TextVAlign="Center" CellWidth="3.4" OrigWidth="30" OrigHeight="6.5" Text="" FieldKind="Detail" LeftLineVisible="false" LeftLineKind="Dash" LeftLineColor="green" TopLineVisible="false" TopLineKind="Dash" TopLineColor="green" RightLineVisible="false" RightLineKind="Dash" RightLineColor="green" BottomLineVisible="false" BottomLineKind="Dash" BottomLineColor="green" TextFormat="AccountFormat" DecimalDigits="0" X="220.793749491373" Y="98.5958366711934" Width="30" Height="6.5" />
                <Cell BackColor="" TextHAlign="Center" TextVAlign="Center" CellWidth="3.4" OrigWidth="7.64583740234426" OrigHeight="6.5" Text="" FieldKind="Detail" LeftLineVisible="false" LeftLineKind="Dash" LeftLineColor="green" TopLineVisible="false" TopLineKind="Dash" TopLineColor="green" RightLineVisible="false" RightLineKind="Dash" RightLineColor="green" BottomLineVisible="false" BottomLineKind="Dash" BottomLineColor="green" DecimalDigits="0" X="250.793749491373" Y="98.5958366711934" Width="7.64583740234426" Height="6.5" />
                <Cell BackColor="" TextHAlign="Right" TextVAlign="Center" CellWidth="3.4" OrigWidth="27.3541625976557" OrigHeight="6.5" Text="" FieldKind="Detail" LeftLineVisible="false" LeftLineKind="Dash" LeftLineColor="green" TopLineVisible="false" TopLineKind="Dash" TopLineColor="green" RightLineVisible="false" RightLineKind="Dash" RightLineColor="green" BottomLineVisible="false" BottomLineKind="Dash" BottomLineColor="green" TextFormat="AccountFormat" DecimalDigits="0" X="258.439586893717" Y="98.5958366711934" Width="27.3541625976557" Height="6.5" />
              </Cells>
            </Row>
            <Row IsDashRow="true" X="18.7937494913737" Y="105.095836671193" Width="266.999999999999" Height="6.5" TextVAlign="Center">
              <Cells>
                <Cell BackColor="" TextHAlign="Center" TextVAlign="Center" CellWidth="3.4" OrigWidth="4.47083296775818" OrigHeight="6.5" Text="" FieldKind="Detail" LeftLineVisible="false" LeftLineKind="Dash" LeftLineColor="green" TopLineVisible="false" TopLineKind="Dash" TopLineColor="green" RightLineVisible="false" RightLineKind="Dash" RightLineColor="green" BottomLineVisible="false" BottomLineKind="Dash" BottomLineColor="green" DecimalDigits="0" X="18.7937494913737" Y="105.095836671193" Width="4.47083296775818" Height="6.5" />
                <Cell BackColor="" TextHAlign="Right" TextVAlign="Center" CellWidth="3.4" OrigWidth="4.99999963442484" OrigHeight="6.5" Text="" FieldKind="Detail" LeftLineVisible="false" LeftLineKind="Dash" LeftLineColor="green" TopLineVisible="false" TopLineKind="Dash" TopLineColor="green" RightLineVisible="false" RightLineKind="Dash" RightLineColor="green" BottomLineVisible="false" BottomLineKind="Dash" BottomLineColor="green" DecimalDigits="0" X="23.2645824591319" Y="105.095836671193" Width="4.99999963442484" Height="6.5" />
                <Cell BackColor="" TextVAlign="Center" CellWidth="3.4" OrigWidth="32.4083294868469" OrigHeight="6.5" Text="" FieldKind="Detail" LeftLineVisible="false" LeftLineKind="Dash" LeftLineColor="green" TopLineVisible="false" TopLineKind="Dash" TopLineColor="green" RightLineVisible="false" RightLineKind="Dash" RightLineColor="green" BottomLineVisible="false" BottomLineKind="Dash" BottomLineColor="green" DecimalDigits="0" X="28.2645820935567" Y="105.095836671193" Width="32.4083294868469" Height="6.5" />
                <Cell BackColor="" TextVAlign="Center" CellWidth="3.4" OrigWidth="102.075003306071" OrigHeight="6.5" Text="" FieldKind="Detail" LeftLineVisible="false" LeftLineKind="Dash" LeftLineColor="green" TopLineVisible="false" TopLineKind="Dash" TopLineColor="green" RightLineVisible="false" RightLineKind="Dash" RightLineColor="green" BottomLineVisible="false" BottomLineKind="Dash" BottomLineColor="green" DecimalDigits="0" X="60.6729115804037" Y="105.095836671193" Width="102.075003306071" Height="6.5" />
                <Cell BackColor="" TextHAlign="Right" TextVAlign="Center" CellWidth="3.4" OrigWidth="58.0458346048986" OrigHeight="6.5" Text="" FieldKind="Detail" LeftLineVisible="false" LeftLineKind="Dash" LeftLineColor="green" TopLineVisible="false" TopLineKind="Dash" TopLineColor="green" RightLineVisible="false" RightLineKind="Dash" RightLineColor="green" BottomLineVisible="false" BottomLineKind="Dash" BottomLineColor="green" TextFormat="AccountFormat" DecimalDigits="0" X="162.747914886475" Y="105.095836671193" Width="58.0458346048986" Height="6.5" />
                <Cell BackColor="" TextHAlign="Right" TextVAlign="Center" CellWidth="3.4" OrigWidth="30" OrigHeight="6.5" Text="" FieldKind="Detail" LeftLineVisible="false" LeftLineKind="Dash" LeftLineColor="green" TopLineVisible="false" TopLineKind="Dash" TopLineColor="green" RightLineVisible="false" RightLineKind="Dash" RightLineColor="green" BottomLineVisible="false" BottomLineKind="Dash" BottomLineColor="green" TextFormat="AccountFormat" DecimalDigits="0" X="220.793749491373" Y="105.095836671193" Width="30" Height="6.5" />
                <Cell BackColor="" TextHAlign="Center" TextVAlign="Center" CellWidth="3.4" OrigWidth="7.64583740234426" OrigHeight="6.5" Text="" FieldKind="Detail" LeftLineVisible="false" LeftLineKind="Dash" LeftLineColor="green" TopLineVisible="false" TopLineKind="Dash" TopLineColor="green" RightLineVisible="false" RightLineKind="Dash" RightLineColor="green" BottomLineVisible="false" BottomLineKind="Dash" BottomLineColor="green" DecimalDigits="0" X="250.793749491373" Y="105.095836671193" Width="7.64583740234426" Height="6.5" />
                <Cell BackColor="" TextHAlign="Right" TextVAlign="Center" CellWidth="3.4" OrigWidth="27.3541625976557" OrigHeight="6.5" Text="" FieldKind="Detail" LeftLineVisible="false" LeftLineKind="Dash" LeftLineColor="green" TopLineVisible="false" TopLineKind="Dash" TopLineColor="green" RightLineVisible="false" RightLineKind="Dash" RightLineColor="green" BottomLineVisible="false" BottomLineKind="Dash" BottomLineColor="green" TextFormat="AccountFormat" DecimalDigits="0" X="258.439586893717" Y="105.095836671193" Width="27.3541625976557" Height="6.5" />
              </Cells>
            </Row>
            <Row IsDashRow="true" X="18.7937494913737" Y="111.595836671193" Width="266.999999999999" Height="6.5" TextVAlign="Center">
              <Cells>
                <Cell BackColor="" TextHAlign="Center" TextVAlign="Center" CellWidth="3.4" OrigWidth="4.47083296775818" OrigHeight="6.5" Text="" FieldKind="Detail" LeftLineVisible="false" LeftLineKind="Dash" LeftLineColor="green" TopLineVisible="false" TopLineKind="Dash" TopLineColor="green" RightLineVisible="false" RightLineKind="Dash" RightLineColor="green" BottomLineVisible="false" BottomLineKind="Dash" BottomLineColor="green" DecimalDigits="0" X="18.7937494913737" Y="111.595836671193" Width="4.47083296775818" Height="6.5" />
                <Cell BackColor="" TextHAlign="Right" TextVAlign="Center" CellWidth="3.4" OrigWidth="4.99999963442484" OrigHeight="6.5" Text="" FieldKind="Detail" LeftLineVisible="false" LeftLineKind="Dash" LeftLineColor="green" TopLineVisible="false" TopLineKind="Dash" TopLineColor="green" RightLineVisible="false" RightLineKind="Dash" RightLineColor="green" BottomLineVisible="false" BottomLineKind="Dash" BottomLineColor="green" DecimalDigits="0" X="23.2645824591319" Y="111.595836671193" Width="4.99999963442484" Height="6.5" />
                <Cell BackColor="" TextVAlign="Center" CellWidth="3.4" OrigWidth="32.4083294868469" OrigHeight="6.5" Text="" FieldKind="Detail" LeftLineVisible="false" LeftLineKind="Dash" LeftLineColor="green" TopLineVisible="false" TopLineKind="Dash" TopLineColor="green" RightLineVisible="false" RightLineKind="Dash" RightLineColor="green" BottomLineVisible="false" BottomLineKind="Dash" BottomLineColor="green" DecimalDigits="0" X="28.2645820935567" Y="111.595836671193" Width="32.4083294868469" Height="6.5" />
                <Cell BackColor="" TextVAlign="Center" CellWidth="3.4" OrigWidth="102.075003306071" OrigHeight="6.5" Text="" FieldKind="Detail" LeftLineVisible="false" LeftLineKind="Dash" LeftLineColor="green" TopLineVisible="false" TopLineKind="Dash" TopLineColor="green" RightLineVisible="false" RightLineKind="Dash" RightLineColor="green" BottomLineVisible="false" BottomLineKind="Dash" BottomLineColor="green" DecimalDigits="0" X="60.6729115804037" Y="111.595836671193" Width="102.075003306071" Height="6.5" />
                <Cell BackColor="" TextHAlign="Right" TextVAlign="Center" CellWidth="3.4" OrigWidth="58.0458346048986" OrigHeight="6.5" Text="" FieldKind="Detail" LeftLineVisible="false" LeftLineKind="Dash" LeftLineColor="green" TopLineVisible="false" TopLineKind="Dash" TopLineColor="green" RightLineVisible="false" RightLineKind="Dash" RightLineColor="green" BottomLineVisible="false" BottomLineKind="Dash" BottomLineColor="green" TextFormat="AccountFormat" DecimalDigits="0" X="162.747914886475" Y="111.595836671193" Width="58.0458346048986" Height="6.5" />
                <Cell BackColor="" TextHAlign="Right" TextVAlign="Center" CellWidth="3.4" OrigWidth="30" OrigHeight="6.5" Text="" FieldKind="Detail" LeftLineVisible="false" LeftLineKind="Dash" LeftLineColor="green" TopLineVisible="false" TopLineKind="Dash" TopLineColor="green" RightLineVisible="false" RightLineKind="Dash" RightLineColor="green" BottomLineVisible="false" BottomLineKind="Dash" BottomLineColor="green" TextFormat="AccountFormat" DecimalDigits="0" X="220.793749491373" Y="111.595836671193" Width="30" Height="6.5" />
                <Cell BackColor="" TextHAlign="Center" TextVAlign="Center" CellWidth="3.4" OrigWidth="7.64583740234426" OrigHeight="6.5" Text="" FieldKind="Detail" LeftLineVisible="false" LeftLineKind="Dash" LeftLineColor="green" TopLineVisible="false" TopLineKind="Dash" TopLineColor="green" RightLineVisible="false" RightLineKind="Dash" RightLineColor="green" BottomLineVisible="false" BottomLineKind="Dash" BottomLineColor="green" DecimalDigits="0" X="250.793749491373" Y="111.595836671193" Width="7.64583740234426" Height="6.5" />
                <Cell BackColor="" TextHAlign="Right" TextVAlign="Center" CellWidth="3.4" OrigWidth="27.3541625976557" OrigHeight="6.5" Text="" FieldKind="Detail" LeftLineVisible="false" LeftLineKind="Dash" LeftLineColor="green" TopLineVisible="false" TopLineKind="Dash" TopLineColor="green" RightLineVisible="false" RightLineKind="Dash" RightLineColor="green" BottomLineVisible="false" BottomLineKind="Dash" BottomLineColor="green" TextFormat="AccountFormat" DecimalDigits="0" X="258.439586893717" Y="111.595836671193" Width="27.3541625976557" Height="6.5" />
              </Cells>
            </Row>
            <Row IsDashRow="true" X="18.7937494913737" Y="118.095836671193" Width="266.999999999999" Height="6.5" TextVAlign="Center">
              <Cells>
                <Cell BackColor="" TextHAlign="Center" TextVAlign="Center" CellWidth="3.4" OrigWidth="4.47083296775818" OrigHeight="6.5" Text="" FieldKind="Detail" LeftLineVisible="false" LeftLineKind="Dash" LeftLineColor="green" TopLineVisible="false" TopLineKind="Dash" TopLineColor="green" RightLineVisible="false" RightLineKind="Dash" RightLineColor="green" BottomLineVisible="false" BottomLineKind="Dash" BottomLineColor="green" DecimalDigits="0" X="18.7937494913737" Y="118.095836671193" Width="4.47083296775818" Height="6.5" />
                <Cell BackColor="" TextHAlign="Right" TextVAlign="Center" CellWidth="3.4" OrigWidth="4.99999963442484" OrigHeight="6.5" Text="" FieldKind="Detail" LeftLineVisible="false" LeftLineKind="Dash" LeftLineColor="green" TopLineVisible="false" TopLineKind="Dash" TopLineColor="green" RightLineVisible="false" RightLineKind="Dash" RightLineColor="green" BottomLineVisible="false" BottomLineKind="Dash" BottomLineColor="green" DecimalDigits="0" X="23.2645824591319" Y="118.095836671193" Width="4.99999963442484" Height="6.5" />
                <Cell BackColor="" TextVAlign="Center" CellWidth="3.4" OrigWidth="32.4083294868469" OrigHeight="6.5" Text="" FieldKind="Detail" LeftLineVisible="false" LeftLineKind="Dash" LeftLineColor="green" TopLineVisible="false" TopLineKind="Dash" TopLineColor="green" RightLineVisible="false" RightLineKind="Dash" RightLineColor="green" BottomLineVisible="false" BottomLineKind="Dash" BottomLineColor="green" DecimalDigits="0" X="28.2645820935567" Y="118.095836671193" Width="32.4083294868469" Height="6.5" />
                <Cell BackColor="" TextVAlign="Center" CellWidth="3.4" OrigWidth="102.075003306071" OrigHeight="6.5" Text="" FieldKind="Detail" LeftLineVisible="false" LeftLineKind="Dash" LeftLineColor="green" TopLineVisible="false" TopLineKind="Dash" TopLineColor="green" RightLineVisible="false" RightLineKind="Dash" RightLineColor="green" BottomLineVisible="false" BottomLineKind="Dash" BottomLineColor="green" DecimalDigits="0" X="60.6729115804037" Y="118.095836671193" Width="102.075003306071" Height="6.5" />
                <Cell BackColor="" TextHAlign="Right" TextVAlign="Center" CellWidth="3.4" OrigWidth="58.0458346048986" OrigHeight="6.5" Text="" FieldKind="Detail" LeftLineVisible="false" LeftLineKind="Dash" LeftLineColor="green" TopLineVisible="false" TopLineKind="Dash" TopLineColor="green" RightLineVisible="false" RightLineKind="Dash" RightLineColor="green" BottomLineVisible="false" BottomLineKind="Dash" BottomLineColor="green" TextFormat="AccountFormat" DecimalDigits="0" X="162.747914886475" Y="118.095836671193" Width="58.0458346048986" Height="6.5" />
                <Cell BackColor="" TextHAlign="Right" TextVAlign="Center" CellWidth="3.4" OrigWidth="30" OrigHeight="6.5" Text="" FieldKind="Detail" LeftLineVisible="false" LeftLineKind="Dash" LeftLineColor="green" TopLineVisible="false" TopLineKind="Dash" TopLineColor="green" RightLineVisible="false" RightLineKind="Dash" RightLineColor="green" BottomLineVisible="false" BottomLineKind="Dash" BottomLineColor="green" TextFormat="AccountFormat" DecimalDigits="0" X="220.793749491373" Y="118.095836671193" Width="30" Height="6.5" />
                <Cell BackColor="" TextHAlign="Center" TextVAlign="Center" CellWidth="3.4" OrigWidth="7.64583740234426" OrigHeight="6.5" Text="" FieldKind="Detail" LeftLineVisible="false" LeftLineKind="Dash" LeftLineColor="green" TopLineVisible="false" TopLineKind="Dash" TopLineColor="green" RightLineVisible="false" RightLineKind="Dash" RightLineColor="green" BottomLineVisible="false" BottomLineKind="Dash" BottomLineColor="green" DecimalDigits="0" X="250.793749491373" Y="118.095836671193" Width="7.64583740234426" Height="6.5" />
                <Cell BackColor="" TextHAlign="Right" TextVAlign="Center" CellWidth="3.4" OrigWidth="27.3541625976557" OrigHeight="6.5" Text="" FieldKind="Detail" LeftLineVisible="false" LeftLineKind="Dash" LeftLineColor="green" TopLineVisible="false" TopLineKind="Dash" TopLineColor="green" RightLineVisible="false" RightLineKind="Dash" RightLineColor="green" BottomLineVisible="false" BottomLineKind="Dash" BottomLineColor="green" TextFormat="AccountFormat" DecimalDigits="0" X="258.439586893717" Y="118.095836671193" Width="27.3541625976557" Height="6.5" />
              </Cells>
            </Row>
            <Row IsDashRow="true" X="18.7937494913737" Y="124.595836671193" Width="266.999999999999" Height="6.5" TextVAlign="Center">
              <Cells>
                <Cell BackColor="" TextHAlign="Center" TextVAlign="Center" CellWidth="3.4" OrigWidth="4.47083296775818" OrigHeight="6.5" Text="" FieldKind="Detail" LeftLineVisible="false" LeftLineKind="Dash" LeftLineColor="green" TopLineVisible="false" TopLineKind="Dash" TopLineColor="green" RightLineVisible="false" RightLineKind="Dash" RightLineColor="green" BottomLineVisible="false" BottomLineKind="Dash" BottomLineColor="green" DecimalDigits="0" X="18.7937494913737" Y="124.595836671193" Width="4.47083296775818" Height="6.5" />
                <Cell BackColor="" TextHAlign="Right" TextVAlign="Center" CellWidth="3.4" OrigWidth="4.99999963442484" OrigHeight="6.5" Text="" FieldKind="Detail" LeftLineVisible="false" LeftLineKind="Dash" LeftLineColor="green" TopLineVisible="false" TopLineKind="Dash" TopLineColor="green" RightLineVisible="false" RightLineKind="Dash" RightLineColor="green" BottomLineVisible="false" BottomLineKind="Dash" BottomLineColor="green" DecimalDigits="0" X="23.2645824591319" Y="124.595836671193" Width="4.99999963442484" Height="6.5" />
                <Cell BackColor="" TextVAlign="Center" CellWidth="3.4" OrigWidth="32.4083294868469" OrigHeight="6.5" Text="" FieldKind="Detail" LeftLineVisible="false" LeftLineKind="Dash" LeftLineColor="green" TopLineVisible="false" TopLineKind="Dash" TopLineColor="green" RightLineVisible="false" RightLineKind="Dash" RightLineColor="green" BottomLineVisible="false" BottomLineKind="Dash" BottomLineColor="green" DecimalDigits="0" X="28.2645820935567" Y="124.595836671193" Width="32.4083294868469" Height="6.5" />
                <Cell BackColor="" TextVAlign="Center" CellWidth="3.4" OrigWidth="102.075003306071" OrigHeight="6.5" Text="" FieldKind="Detail" LeftLineVisible="false" LeftLineKind="Dash" LeftLineColor="green" TopLineVisible="false" TopLineKind="Dash" TopLineColor="green" RightLineVisible="false" RightLineKind="Dash" RightLineColor="green" BottomLineVisible="false" BottomLineKind="Dash" BottomLineColor="green" DecimalDigits="0" X="60.6729115804037" Y="124.595836671193" Width="102.075003306071" Height="6.5" />
                <Cell BackColor="" TextHAlign="Right" TextVAlign="Center" CellWidth="3.4" OrigWidth="58.0458346048986" OrigHeight="6.5" Text="" FieldKind="Detail" LeftLineVisible="false" LeftLineKind="Dash" LeftLineColor="green" TopLineVisible="false" TopLineKind="Dash" TopLineColor="green" RightLineVisible="false" RightLineKind="Dash" RightLineColor="green" BottomLineVisible="false" BottomLineKind="Dash" BottomLineColor="green" TextFormat="AccountFormat" DecimalDigits="0" X="162.747914886475" Y="124.595836671193" Width="58.0458346048986" Height="6.5" />
                <Cell BackColor="" TextHAlign="Right" TextVAlign="Center" CellWidth="3.4" OrigWidth="30" OrigHeight="6.5" Text="" FieldKind="Detail" LeftLineVisible="false" LeftLineKind="Dash" LeftLineColor="green" TopLineVisible="false" TopLineKind="Dash" TopLineColor="green" RightLineVisible="false" RightLineKind="Dash" RightLineColor="green" BottomLineVisible="false" BottomLineKind="Dash" BottomLineColor="green" TextFormat="AccountFormat" DecimalDigits="0" X="220.793749491373" Y="124.595836671193" Width="30" Height="6.5" />
                <Cell BackColor="" TextHAlign="Center" TextVAlign="Center" CellWidth="3.4" OrigWidth="7.64583740234426" OrigHeight="6.5" Text="" FieldKind="Detail" LeftLineVisible="false" LeftLineKind="Dash" LeftLineColor="green" TopLineVisible="false" TopLineKind="Dash" TopLineColor="green" RightLineVisible="false" RightLineKind="Dash" RightLineColor="green" BottomLineVisible="false" BottomLineKind="Dash" BottomLineColor="green" DecimalDigits="0" X="250.793749491373" Y="124.595836671193" Width="7.64583740234426" Height="6.5" />
                <Cell BackColor="" TextHAlign="Right" TextVAlign="Center" CellWidth="3.4" OrigWidth="27.3541625976557" OrigHeight="6.5" Text="" FieldKind="Detail" LeftLineVisible="false" LeftLineKind="Dash" LeftLineColor="green" TopLineVisible="false" TopLineKind="Dash" TopLineColor="green" RightLineVisible="false" RightLineKind="Dash" RightLineColor="green" BottomLineVisible="false" BottomLineKind="Dash" BottomLineColor="green" TextFormat="AccountFormat" DecimalDigits="0" X="258.439586893717" Y="124.595836671193" Width="27.3541625976557" Height="6.5" />
              </Cells>
            </Row>
            <Row IsDashRow="true" X="18.7937494913737" Y="131.095836671193" Width="266.999999999999" Height="6.5" TextVAlign="Center">
              <Cells>
                <Cell BackColor="" TextHAlign="Center" TextVAlign="Center" CellWidth="3.4" OrigWidth="4.47083296775818" OrigHeight="6.5" Text="" FieldKind="Detail" LeftLineVisible="false" LeftLineKind="Dash" LeftLineColor="green" TopLineVisible="false" TopLineKind="Dash" TopLineColor="green" RightLineVisible="false" RightLineKind="Dash" RightLineColor="green" BottomLineVisible="false" BottomLineKind="Dash" BottomLineColor="green" DecimalDigits="0" X="18.7937494913737" Y="131.095836671193" Width="4.47083296775818" Height="6.5" />
                <Cell BackColor="" TextHAlign="Right" TextVAlign="Center" CellWidth="3.4" OrigWidth="4.99999963442484" OrigHeight="6.5" Text="" FieldKind="Detail" LeftLineVisible="false" LeftLineKind="Dash" LeftLineColor="green" TopLineVisible="false" TopLineKind="Dash" TopLineColor="green" RightLineVisible="false" RightLineKind="Dash" RightLineColor="green" BottomLineVisible="false" BottomLineKind="Dash" BottomLineColor="green" DecimalDigits="0" X="23.2645824591319" Y="131.095836671193" Width="4.99999963442484" Height="6.5" />
                <Cell BackColor="" TextVAlign="Center" CellWidth="3.4" OrigWidth="32.4083294868469" OrigHeight="6.5" Text="" FieldKind="Detail" LeftLineVisible="false" LeftLineKind="Dash" LeftLineColor="green" TopLineVisible="false" TopLineKind="Dash" TopLineColor="green" RightLineVisible="false" RightLineKind="Dash" RightLineColor="green" BottomLineVisible="false" BottomLineKind="Dash" BottomLineColor="green" DecimalDigits="0" X="28.2645820935567" Y="131.095836671193" Width="32.4083294868469" Height="6.5" />
                <Cell BackColor="" TextVAlign="Center" CellWidth="3.4" OrigWidth="102.075003306071" OrigHeight="6.5" Text="" FieldKind="Detail" LeftLineVisible="false" LeftLineKind="Dash" LeftLineColor="green" TopLineVisible="false" TopLineKind="Dash" TopLineColor="green" RightLineVisible="false" RightLineKind="Dash" RightLineColor="green" BottomLineVisible="false" BottomLineKind="Dash" BottomLineColor="green" DecimalDigits="0" X="60.6729115804037" Y="131.095836671193" Width="102.075003306071" Height="6.5" />
                <Cell BackColor="" TextHAlign="Right" TextVAlign="Center" CellWidth="3.4" OrigWidth="58.0458346048986" OrigHeight="6.5" Text="" FieldKind="Detail" LeftLineVisible="false" LeftLineKind="Dash" LeftLineColor="green" TopLineVisible="false" TopLineKind="Dash" TopLineColor="green" RightLineVisible="false" RightLineKind="Dash" RightLineColor="green" BottomLineVisible="false" BottomLineKind="Dash" BottomLineColor="green" TextFormat="AccountFormat" DecimalDigits="0" X="162.747914886475" Y="131.095836671193" Width="58.0458346048986" Height="6.5" />
                <Cell BackColor="" TextHAlign="Right" TextVAlign="Center" CellWidth="3.4" OrigWidth="30" OrigHeight="6.5" Text="" FieldKind="Detail" LeftLineVisible="false" LeftLineKind="Dash" LeftLineColor="green" TopLineVisible="false" TopLineKind="Dash" TopLineColor="green" RightLineVisible="false" RightLineKind="Dash" RightLineColor="green" BottomLineVisible="false" BottomLineKind="Dash" BottomLineColor="green" TextFormat="AccountFormat" DecimalDigits="0" X="220.793749491373" Y="131.095836671193" Width="30" Height="6.5" />
                <Cell BackColor="" TextHAlign="Center" TextVAlign="Center" CellWidth="3.4" OrigWidth="7.64583740234426" OrigHeight="6.5" Text="" FieldKind="Detail" LeftLineVisible="false" LeftLineKind="Dash" LeftLineColor="green" TopLineVisible="false" TopLineKind="Dash" TopLineColor="green" RightLineVisible="false" RightLineKind="Dash" RightLineColor="green" BottomLineVisible="false" BottomLineKind="Dash" BottomLineColor="green" DecimalDigits="0" X="250.793749491373" Y="131.095836671193" Width="7.64583740234426" Height="6.5" />
                <Cell BackColor="" TextHAlign="Right" TextVAlign="Center" CellWidth="3.4" OrigWidth="27.3541625976557" OrigHeight="6.5" Text="" FieldKind="Detail" LeftLineVisible="false" LeftLineKind="Dash" LeftLineColor="green" TopLineVisible="false" TopLineKind="Dash" TopLineColor="green" RightLineVisible="false" RightLineKind="Dash" RightLineColor="green" BottomLineVisible="false" BottomLineKind="Dash" BottomLineColor="green" TextFormat="AccountFormat" DecimalDigits="0" X="258.439586893717" Y="131.095836671193" Width="27.3541625976557" Height="6.5" />
              </Cells>
            </Row>
            <Row IsDashRow="true" X="18.7937494913737" Y="137.595836671193" Width="266.999999999999" Height="6.5" TextVAlign="Center">
              <Cells>
                <Cell BackColor="" TextHAlign="Center" TextVAlign="Center" CellWidth="3.4" OrigWidth="4.47083296775818" OrigHeight="6.5" Text="" FieldKind="Detail" LeftLineVisible="false" LeftLineKind="Dash" LeftLineColor="green" TopLineVisible="false" TopLineKind="Dash" TopLineColor="green" RightLineVisible="false" RightLineKind="Dash" RightLineColor="green" BottomLineVisible="false" BottomLineKind="Dash" BottomLineColor="green" DecimalDigits="0" X="18.7937494913737" Y="137.595836671193" Width="4.47083296775818" Height="6.5" />
                <Cell BackColor="" TextHAlign="Right" TextVAlign="Center" CellWidth="3.4" OrigWidth="4.99999963442484" OrigHeight="6.5" Text="" FieldKind="Detail" LeftLineVisible="false" LeftLineKind="Dash" LeftLineColor="green" TopLineVisible="false" TopLineKind="Dash" TopLineColor="green" RightLineVisible="false" RightLineKind="Dash" RightLineColor="green" BottomLineVisible="false" BottomLineKind="Dash" BottomLineColor="green" DecimalDigits="0" X="23.2645824591319" Y="137.595836671193" Width="4.99999963442484" Height="6.5" />
                <Cell BackColor="" TextVAlign="Center" CellWidth="3.4" OrigWidth="32.4083294868469" OrigHeight="6.5" Text="" FieldKind="Detail" LeftLineVisible="false" LeftLineKind="Dash" LeftLineColor="green" TopLineVisible="false" TopLineKind="Dash" TopLineColor="green" RightLineVisible="false" RightLineKind="Dash" RightLineColor="green" BottomLineVisible="false" BottomLineKind="Dash" BottomLineColor="green" DecimalDigits="0" X="28.2645820935567" Y="137.595836671193" Width="32.4083294868469" Height="6.5" />
                <Cell BackColor="" TextVAlign="Center" CellWidth="3.4" OrigWidth="102.075003306071" OrigHeight="6.5" Text="" FieldKind="Detail" LeftLineVisible="false" LeftLineKind="Dash" LeftLineColor="green" TopLineVisible="false" TopLineKind="Dash" TopLineColor="green" RightLineVisible="false" RightLineKind="Dash" RightLineColor="green" BottomLineVisible="false" BottomLineKind="Dash" BottomLineColor="green" DecimalDigits="0" X="60.6729115804037" Y="137.595836671193" Width="102.075003306071" Height="6.5" />
                <Cell BackColor="" TextHAlign="Right" TextVAlign="Center" CellWidth="3.4" OrigWidth="58.0458346048986" OrigHeight="6.5" Text="" FieldKind="Detail" LeftLineVisible="false" LeftLineKind="Dash" LeftLineColor="green" TopLineVisible="false" TopLineKind="Dash" TopLineColor="green" RightLineVisible="false" RightLineKind="Dash" RightLineColor="green" BottomLineVisible="false" BottomLineKind="Dash" BottomLineColor="green" TextFormat="AccountFormat" DecimalDigits="0" X="162.747914886475" Y="137.595836671193" Width="58.0458346048986" Height="6.5" />
                <Cell BackColor="" TextHAlign="Right" TextVAlign="Center" CellWidth="3.4" OrigWidth="30" OrigHeight="6.5" Text="" FieldKind="Detail" LeftLineVisible="false" LeftLineKind="Dash" LeftLineColor="green" TopLineVisible="false" TopLineKind="Dash" TopLineColor="green" RightLineVisible="false" RightLineKind="Dash" RightLineColor="green" BottomLineVisible="false" BottomLineKind="Dash" BottomLineColor="green" TextFormat="AccountFormat" DecimalDigits="0" X="220.793749491373" Y="137.595836671193" Width="30" Height="6.5" />
                <Cell BackColor="" TextHAlign="Center" TextVAlign="Center" CellWidth="3.4" OrigWidth="7.64583740234426" OrigHeight="6.5" Text="" FieldKind="Detail" LeftLineVisible="false" LeftLineKind="Dash" LeftLineColor="green" TopLineVisible="false" TopLineKind="Dash" TopLineColor="green" RightLineVisible="false" RightLineKind="Dash" RightLineColor="green" BottomLineVisible="false" BottomLineKind="Dash" BottomLineColor="green" DecimalDigits="0" X="250.793749491373" Y="137.595836671193" Width="7.64583740234426" Height="6.5" />
                <Cell BackColor="" TextHAlign="Right" TextVAlign="Center" CellWidth="3.4" OrigWidth="27.3541625976557" OrigHeight="6.5" Text="" FieldKind="Detail" LeftLineVisible="false" LeftLineKind="Dash" LeftLineColor="green" TopLineVisible="false" TopLineKind="Dash" TopLineColor="green" RightLineVisible="false" RightLineKind="Dash" RightLineColor="green" BottomLineVisible="false" BottomLineKind="Dash" BottomLineColor="green" TextFormat="AccountFormat" DecimalDigits="0" X="258.439586893717" Y="137.595836671193" Width="27.3541625976557" Height="6.5" />
              </Cells>
            </Row>
            <Row IsDashRow="true" X="18.7937494913737" Y="144.095836671193" Width="266.999999999999" Height="6.5" TextVAlign="Center">
              <Cells>
                <Cell BackColor="" TextHAlign="Center" TextVAlign="Center" CellWidth="3.4" OrigWidth="4.47083296775818" OrigHeight="6.5" Text="" FieldKind="Detail" LeftLineVisible="false" LeftLineKind="Dash" LeftLineColor="green" TopLineVisible="false" TopLineKind="Dash" TopLineColor="green" RightLineVisible="false" RightLineKind="Dash" RightLineColor="green" BottomLineVisible="false" BottomLineKind="Dash" BottomLineColor="green" DecimalDigits="0" X="18.7937494913737" Y="144.095836671193" Width="4.47083296775818" Height="6.5" />
                <Cell BackColor="" TextHAlign="Right" TextVAlign="Center" CellWidth="3.4" OrigWidth="4.99999963442484" OrigHeight="6.5" Text="" FieldKind="Detail" LeftLineVisible="false" LeftLineKind="Dash" LeftLineColor="green" TopLineVisible="false" TopLineKind="Dash" TopLineColor="green" RightLineVisible="false" RightLineKind="Dash" RightLineColor="green" BottomLineVisible="false" BottomLineKind="Dash" BottomLineColor="green" DecimalDigits="0" X="23.2645824591319" Y="144.095836671193" Width="4.99999963442484" Height="6.5" />
                <Cell BackColor="" TextVAlign="Center" CellWidth="3.4" OrigWidth="32.4083294868469" OrigHeight="6.5" Text="" FieldKind="Detail" LeftLineVisible="false" LeftLineKind="Dash" LeftLineColor="green" TopLineVisible="false" TopLineKind="Dash" TopLineColor="green" RightLineVisible="false" RightLineKind="Dash" RightLineColor="green" BottomLineVisible="false" BottomLineKind="Dash" BottomLineColor="green" DecimalDigits="0" X="28.2645820935567" Y="144.095836671193" Width="32.4083294868469" Height="6.5" />
                <Cell BackColor="" TextVAlign="Center" CellWidth="3.4" OrigWidth="102.075003306071" OrigHeight="6.5" Text="" FieldKind="Detail" LeftLineVisible="false" LeftLineKind="Dash" LeftLineColor="green" TopLineVisible="false" TopLineKind="Dash" TopLineColor="green" RightLineVisible="false" RightLineKind="Dash" RightLineColor="green" BottomLineVisible="false" BottomLineKind="Dash" BottomLineColor="green" DecimalDigits="0" X="60.6729115804037" Y="144.095836671193" Width="102.075003306071" Height="6.5" />
                <Cell BackColor="" TextHAlign="Right" TextVAlign="Center" CellWidth="3.4" OrigWidth="58.0458346048986" OrigHeight="6.5" Text="" FieldKind="Detail" LeftLineVisible="false" LeftLineKind="Dash" LeftLineColor="green" TopLineVisible="false" TopLineKind="Dash" TopLineColor="green" RightLineVisible="false" RightLineKind="Dash" RightLineColor="green" BottomLineVisible="false" BottomLineKind="Dash" BottomLineColor="green" TextFormat="AccountFormat" DecimalDigits="0" X="162.747914886475" Y="144.095836671193" Width="58.0458346048986" Height="6.5" />
                <Cell BackColor="" TextHAlign="Right" TextVAlign="Center" CellWidth="3.4" OrigWidth="30" OrigHeight="6.5" Text="" FieldKind="Detail" LeftLineVisible="false" LeftLineKind="Dash" LeftLineColor="green" TopLineVisible="false" TopLineKind="Dash" TopLineColor="green" RightLineVisible="false" RightLineKind="Dash" RightLineColor="green" BottomLineVisible="false" BottomLineKind="Dash" BottomLineColor="green" TextFormat="AccountFormat" DecimalDigits="0" X="220.793749491373" Y="144.095836671193" Width="30" Height="6.5" />
                <Cell BackColor="" TextHAlign="Center" TextVAlign="Center" CellWidth="3.4" OrigWidth="7.64583740234426" OrigHeight="6.5" Text="" FieldKind="Detail" LeftLineVisible="false" LeftLineKind="Dash" LeftLineColor="green" TopLineVisible="false" TopLineKind="Dash" TopLineColor="green" RightLineVisible="false" RightLineKind="Dash" RightLineColor="green" BottomLineVisible="false" BottomLineKind="Dash" BottomLineColor="green" DecimalDigits="0" X="250.793749491373" Y="144.095836671193" Width="7.64583740234426" Height="6.5" />
                <Cell BackColor="" TextHAlign="Right" TextVAlign="Center" CellWidth="3.4" OrigWidth="27.3541625976557" OrigHeight="6.5" Text="" FieldKind="Detail" LeftLineVisible="false" LeftLineKind="Dash" LeftLineColor="green" TopLineVisible="false" TopLineKind="Dash" TopLineColor="green" RightLineVisible="false" RightLineKind="Dash" RightLineColor="green" BottomLineVisible="false" BottomLineKind="Dash" BottomLineColor="green" TextFormat="AccountFormat" DecimalDigits="0" X="258.439586893717" Y="144.095836671193" Width="27.3541625976557" Height="6.5" />
              </Cells>
            </Row>
            <Row IsDashRow="true" X="18.7937494913737" Y="150.595836671193" Width="266.999999999999" Height="6.5" TextVAlign="Center">
              <Cells>
                <Cell BackColor="" TextHAlign="Center" TextVAlign="Center" CellWidth="3.4" OrigWidth="4.47083296775818" OrigHeight="6.5" Text="" FieldKind="Detail" LeftLineVisible="false" LeftLineKind="Dash" LeftLineColor="green" TopLineVisible="false" TopLineKind="Dash" TopLineColor="green" RightLineVisible="false" RightLineKind="Dash" RightLineColor="green" BottomLineVisible="false" BottomLineKind="Dash" BottomLineColor="green" DecimalDigits="0" X="18.7937494913737" Y="150.595836671193" Width="4.47083296775818" Height="6.5" />
                <Cell BackColor="" TextHAlign="Right" TextVAlign="Center" CellWidth="3.4" OrigWidth="4.99999963442484" OrigHeight="6.5" Text="" FieldKind="Detail" LeftLineVisible="false" LeftLineKind="Dash" LeftLineColor="green" TopLineVisible="false" TopLineKind="Dash" TopLineColor="green" RightLineVisible="false" RightLineKind="Dash" RightLineColor="green" BottomLineVisible="false" BottomLineKind="Dash" BottomLineColor="green" DecimalDigits="0" X="23.2645824591319" Y="150.595836671193" Width="4.99999963442484" Height="6.5" />
                <Cell BackColor="" TextVAlign="Center" CellWidth="3.4" OrigWidth="32.4083294868469" OrigHeight="6.5" Text="" FieldKind="Detail" LeftLineVisible="false" LeftLineKind="Dash" LeftLineColor="green" TopLineVisible="false" TopLineKind="Dash" TopLineColor="green" RightLineVisible="false" RightLineKind="Dash" RightLineColor="green" BottomLineVisible="false" BottomLineKind="Dash" BottomLineColor="green" DecimalDigits="0" X="28.2645820935567" Y="150.595836671193" Width="32.4083294868469" Height="6.5" />
                <Cell BackColor="" TextVAlign="Center" CellWidth="3.4" OrigWidth="102.075003306071" OrigHeight="6.5" Text="" FieldKind="Detail" LeftLineVisible="false" LeftLineKind="Dash" LeftLineColor="green" TopLineVisible="false" TopLineKind="Dash" TopLineColor="green" RightLineVisible="false" RightLineKind="Dash" RightLineColor="green" BottomLineVisible="false" BottomLineKind="Dash" BottomLineColor="green" DecimalDigits="0" X="60.6729115804037" Y="150.595836671193" Width="102.075003306071" Height="6.5" />
                <Cell BackColor="" TextHAlign="Right" TextVAlign="Center" CellWidth="3.4" OrigWidth="58.0458346048986" OrigHeight="6.5" Text="" FieldKind="Detail" LeftLineVisible="false" LeftLineKind="Dash" LeftLineColor="green" TopLineVisible="false" TopLineKind="Dash" TopLineColor="green" RightLineVisible="false" RightLineKind="Dash" RightLineColor="green" BottomLineVisible="false" BottomLineKind="Dash" BottomLineColor="green" TextFormat="AccountFormat" DecimalDigits="0" X="162.747914886475" Y="150.595836671193" Width="58.0458346048986" Height="6.5" />
                <Cell BackColor="" TextHAlign="Right" TextVAlign="Center" CellWidth="3.4" OrigWidth="30" OrigHeight="6.5" Text="" FieldKind="Detail" LeftLineVisible="false" LeftLineKind="Dash" LeftLineColor="green" TopLineVisible="false" TopLineKind="Dash" TopLineColor="green" RightLineVisible="false" RightLineKind="Dash" RightLineColor="green" BottomLineVisible="false" BottomLineKind="Dash" BottomLineColor="green" TextFormat="AccountFormat" DecimalDigits="0" X="220.793749491373" Y="150.595836671193" Width="30" Height="6.5" />
                <Cell BackColor="" TextHAlign="Center" TextVAlign="Center" CellWidth="3.4" OrigWidth="7.64583740234426" OrigHeight="6.5" Text="" FieldKind="Detail" LeftLineVisible="false" LeftLineKind="Dash" LeftLineColor="green" TopLineVisible="false" TopLineKind="Dash" TopLineColor="green" RightLineVisible="false" RightLineKind="Dash" RightLineColor="green" BottomLineVisible="false" BottomLineKind="Dash" BottomLineColor="green" DecimalDigits="0" X="250.793749491373" Y="150.595836671193" Width="7.64583740234426" Height="6.5" />
                <Cell BackColor="" TextHAlign="Right" TextVAlign="Center" CellWidth="3.4" OrigWidth="27.3541625976557" OrigHeight="6.5" Text="" FieldKind="Detail" LeftLineVisible="false" LeftLineKind="Dash" LeftLineColor="green" TopLineVisible="false" TopLineKind="Dash" TopLineColor="green" RightLineVisible="false" RightLineKind="Dash" RightLineColor="green" BottomLineVisible="false" BottomLineKind="Dash" BottomLineColor="green" TextFormat="AccountFormat" DecimalDigits="0" X="258.439586893717" Y="150.595836671193" Width="27.3541625976557" Height="6.5" />
              </Cells>
            </Row>
            <Row IsDashRow="true" X="18.7937494913737" Y="157.095836671193" Width="266.999999999999" Height="6.5" TextVAlign="Center">
              <Cells>
                <Cell BackColor="" TextHAlign="Center" TextVAlign="Center" CellWidth="3.4" OrigWidth="4.47083296775818" OrigHeight="6.5" Text="" FieldKind="Detail" LeftLineVisible="false" LeftLineKind="Dash" LeftLineColor="green" TopLineVisible="false" TopLineKind="Dash" TopLineColor="green" RightLineVisible="false" RightLineKind="Dash" RightLineColor="green" BottomLineVisible="false" BottomLineKind="Dash" BottomLineColor="green" DecimalDigits="0" X="18.7937494913737" Y="157.095836671193" Width="4.47083296775818" Height="6.5" />
                <Cell BackColor="" TextHAlign="Right" TextVAlign="Center" CellWidth="3.4" OrigWidth="4.99999963442484" OrigHeight="6.5" Text="" FieldKind="Detail" LeftLineVisible="false" LeftLineKind="Dash" LeftLineColor="green" TopLineVisible="false" TopLineKind="Dash" TopLineColor="green" RightLineVisible="false" RightLineKind="Dash" RightLineColor="green" BottomLineVisible="false" BottomLineKind="Dash" BottomLineColor="green" DecimalDigits="0" X="23.2645824591319" Y="157.095836671193" Width="4.99999963442484" Height="6.5" />
                <Cell BackColor="" TextVAlign="Center" CellWidth="3.4" OrigWidth="32.4083294868469" OrigHeight="6.5" Text="" FieldKind="Detail" LeftLineVisible="false" LeftLineKind="Dash" LeftLineColor="green" TopLineVisible="false" TopLineKind="Dash" TopLineColor="green" RightLineVisible="false" RightLineKind="Dash" RightLineColor="green" BottomLineVisible="false" BottomLineKind="Dash" BottomLineColor="green" DecimalDigits="0" X="28.2645820935567" Y="157.095836671193" Width="32.4083294868469" Height="6.5" />
                <Cell BackColor="" TextVAlign="Center" CellWidth="3.4" OrigWidth="102.075003306071" OrigHeight="6.5" Text="" FieldKind="Detail" LeftLineVisible="false" LeftLineKind="Dash" LeftLineColor="green" TopLineVisible="false" TopLineKind="Dash" TopLineColor="green" RightLineVisible="false" RightLineKind="Dash" RightLineColor="green" BottomLineVisible="false" BottomLineKind="Dash" BottomLineColor="green" DecimalDigits="0" X="60.6729115804037" Y="157.095836671193" Width="102.075003306071" Height="6.5" />
                <Cell BackColor="" TextHAlign="Right" TextVAlign="Center" CellWidth="3.4" OrigWidth="58.0458346048986" OrigHeight="6.5" Text="" FieldKind="Detail" LeftLineVisible="false" LeftLineKind="Dash" LeftLineColor="green" TopLineVisible="false" TopLineKind="Dash" TopLineColor="green" RightLineVisible="false" RightLineKind="Dash" RightLineColor="green" BottomLineVisible="false" BottomLineKind="Dash" BottomLineColor="green" TextFormat="AccountFormat" DecimalDigits="0" X="162.747914886475" Y="157.095836671193" Width="58.0458346048986" Height="6.5" />
                <Cell BackColor="" TextHAlign="Right" TextVAlign="Center" CellWidth="3.4" OrigWidth="30" OrigHeight="6.5" Text="" FieldKind="Detail" LeftLineVisible="false" LeftLineKind="Dash" LeftLineColor="green" TopLineVisible="false" TopLineKind="Dash" TopLineColor="green" RightLineVisible="false" RightLineKind="Dash" RightLineColor="green" BottomLineVisible="false" BottomLineKind="Dash" BottomLineColor="green" TextFormat="AccountFormat" DecimalDigits="0" X="220.793749491373" Y="157.095836671193" Width="30" Height="6.5" />
                <Cell BackColor="" TextHAlign="Center" TextVAlign="Center" CellWidth="3.4" OrigWidth="7.64583740234426" OrigHeight="6.5" Text="" FieldKind="Detail" LeftLineVisible="false" LeftLineKind="Dash" LeftLineColor="green" TopLineVisible="false" TopLineKind="Dash" TopLineColor="green" RightLineVisible="false" RightLineKind="Dash" RightLineColor="green" BottomLineVisible="false" BottomLineKind="Dash" BottomLineColor="green" DecimalDigits="0" X="250.793749491373" Y="157.095836671193" Width="7.64583740234426" Height="6.5" />
                <Cell BackColor="" TextHAlign="Right" TextVAlign="Center" CellWidth="3.4" OrigWidth="27.3541625976557" OrigHeight="6.5" Text="" FieldKind="Detail" LeftLineVisible="false" LeftLineKind="Dash" LeftLineColor="green" TopLineVisible="false" TopLineKind="Dash" TopLineColor="green" RightLineVisible="false" RightLineKind="Dash" RightLineColor="green" BottomLineVisible="false" BottomLineKind="Dash" BottomLineColor="green" TextFormat="AccountFormat" DecimalDigits="0" X="258.439586893717" Y="157.095836671193" Width="27.3541625976557" Height="6.5" />
              </Cells>
            </Row>
            <Row IsDashRow="true" X="18.7937494913737" Y="163.595836671193" Width="266.999999999999" Height="6.5" TextVAlign="Center">
              <Cells>
                <Cell BackColor="" TextHAlign="Center" TextVAlign="Center" CellWidth="3.4" OrigWidth="4.47083296775818" OrigHeight="6.5" Text="" FieldKind="Detail" LeftLineVisible="false" LeftLineKind="Dash" LeftLineColor="green" TopLineVisible="false" TopLineKind="Dash" TopLineColor="green" RightLineVisible="false" RightLineKind="Dash" RightLineColor="green" BottomLineVisible="false" BottomLineKind="Dash" BottomLineColor="green" DecimalDigits="0" X="18.7937494913737" Y="163.595836671193" Width="4.47083296775818" Height="6.5" />
                <Cell BackColor="" TextHAlign="Right" TextVAlign="Center" CellWidth="3.4" OrigWidth="4.99999963442484" OrigHeight="6.5" Text="" FieldKind="Detail" LeftLineVisible="false" LeftLineKind="Dash" LeftLineColor="green" TopLineVisible="false" TopLineKind="Dash" TopLineColor="green" RightLineVisible="false" RightLineKind="Dash" RightLineColor="green" BottomLineVisible="false" BottomLineKind="Dash" BottomLineColor="green" DecimalDigits="0" X="23.2645824591319" Y="163.595836671193" Width="4.99999963442484" Height="6.5" />
                <Cell BackColor="" TextVAlign="Center" CellWidth="3.4" OrigWidth="32.4083294868469" OrigHeight="6.5" Text="" FieldKind="Detail" LeftLineVisible="false" LeftLineKind="Dash" LeftLineColor="green" TopLineVisible="false" TopLineKind="Dash" TopLineColor="green" RightLineVisible="false" RightLineKind="Dash" RightLineColor="green" BottomLineVisible="false" BottomLineKind="Dash" BottomLineColor="green" DecimalDigits="0" X="28.2645820935567" Y="163.595836671193" Width="32.4083294868469" Height="6.5" />
                <Cell BackColor="" TextVAlign="Center" CellWidth="3.4" OrigWidth="102.075003306071" OrigHeight="6.5" Text="" FieldKind="Detail" LeftLineVisible="false" LeftLineKind="Dash" LeftLineColor="green" TopLineVisible="false" TopLineKind="Dash" TopLineColor="green" RightLineVisible="false" RightLineKind="Dash" RightLineColor="green" BottomLineVisible="false" BottomLineKind="Dash" BottomLineColor="green" DecimalDigits="0" X="60.6729115804037" Y="163.595836671193" Width="102.075003306071" Height="6.5" />
                <Cell BackColor="" TextHAlign="Right" TextVAlign="Center" CellWidth="3.4" OrigWidth="58.0458346048986" OrigHeight="6.5" Text="" FieldKind="Detail" LeftLineVisible="false" LeftLineKind="Dash" LeftLineColor="green" TopLineVisible="false" TopLineKind="Dash" TopLineColor="green" RightLineVisible="false" RightLineKind="Dash" RightLineColor="green" BottomLineVisible="false" BottomLineKind="Dash" BottomLineColor="green" TextFormat="AccountFormat" DecimalDigits="0" X="162.747914886475" Y="163.595836671193" Width="58.0458346048986" Height="6.5" />
                <Cell BackColor="" TextHAlign="Right" TextVAlign="Center" CellWidth="3.4" OrigWidth="30" OrigHeight="6.5" Text="" FieldKind="Detail" LeftLineVisible="false" LeftLineKind="Dash" LeftLineColor="green" TopLineVisible="false" TopLineKind="Dash" TopLineColor="green" RightLineVisible="false" RightLineKind="Dash" RightLineColor="green" BottomLineVisible="false" BottomLineKind="Dash" BottomLineColor="green" TextFormat="AccountFormat" DecimalDigits="0" X="220.793749491373" Y="163.595836671193" Width="30" Height="6.5" />
                <Cell BackColor="" TextHAlign="Center" TextVAlign="Center" CellWidth="3.4" OrigWidth="7.64583740234426" OrigHeight="6.5" Text="" FieldKind="Detail" LeftLineVisible="false" LeftLineKind="Dash" LeftLineColor="green" TopLineVisible="false" TopLineKind="Dash" TopLineColor="green" RightLineVisible="false" RightLineKind="Dash" RightLineColor="green" BottomLineVisible="false" BottomLineKind="Dash" BottomLineColor="green" DecimalDigits="0" X="250.793749491373" Y="163.595836671193" Width="7.64583740234426" Height="6.5" />
                <Cell BackColor="" TextHAlign="Right" TextVAlign="Center" CellWidth="3.4" OrigWidth="27.3541625976557" OrigHeight="6.5" Text="" FieldKind="Detail" LeftLineVisible="false" LeftLineKind="Dash" LeftLineColor="green" TopLineVisible="false" TopLineKind="Dash" TopLineColor="green" RightLineVisible="false" RightLineKind="Dash" RightLineColor="green" BottomLineVisible="false" BottomLineKind="Dash" BottomLineColor="green" TextFormat="AccountFormat" DecimalDigits="0" X="258.439586893717" Y="163.595836671193" Width="27.3541625976557" Height="6.5" />
              </Cells>
            </Row>
            <Row IsDashRow="true" X="18.7937494913737" Y="170.095836671193" Width="266.999999999999" Height="6.5" TextVAlign="Center">
              <Cells>
                <Cell BackColor="" TextHAlign="Center" TextVAlign="Center" CellWidth="3.4" OrigWidth="4.47083296775818" OrigHeight="6.5" Text="" FieldKind="Detail" LeftLineVisible="false" LeftLineKind="Dash" LeftLineColor="green" TopLineVisible="false" TopLineKind="Dash" TopLineColor="green" RightLineVisible="false" RightLineKind="Dash" RightLineColor="green" BottomLineVisible="false" BottomLineKind="Dash" BottomLineColor="green" DecimalDigits="0" X="18.7937494913737" Y="170.095836671193" Width="4.47083296775818" Height="6.5" />
                <Cell BackColor="" TextHAlign="Right" TextVAlign="Center" CellWidth="3.4" OrigWidth="4.99999963442484" OrigHeight="6.5" Text="" FieldKind="Detail" LeftLineVisible="false" LeftLineKind="Dash" LeftLineColor="green" TopLineVisible="false" TopLineKind="Dash" TopLineColor="green" RightLineVisible="false" RightLineKind="Dash" RightLineColor="green" BottomLineVisible="false" BottomLineKind="Dash" BottomLineColor="green" DecimalDigits="0" X="23.2645824591319" Y="170.095836671193" Width="4.99999963442484" Height="6.5" />
                <Cell BackColor="" TextVAlign="Center" CellWidth="3.4" OrigWidth="32.4083294868469" OrigHeight="6.5" Text="" FieldKind="Detail" LeftLineVisible="false" LeftLineKind="Dash" LeftLineColor="green" TopLineVisible="false" TopLineKind="Dash" TopLineColor="green" RightLineVisible="false" RightLineKind="Dash" RightLineColor="green" BottomLineVisible="false" BottomLineKind="Dash" BottomLineColor="green" DecimalDigits="0" X="28.2645820935567" Y="170.095836671193" Width="32.4083294868469" Height="6.5" />
                <Cell BackColor="" TextVAlign="Center" CellWidth="3.4" OrigWidth="102.075003306071" OrigHeight="6.5" Text="" FieldKind="Detail" LeftLineVisible="false" LeftLineKind="Dash" LeftLineColor="green" TopLineVisible="false" TopLineKind="Dash" TopLineColor="green" RightLineVisible="false" RightLineKind="Dash" RightLineColor="green" BottomLineVisible="false" BottomLineKind="Dash" BottomLineColor="green" DecimalDigits="0" X="60.6729115804037" Y="170.095836671193" Width="102.075003306071" Height="6.5" />
                <Cell BackColor="" TextHAlign="Right" TextVAlign="Center" CellWidth="3.4" OrigWidth="58.0458346048986" OrigHeight="6.5" Text="" FieldKind="Detail" LeftLineVisible="false" LeftLineKind="Dash" LeftLineColor="green" TopLineVisible="false" TopLineKind="Dash" TopLineColor="green" RightLineVisible="false" RightLineKind="Dash" RightLineColor="green" BottomLineVisible="false" BottomLineKind="Dash" BottomLineColor="green" TextFormat="AccountFormat" DecimalDigits="0" X="162.747914886475" Y="170.095836671193" Width="58.0458346048986" Height="6.5" />
                <Cell BackColor="" TextHAlign="Right" TextVAlign="Center" CellWidth="3.4" OrigWidth="30" OrigHeight="6.5" Text="" FieldKind="Detail" LeftLineVisible="false" LeftLineKind="Dash" LeftLineColor="green" TopLineVisible="false" TopLineKind="Dash" TopLineColor="green" RightLineVisible="false" RightLineKind="Dash" RightLineColor="green" BottomLineVisible="false" BottomLineKind="Dash" BottomLineColor="green" TextFormat="AccountFormat" DecimalDigits="0" X="220.793749491373" Y="170.095836671193" Width="30" Height="6.5" />
                <Cell BackColor="" TextHAlign="Center" TextVAlign="Center" CellWidth="3.4" OrigWidth="7.64583740234426" OrigHeight="6.5" Text="" FieldKind="Detail" LeftLineVisible="false" LeftLineKind="Dash" LeftLineColor="green" TopLineVisible="false" TopLineKind="Dash" TopLineColor="green" RightLineVisible="false" RightLineKind="Dash" RightLineColor="green" BottomLineVisible="false" BottomLineKind="Dash" BottomLineColor="green" DecimalDigits="0" X="250.793749491373" Y="170.095836671193" Width="7.64583740234426" Height="6.5" />
                <Cell BackColor="" TextHAlign="Right" TextVAlign="Center" CellWidth="3.4" OrigWidth="27.3541625976557" OrigHeight="6.5" Text="" FieldKind="Detail" LeftLineVisible="false" LeftLineKind="Dash" LeftLineColor="green" TopLineVisible="false" TopLineKind="Dash" TopLineColor="green" RightLineVisible="false" RightLineKind="Dash" RightLineColor="green" BottomLineVisible="false" BottomLineKind="Dash" BottomLineColor="green" TextFormat="AccountFormat" DecimalDigits="0" X="258.439586893717" Y="170.095836671193" Width="27.3541625976557" Height="6.5" />
              </Cells>
            </Row>
            <Row IsDashRow="true" X="18.7937494913737" Y="176.595836671193" Width="266.999999999999" Height="6.5" TextVAlign="Center">
              <Cells>
                <Cell BackColor="" TextHAlign="Center" TextVAlign="Center" CellWidth="3.4" OrigWidth="4.47083296775818" OrigHeight="6.5" Text="" FieldKind="Detail" LeftLineVisible="false" LeftLineKind="Dash" LeftLineColor="green" TopLineVisible="false" TopLineKind="Dash" TopLineColor="green" RightLineVisible="false" RightLineKind="Dash" RightLineColor="green" BottomLineVisible="false" BottomLineKind="Dash" BottomLineColor="green" DecimalDigits="0" X="18.7937494913737" Y="176.595836671193" Width="4.47083296775818" Height="6.5" />
                <Cell BackColor="" TextHAlign="Right" TextVAlign="Center" CellWidth="3.4" OrigWidth="4.99999963442484" OrigHeight="6.5" Text="" FieldKind="Detail" LeftLineVisible="false" LeftLineKind="Dash" LeftLineColor="green" TopLineVisible="false" TopLineKind="Dash" TopLineColor="green" RightLineVisible="false" RightLineKind="Dash" RightLineColor="green" BottomLineVisible="false" BottomLineKind="Dash" BottomLineColor="green" DecimalDigits="0" X="23.2645824591319" Y="176.595836671193" Width="4.99999963442484" Height="6.5" />
                <Cell BackColor="" TextVAlign="Center" CellWidth="3.4" OrigWidth="32.4083294868469" OrigHeight="6.5" Text="" FieldKind="Detail" LeftLineVisible="false" LeftLineKind="Dash" LeftLineColor="green" TopLineVisible="false" TopLineKind="Dash" TopLineColor="green" RightLineVisible="false" RightLineKind="Dash" RightLineColor="green" BottomLineVisible="false" BottomLineKind="Dash" BottomLineColor="green" DecimalDigits="0" X="28.2645820935567" Y="176.595836671193" Width="32.4083294868469" Height="6.5" />
                <Cell BackColor="" TextVAlign="Center" CellWidth="3.4" OrigWidth="102.075003306071" OrigHeight="6.5" Text="" FieldKind="Detail" LeftLineVisible="false" LeftLineKind="Dash" LeftLineColor="green" TopLineVisible="false" TopLineKind="Dash" TopLineColor="green" RightLineVisible="false" RightLineKind="Dash" RightLineColor="green" BottomLineVisible="false" BottomLineKind="Dash" BottomLineColor="green" DecimalDigits="0" X="60.6729115804037" Y="176.595836671193" Width="102.075003306071" Height="6.5" />
                <Cell BackColor="" TextHAlign="Right" TextVAlign="Center" CellWidth="3.4" OrigWidth="58.0458346048986" OrigHeight="6.5" Text="" FieldKind="Detail" LeftLineVisible="false" LeftLineKind="Dash" LeftLineColor="green" TopLineVisible="false" TopLineKind="Dash" TopLineColor="green" RightLineVisible="false" RightLineKind="Dash" RightLineColor="green" BottomLineVisible="false" BottomLineKind="Dash" BottomLineColor="green" TextFormat="AccountFormat" DecimalDigits="0" X="162.747914886475" Y="176.595836671193" Width="58.0458346048986" Height="6.5" />
                <Cell BackColor="" TextHAlign="Right" TextVAlign="Center" CellWidth="3.4" OrigWidth="30" OrigHeight="6.5" Text="" FieldKind="Detail" LeftLineVisible="false" LeftLineKind="Dash" LeftLineColor="green" TopLineVisible="false" TopLineKind="Dash" TopLineColor="green" RightLineVisible="false" RightLineKind="Dash" RightLineColor="green" BottomLineVisible="false" BottomLineKind="Dash" BottomLineColor="green" TextFormat="AccountFormat" DecimalDigits="0" X="220.793749491373" Y="176.595836671193" Width="30" Height="6.5" />
                <Cell BackColor="" TextHAlign="Center" TextVAlign="Center" CellWidth="3.4" OrigWidth="7.64583740234426" OrigHeight="6.5" Text="" FieldKind="Detail" LeftLineVisible="false" LeftLineKind="Dash" LeftLineColor="green" TopLineVisible="false" TopLineKind="Dash" TopLineColor="green" RightLineVisible="false" RightLineKind="Dash" RightLineColor="green" BottomLineVisible="false" BottomLineKind="Dash" BottomLineColor="green" DecimalDigits="0" X="250.793749491373" Y="176.595836671193" Width="7.64583740234426" Height="6.5" />
                <Cell BackColor="" TextHAlign="Right" TextVAlign="Center" CellWidth="3.4" OrigWidth="27.3541625976557" OrigHeight="6.5" Text="" FieldKind="Detail" LeftLineVisible="false" LeftLineKind="Dash" LeftLineColor="green" TopLineVisible="false" TopLineKind="Dash" TopLineColor="green" RightLineVisible="false" RightLineKind="Dash" RightLineColor="green" BottomLineVisible="false" BottomLineKind="Dash" BottomLineColor="green" TextFormat="AccountFormat" DecimalDigits="0" X="258.439586893717" Y="176.595836671193" Width="27.3541625976557" Height="6.5" />
              </Cells>
            </Row>
          </Rows>
        </TableElement>
      </Elements>
      <Bands>
        <Band IsVisible="false" TextVAlign="Center" />
        <Band BandKind="PageHeader" Height="40" TextVAlign="Center" />
        <Band IsVisible="false" BandKind="ReportHeader" TextVAlign="Center" />
        <Band IsVisible="false" BandKind="PageBodyHeader" TextVAlign="Center" />
        <Band BandKind="PageDetail" Y="39.6875" Height="145" TextVAlign="Center" />
        <Band IsVisible="false" BandKind="PageBodyFooter" TextVAlign="Center" />
        <Band IsVisible="false" BandKind="ReportFooter" TextVAlign="Center" />
        <Band BandKind="PageFooter" Y="184.94375" Height="18" TextVAlign="Center" />
      </Bands>
    </Page>
  </Pages>
  <PageSettings PrinterName="默认打印机" PaperTypeName="自定义纸张" MarginLeft="19" MarginTop="40" MarginRight="26" MarginBottom="18" PaperSizeIndex="50" PageWidth="312" PageHeight="203" IsFixedRowCount="true" IsFixedRowHeigt="true" MaxRowCount="20" PaperBinIndex="-1" />
  <ExpressionFields />
</Report>