<Report MaxRowCount="0">
  <Pages>
    <Page Width="210" Height="297">
      <OrderFields />
      <Elements>
        <TextElement Text="表名" FieldKind="Master" LeftLineVisible="false" TopLineVisible="false" RightLineVisible="false" BottomLineVisible="false" TextHAlign="Center" BandKind="ReportHeader" X="47.4291705449422" Y="26.6916685740153" Width="100" Height="10" FontSize="20" BoldFont="true" />
        <TableElement X="9.921875" Y="40" Width="189.970833333333" Height="236.422923660278">
          <Rows>
            <Row X="9.921875" Y="40" Width="189.970833333333" Height="5.11432291666667">
              <Cells>
                <Cell OrigWidth="19.5791666666667" OrigHeight="5.11432291666667" Text="单据日期" TextHAlign="Center" WordWrap="true" X="9.921875" Y="40" Width="19.5791666666667" Height="5.11432291666667" BoldFont="true" />
                <Cell BoldFont="true" OrigWidth="20.9020833333333" OrigHeight="5.11432291666667" Text="单据编号" TextHAlign="Center" WordWrap="true" X="29.5010416666667" Y="40" Width="20.9020833333333" Height="5.11432291666667" />
                <Cell BoldFont="true" OrigWidth="38.3645833333333" OrigHeight="5.11432291666667" Text="摘要" TextHAlign="Center" WordWrap="true" X="50.403125" Y="40" Width="38.3645833333333" Height="5.11432291666667" />
                <Cell BoldFont="true" OrigWidth="21.9604166666667" OrigHeight="5.11432291666667" Text="单据类型" TextHAlign="Center" WordWrap="true" X="88.7677083333333" Y="40" Width="21.9604166666667" Height="5.11432291666667" />
                <Cell BoldFont="true" OrigWidth="19.05" OrigHeight="5.11432291666667" Text="数量" TextHAlign="Center" WordWrap="true" X="110.728125" Y="40" Width="19.05" Height="5.11432291666667" />
                <Cell BoldFont="true" OrigWidth="16.4041666666667" OrigHeight="5.11432291666667" Text="单价" TextHAlign="Center" WordWrap="true" X="129.778125" Y="40" Width="16.4041666666667" Height="5.11432291666667" />
                <Cell BoldFont="true" OrigWidth="20.9020833333333" OrigHeight="5.11432291666667" Text="金额" TextHAlign="Center" WordWrap="true" X="146.182291666667" Y="40" Width="20.9020833333333" Height="5.11432291666667" />
                <Cell BoldFont="true" OrigWidth="14.2875" OrigHeight="5" Text="含税单价" X="167.084375" Y="40" Width="14.2875" Height="5.11432291666667" />
                <Cell BoldFont="true" OrigWidth="18.5208333333333" OrigHeight="5" Text="价税合计" X="181.371875" Y="40" Width="18.5208333333333" Height="5.11432291666667" />
              </Cells>
            </Row>
            <Row X="9.921875" Y="45.1143229166667" Width="189.970833333333" Height="5.11432291666667">
              <Cells>
                <Cell TextColor="black" OrigWidth="19.5791666666667" OrigHeight="5.11432291666667" Text="单据日期" FieldKind="Detail" TextHAlign="Center" WordWrap="true" X="9.921875" Y="45.1143229166667" Width="19.5791666666667" Height="5.11432291666667" />
                <Cell TextColor="black" OrigWidth="20.9020833333333" OrigHeight="5.11432291666667" Text="单据编号" FieldKind="Detail" TextHAlign="Center" WordWrap="true" X="29.5010416666667" Y="45.1143229166667" Width="20.9020833333333" Height="5.11432291666667" />
                <Cell TextColor="black" OrigWidth="38.3645833333333" OrigHeight="5.11432291666667" Text="单据摘要" FieldKind="Detail" TextHAlign="Center" WordWrap="true" X="50.403125" Y="45.1143229166667" Width="38.3645833333333" Height="5.11432291666667" />
                <Cell TextColor="black" OrigWidth="21.9604166666667" OrigHeight="5.11432291666667" Text="单据类型" FieldKind="Detail" TextHAlign="Center" WordWrap="true" X="88.7677083333333" Y="45.1143229166667" Width="21.9604166666667" Height="5.11432291666667" />
                <Cell TextColor="black" OrigWidth="19.05" OrigHeight="5.11432291666667" Text="数量" FieldKind="Detail" TextHAlign="Center" WordWrap="true" X="110.728125" Y="45.1143229166667" Width="19.05" Height="5.11432291666667" />
                <Cell TextColor="black" OrigWidth="16.4041666666667" OrigHeight="5.11432291666667" Text="单价" FieldKind="Detail" TextHAlign="Center" WordWrap="true" X="129.778125" Y="45.1143229166667" Width="16.4041666666667" Height="5.11432291666667" />
                <Cell TextColor="black" OrigWidth="20.9020833333333" OrigHeight="5.11432291666667" Text="金额" FieldKind="Detail" TextHAlign="Center" WordWrap="true" X="146.182291666667" Y="45.1143229166667" Width="20.9020833333333" Height="5.11432291666667" />
                <Cell OrigWidth="14.2875" OrigHeight="5" Text="含税单价" FieldKind="Detail" X="167.084375" Y="45.1143229166667" Width="14.2875" Height="5.11432291666667" />
                <Cell OrigWidth="18.5208333333333" OrigHeight="5" Text="价税合计" FieldKind="Detail" X="181.371875" Y="45.1143229166667" Width="18.5208333333333" Height="5.11432291666667" />
              </Cells>
            </Row>
            <Row X="9.921875" Y="50.2286458333333" Width="189.970833333333" Height="5">
              <Cells>
                <Cell TextColor="black" OrigWidth="24.60625" OrigHeight="5" Text="" LeftLineVisible="false" RightLineVisible="false" BottomLineVisible="false" WordWrap="true" X="9.921875" Y="50.2286458333333" Width="24.60625" Height="5" />
                <Cell TextColor="black" OrigWidth="24.60625" OrigHeight="5" Text="" LeftLineVisible="false" RightLineVisible="false" BottomLineVisible="false" TextHAlign="Center" WordWrap="true" X="34.528125" Y="50.2286458333333" Width="24.60625" Height="5" />
                <Cell TextColor="black" OrigWidth="39.9520833333334" OrigHeight="5" Text="" LeftLineVisible="false" RightLineVisible="false" BottomLineVisible="false" TextHAlign="Center" WordWrap="true" X="59.134375" Y="50.2286458333333" Width="39.9520833333334" Height="5" />
                <Cell TextColor="black" OrigWidth="37.3062499999999" OrigHeight="5" Text="" LeftLineVisible="false" RightLineVisible="false" BottomLineVisible="false" TextHAlign="Center" WordWrap="true" X="99.0864583333334" Y="50.2286458333333" Width="37.3062499999999" Height="5" />
                <Cell TextColor="black" OrigWidth="30.6916666666667" OrigHeight="5" Text="打印时间：" LeftLineVisible="false" RightLineVisible="false" BottomLineVisible="false" TextHAlign="Right" WordWrap="true" X="136.392708333333" Y="50.2286458333333" Width="30.6916666666667" Height="5" />
                <Cell TextColor="black" OrigWidth="32.8083333333333" OrigHeight="5" Text="日期" FieldKind="System" LeftLineVisible="false" RightLineVisible="false" BottomLineVisible="false" TextHAlign="Center" WordWrap="true" X="167.084375" Y="50.2286458333333" Width="32.8083333333333" Height="5" />
              </Cells>
            </Row>
            <Row X="9.921875" Y="55.2286458333333" Width="189.970833333333" Height="5">
              <Cells>
                <Cell TextColor="black" OrigWidth="24.60625" OrigHeight="5" Text="" LeftLineVisible="false" TopLineVisible="false" RightLineVisible="false" BottomLineVisible="false" TextHAlign="Center" WordWrap="true" X="9.921875" Y="55.2286458333333" Width="24.60625" Height="5" />
                <Cell TextColor="black" OrigWidth="24.60625" OrigHeight="5" Text="" LeftLineVisible="false" TopLineVisible="false" RightLineVisible="false" BottomLineVisible="false" TextHAlign="Center" WordWrap="true" X="34.528125" Y="55.2286458333333" Width="24.60625" Height="5" />
                <Cell TextColor="black" OrigWidth="39.9520833333334" OrigHeight="5" Text="" LeftLineVisible="false" TopLineVisible="false" RightLineVisible="false" BottomLineVisible="false" TextHAlign="Center" WordWrap="true" X="59.134375" Y="55.2286458333333" Width="39.9520833333334" Height="5" />
                <Cell TextColor="black" OrigWidth="37.3062499999999" OrigHeight="5" Text="" LeftLineVisible="false" TopLineVisible="false" RightLineVisible="false" BottomLineVisible="false" TextHAlign="Center" WordWrap="true" X="99.0864583333334" Y="55.2286458333333" Width="37.3062499999999" Height="5" />
                <Cell TextColor="black" OrigWidth="63.5" OrigHeight="5" Text="[管家婆软件]" LeftLineVisible="false" TopLineVisible="false" RightLineVisible="false" BottomLineVisible="false" TextHAlign="Right" WordWrap="true" X="136.392708333333" Y="55.2286458333333" Width="63.5" Height="5" />
              </Cells>
            </Row>
          </Rows>
        </TableElement>
        <TextElement Text="总页码" FieldKind="System" LeftLineVisible="false" TopLineVisible="false" RightLineVisible="false" BottomLineVisible="false" TextHAlign="Right" BandKind="PageHeader" X="175.629169972738" Y="11.5833328564962" Width="20" Height="5" />
      </Elements>
      <Bands>
        <Band IsVisible="false" />
        <Band BandKind="PageHeader" Height="20" />
        <Band BandKind="ReportHeader" Y="19.84375" Height="20" />
        <Band IsVisible="false" BandKind="PageBodyHeader" />
        <Band BandKind="PageDetail" Y="39.6875" Height="237" />
        <Band IsVisible="false" BandKind="PageBodyFooter" />
        <Band IsVisible="false" BandKind="ReportFooter" />
        <Band BandKind="PageFooter" Y="276.754166666667" Height="20" />
      </Bands>
    </Page>
  </Pages>
  <PageSettings MarginLeft="10" MarginTop="20" MarginRight="10" MarginBottom="20" PageWidth="210" PageHeight="297" />
  <ExpressionFields />
</Report>