<Report MaxRowCount="0">
  <Pages>
    <Page Width="210" Height="297" TextVAlign="Center">
      <OrderFields />
      <Elements>
        <TextElement Text="表名" FieldKind="Master" LeftLineVisible="false" TopLineVisible="false" RightLineVisible="false" BottomLineVisible="false" BandKind="ReportHeader" X="9.85833721160889" Y="21.9333349863688" Width="189.856240844727" Height="10.000000278155" FontSize="20" BoldFont="true" TextHAlign="Center" TextVAlign="Center" />
        <TableElement X="10.4510416666667" Y="54.8364622751872" Width="189.735416666667" Height="122.142706044515" TextVAlign="Center">
          <Rows>
            <Row X="10.4510416666667" Y="54.8364622751872" Width="189.735416666667" Height="5" TextVAlign="Center">
              <Cells>
                <Cell OrigWidth="24.3416666666666" OrigHeight="5" AccounttantLineVisble="true" Text="订单编号" X="10.4510416666667" Y="54.8364622751872" Width="24.3416666666666" Height="5" TextHAlign="Center" TextVAlign="Center" WordWrap="true" />
                <Cell OrigWidth="21.9604166666667" OrigHeight="5" AccounttantLineVisble="true" Text="送检单号" X="34.7927083333333" Y="54.8364622751872" Width="21.9604166666667" Height="5" TextHAlign="Center" TextVAlign="Center" WordWrap="true" />
                <Cell OrigWidth="22.7541666666667" OrigHeight="5" AccounttantLineVisble="true" Text="存货全名" X="56.753125" Y="54.8364622751872" Width="22.7541666666667" Height="5" TextHAlign="Center" TextVAlign="Center" WordWrap="true" />
                <Cell OrigWidth="20.9020833333334" OrigHeight="5" AccounttantLineVisble="true" Text="验货量" DecimalDigits="0" X="79.5072916666667" Y="54.8364622751872" Width="20.9020833333334" Height="5" TextHAlign="Center" TextVAlign="Center" WordWrap="true" />
                <Cell OrigWidth="19.3145833333333" OrigHeight="5" AccounttantLineVisble="true" Text="合格量" DecimalDigits="0" X="100.409375" Y="54.8364622751872" Width="19.3145833333333" Height="5" TextHAlign="Center" TextVAlign="Center" WordWrap="true" />
                <Cell OrigWidth="20.1083333333333" OrigHeight="5" AccounttantLineVisble="true" Text="不合格量" DecimalDigits="0" X="119.723958333333" Y="54.8364622751872" Width="20.1083333333333" Height="5" TextHAlign="Center" TextVAlign="Center" WordWrap="true" />
                <Cell OrigWidth="18.5208333333333" OrigHeight="5" AccounttantLineVisble="true" Text="检验方式" X="139.832291666667" Y="54.8364622751872" Width="18.5208333333333" Height="5" TextHAlign="Center" TextVAlign="Center" WordWrap="true" />
                <Cell OrigWidth="17.1979166666667" OrigHeight="5" AccounttantLineVisble="true" Text="抽样数" X="158.353125" Y="54.8364622751872" Width="17.1979166666667" Height="5" TextHAlign="Center" TextVAlign="Center" WordWrap="true" />
                <Cell OrigWidth="24.6354166666666" OrigHeight="5" AccounttantLineVisble="true" Text="行摘要" X="175.551041666667" Y="54.8364622751872" Width="24.6354166666666" Height="5" TextHAlign="Center" TextVAlign="Center" WordWrap="true" />
              </Cells>
            </Row>
            <Row X="10.4510416666667" Y="59.8364622751872" Width="189.735416666667" Height="5" TextVAlign="Center">
              <Cells>
                <Cell OrigWidth="24.3416666666666" OrigHeight="5" AccounttantLineVisble="true" Text="订单编号" FieldKind="Detail" X="10.4510416666667" Y="59.8364622751872" Width="24.3416666666666" Height="5" TextVAlign="Center" WordWrap="true" />
                <Cell OrigWidth="21.9604166666667" OrigHeight="5" AccounttantLineVisble="true" Text="送检单号" FieldKind="Detail" X="34.7927083333333" Y="59.8364622751872" Width="21.9604166666667" Height="5" TextVAlign="Center" WordWrap="true" />
                <Cell OrigWidth="22.7541666666667" OrigHeight="5" AccounttantLineVisble="true" Text="存货全名" FieldKind="Detail" X="56.753125" Y="59.8364622751872" Width="22.7541666666667" Height="5" TextVAlign="Center" WordWrap="true" />
                <Cell OrigWidth="20.9020833333334" OrigHeight="5" AccounttantLineVisble="true" Text="验货量" FieldKind="Detail" DecimalDigits="0" X="79.5072916666667" Y="59.8364622751872" Width="20.9020833333334" Height="5" TextVAlign="Center" WordWrap="true" />
                <Cell OrigWidth="19.3145833333333" OrigHeight="5" AccounttantLineVisble="true" Text="合格量" FieldKind="Detail" DecimalDigits="0" X="100.409375" Y="59.8364622751872" Width="19.3145833333333" Height="5" TextVAlign="Center" WordWrap="true" />
                <Cell OrigWidth="20.1083333333333" OrigHeight="5" AccounttantLineVisble="true" Text="不合格量" FieldKind="Detail" DecimalDigits="0" X="119.723958333333" Y="59.8364622751872" Width="20.1083333333333" Height="5" TextVAlign="Center" WordWrap="true" />
                <Cell OrigWidth="18.5208333333333" OrigHeight="5" AccounttantLineVisble="true" Text="检验方式" FieldKind="Detail" X="139.832291666667" Y="59.8364622751872" Width="18.5208333333333" Height="5" TextVAlign="Center" WordWrap="true" />
                <Cell OrigWidth="17.1979166666667" OrigHeight="5" AccounttantLineVisble="true" Text="抽样数" FieldKind="Detail" X="158.353125" Y="59.8364622751872" Width="17.1979166666667" Height="5" TextVAlign="Center" WordWrap="true" />
                <Cell OrigWidth="24.6354166666666" OrigHeight="5" AccounttantLineVisble="true" Text="行摘要" FieldKind="Detail" X="175.551041666667" Y="59.8364622751872" Width="24.6354166666666" Height="5" TextVAlign="Center" WordWrap="true" />
              </Cells>
            </Row>
            <Row X="10.4510416666667" Y="64.8364622751872" Width="189.735416666667" Height="5" TextVAlign="Center">
              <Cells>
                <Cell OrigWidth="24.3416666666666" OrigHeight="4.64374999999995" AccounttantLineVisble="true" Text="合计" DecimalDigits="0" X="10.4510416666667" Y="64.8364622751872" Width="24.3416666666666" Height="5" TextColor="black" TextHAlign="Center" TextVAlign="Center" WordWrap="true" />
                <Cell OrigWidth="21.9604166666667" OrigHeight="4.64374999999995" AccounttantLineVisble="true" Text="" DecimalDigits="0" X="34.7927083333333" Y="64.8364622751872" Width="21.9604166666667" Height="5" TextColor="black" TextHAlign="Center" TextVAlign="Center" WordWrap="true" />
                <Cell OrigWidth="22.7541666666667" OrigHeight="4.64374999999995" AccounttantLineVisble="true" Text="" DecimalDigits="0" X="56.753125" Y="64.8364622751872" Width="22.7541666666667" Height="5" TextColor="black" TextHAlign="Center" TextVAlign="Center" WordWrap="true" />
                <Cell OrigWidth="20.9020833333334" OrigHeight="5" AccounttantLineVisble="true" Text="验货量" FieldKind="ToCurPageSum" DecimalDigits="0" X="79.5072916666667" Y="64.8364622751872" Width="20.9020833333334" Height="5" TextColor="black" TextVAlign="Center" WordWrap="true" />
                <Cell OrigWidth="19.5791666666666" OrigHeight="5" AccounttantLineVisble="true" Text="合格量" FieldKind="ToCurPageSum" DecimalDigits="0" X="100.409375" Y="64.8364622751872" Width="19.5791666666666" Height="5" TextColor="black" TextVAlign="Center" WordWrap="true" />
                <Cell OrigWidth="19.84375" OrigHeight="5" AccounttantLineVisble="true" Text="不合格量" FieldKind="ToCurPageSum" DecimalDigits="0" X="119.988541666667" Y="64.8364622751872" Width="19.84375" Height="5" TextColor="black" TextVAlign="Center" WordWrap="true" />
                <Cell OrigWidth="18.5208333333333" OrigHeight="4.64374999999995" AccounttantLineVisble="true" Text="" DecimalDigits="0" X="139.832291666667" Y="64.8364622751872" Width="18.5208333333333" Height="5" TextColor="black" TextHAlign="Center" TextVAlign="Center" WordWrap="true" />
                <Cell OrigWidth="17.1979166666667" OrigHeight="4.64374999999995" AccounttantLineVisble="true" Text="抽样数" FieldKind="ToCurPageSum" DecimalDigits="0" X="158.353125" Y="64.8364622751872" Width="17.1979166666667" Height="5" TextColor="black" TextVAlign="Center" WordWrap="true" />
                <Cell OrigWidth="24.6354166666666" OrigHeight="4.64374999999995" AccounttantLineVisble="true" Text="" DecimalDigits="0" X="175.551041666667" Y="64.8364622751872" Width="24.6354166666666" Height="5" TextColor="black" TextHAlign="Center" TextVAlign="Center" WordWrap="true" />
              </Cells>
            </Row>
            <Row X="10.4510416666667" Y="69.8364622751872" Width="189.735416666667" Height="5" TextVAlign="Center">
              <Cells>
                <Cell OrigWidth="24.3416666666666" OrigHeight="4.64374999999995" AccounttantLineVisble="true" Text="" LeftLineVisible="false" LeftLineWidth="0" RightLineVisible="false" BottomLineVisible="false" X="10.4510416666667" Y="69.8364622751872" Width="24.3416666666666" Height="5" TextColor="black" TextHAlign="Center" TextVAlign="Center" WordWrap="true" />
                <Cell OrigWidth="21.9604166666667" OrigHeight="4.64374999999995" AccounttantLineVisble="true" Text="" LeftLineVisible="false" RightLineVisible="false" BottomLineVisible="false" X="34.7927083333333" Y="69.8364622751872" Width="21.9604166666667" Height="5" TextColor="black" TextHAlign="Center" TextVAlign="Center" WordWrap="true" />
                <Cell OrigWidth="22.7541666666667" OrigHeight="4.64374999999995" AccounttantLineVisble="true" Text="" LeftLineVisible="false" RightLineVisible="false" BottomLineVisible="false" X="56.753125" Y="69.8364622751872" Width="22.7541666666667" Height="5" TextColor="black" TextHAlign="Center" TextVAlign="Center" WordWrap="true" />
                <Cell OrigWidth="20.9020833333334" OrigHeight="5" AccounttantLineVisble="true" Text="" LeftLineVisible="false" LeftLineWidth="0" RightLineVisible="false" BottomLineVisible="false" DecimalDigits="0" X="79.5072916666667" Y="69.8364622751872" Width="20.9020833333334" Height="5" TextHAlign="Center" TextVAlign="Center" WordWrap="true" />
                <Cell OrigWidth="19.3145833333333" OrigHeight="5" AccounttantLineVisble="true" Text="" LeftLineVisible="false" RightLineVisible="false" BottomLineVisible="false" DecimalDigits="0" X="100.409375" Y="69.8364622751872" Width="19.3145833333333" Height="5" TextHAlign="Center" TextVAlign="Center" WordWrap="true" />
                <Cell OrigWidth="20.1083333333333" OrigHeight="5" AccounttantLineVisble="true" Text="" LeftLineVisible="false" RightLineVisible="false" RightLineWidth="0" BottomLineVisible="false" DecimalDigits="0" X="119.723958333333" Y="69.8364622751872" Width="20.1083333333333" Height="5" TextHAlign="Center" TextVAlign="Center" WordWrap="true" />
                <Cell OrigWidth="18.5208333333333" OrigHeight="4.64374999999995" AccounttantLineVisble="true" Text="" LeftLineVisible="false" LeftLineWidth="0" RightLineVisible="false" BottomLineVisible="false" X="139.832291666667" Y="69.8364622751872" Width="18.5208333333333" Height="5" TextColor="black" TextVAlign="Center" WordWrap="true" />
                <Cell OrigWidth="17.1979166666667" OrigHeight="4.64374999999995" AccounttantLineVisble="true" Text="打印时间：" LeftLineVisible="false" RightLineVisible="false" BottomLineVisible="false" X="158.353125" Y="69.8364622751872" Width="17.1979166666667" Height="5" TextColor="black" TextVAlign="Center" WordWrap="true" />
                <Cell OrigWidth="24.6354166666666" OrigHeight="4.64374999999995" AccounttantLineVisble="true" Text="日期" FieldKind="System" LeftLineVisible="false" RightLineVisible="false" BottomLineVisible="false" X="175.551041666667" Y="69.8364622751872" Width="24.6354166666666" Height="5" TextColor="black" TextHAlign="Right" TextVAlign="Center" WordWrap="true" />
              </Cells>
            </Row>
            <Row X="10.4510416666667" Y="74.8364622751872" Width="189.735416666667" Height="5" TextVAlign="Center">
              <Cells>
                <Cell OrigWidth="24.3416666666666" OrigHeight="5" AccounttantLineVisble="true" Text="" LeftLineVisible="false" LeftLineWidth="0" TopLineVisible="false" RightLineVisible="false" BottomLineVisible="false" BottomLineWidth="0" X="10.4510416666667" Y="74.8364622751872" Width="24.3416666666666" Height="5" TextColor="black" TextHAlign="Center" TextVAlign="Center" WordWrap="true" />
                <Cell OrigWidth="21.9604166666667" OrigHeight="5" AccounttantLineVisble="true" Text="" LeftLineVisible="false" TopLineVisible="false" RightLineVisible="false" BottomLineVisible="false" BottomLineWidth="0" X="34.7927083333333" Y="74.8364622751872" Width="21.9604166666667" Height="5" TextColor="black" TextHAlign="Center" TextVAlign="Center" WordWrap="true" />
                <Cell OrigWidth="22.7541666666667" OrigHeight="5" AccounttantLineVisble="true" Text="" LeftLineVisible="false" TopLineVisible="false" RightLineVisible="false" BottomLineVisible="false" BottomLineWidth="0" X="56.753125" Y="74.8364622751872" Width="22.7541666666667" Height="5" TextColor="black" TextHAlign="Center" TextVAlign="Center" WordWrap="true" />
                <Cell OrigWidth="20.9020833333334" OrigHeight="5" AccounttantLineVisble="true" LeftLineWidth="0" TopLineVisible="false" RightLineVisible="false" BottomLineWidth="0" DecimalDigits="0" X="79.5072916666667" Y="74.8364622751872" Width="20.9020833333334" Height="5" TextHAlign="Center" TextVAlign="Center" WordWrap="true" />
                <Cell OrigWidth="19.3145833333333" OrigHeight="5" AccounttantLineVisble="true" Text="" LeftLineVisible="false" TopLineVisible="false" RightLineVisible="false" BottomLineVisible="false" BottomLineWidth="0" DecimalDigits="0" X="100.409375" Y="74.8364622751872" Width="19.3145833333333" Height="5" TextHAlign="Center" TextVAlign="Center" WordWrap="true" />
                <Cell OrigWidth="20.1083333333333" OrigHeight="5" AccounttantLineVisble="true" LeftLineVisible="false" TopLineVisible="false" RightLineWidth="0" BottomLineWidth="0" DecimalDigits="0" X="119.723958333333" Y="74.8364622751872" Width="20.1083333333333" Height="5" TextHAlign="Center" TextVAlign="Center" WordWrap="true" />
                <Cell OrigWidth="18.5208333333333" OrigHeight="5" AccounttantLineVisble="true" Text="" LeftLineVisible="false" LeftLineWidth="0" TopLineVisible="false" RightLineVisible="false" BottomLineVisible="false" X="139.832291666667" Y="74.8364622751872" Width="18.5208333333333" Height="5" TextColor="black" TextVAlign="Center" WordWrap="true" />
                <Cell OrigWidth="17.1979166666667" OrigHeight="5" AccounttantLineVisble="true" Text="" LeftLineVisible="false" TopLineVisible="false" RightLineVisible="false" BottomLineVisible="false" X="158.353125" Y="74.8364622751872" Width="17.1979166666667" Height="5" TextColor="black" TextVAlign="Center" WordWrap="true" />
                <Cell OrigWidth="24.6354166666666" OrigHeight="5" AccounttantLineVisble="true" Text="[管家婆软件]" LeftLineVisible="false" TopLineVisible="false" RightLineVisible="false" BottomLineVisible="false" X="175.551041666667" Y="74.8364622751872" Width="24.6354166666666" Height="5" TextColor="black" TextHAlign="Right" TextVAlign="Center" WordWrap="true" />
              </Cells>
            </Row>
          </Rows>
        </TableElement>
        <TextElement Text="总页码" FieldKind="System" LeftLineVisible="false" TopLineVisible="false" RightLineVisible="false" BottomLineVisible="false" BandKind="PageHeader" X="167.956253306071" Y="15.0000004172325" Width="32.4354172229767" Height="5.0000001390775" TextHAlign="Right" TextVAlign="Center" />
        <TextElement Text="制单日期" FieldKind="Master" LeftLineVisible="false" TopLineVisible="false" RightLineVisible="false" BottomLineVisible="false" BandKind="ReportHeader" X="142.291669972738" Y="35.3958328564962" Width="57.5708318710327" Height="5.0000001390775" TextVAlign="Center" WordWrap="true" />
        <TextElement Text="单据日期：" LeftLineVisible="false" TopLineVisible="false" RightLineVisible="false" BottomLineVisible="false" BandKind="ReportHeader" X="121.125003306071" Y="35.3958328564962" Width="20.00000055631" Height="5.0000001390775" TextVAlign="Center" />
        <TextElement Text="单据编号" FieldKind="Master" LeftLineVisible="false" TopLineVisible="false" RightLineVisible="false" BottomLineVisible="false" BandKind="ReportHeader" X="30.6374992688497" Y="35.3958328564962" Width="72.3874985376994" Height="5.0000001390775" TextVAlign="Center" WordWrap="true" />
        <TextElement Text="检验单号：" LeftLineVisible="false" TopLineVisible="false" RightLineVisible="false" BottomLineVisible="false" BandKind="ReportHeader" X="10.793750278155" Y="35.3958328564962" Width="20" Height="5" TextVAlign="Center" />
        <TextElement Text="供 应 商" FieldKind="Master" LeftLineVisible="false" TopLineVisible="false" RightLineVisible="false" BottomLineVisible="false" BandKind="ReportHeader" X="30.6374992688497" Y="41.454167842865" Width="72.916665204366" Height="5.0000001390775" TextVAlign="Center" WordWrap="true" />
        <TextElement Text="供 应 商：" LeftLineVisible="false" TopLineVisible="false" RightLineVisible="false" BottomLineVisible="false" BandKind="ReportHeader" X="10.793750278155" Y="41.454167842865" Width="20" Height="5" TextVAlign="Center" />
        <TextElement Text="质 检 员" FieldKind="Master" LeftLineVisible="false" TopLineVisible="false" RightLineVisible="false" BottomLineVisible="false" BandKind="ReportHeader" X="142.556253306071" Y="41.454167842865" Width="58.0999985376994" Height="5.0000001390775" TextVAlign="Center" WordWrap="true" />
        <TextElement Text="质 检 员：" LeftLineVisible="false" TopLineVisible="false" RightLineVisible="false" BottomLineVisible="false" BandKind="ReportHeader" X="121.497921435038" Y="41.454167842865" Width="20" Height="5" TextVAlign="Center" />
        <TextElement Text="摘    要" FieldKind="Master" LeftLineVisible="false" TopLineVisible="false" RightLineVisible="false" BottomLineVisible="false" BandKind="ReportHeader" X="30.3729159355164" Y="47.3020828564962" Width="170.283339945475" Height="5.0000001390775" TextVAlign="Center" />
        <TextElement Text="摘    要：" LeftLineVisible="false" TopLineVisible="false" RightLineVisible="false" BottomLineVisible="false" BandKind="ReportHeader" X="10.793750278155" Y="47.3020828564962" Width="20" Height="5" TextVAlign="Center" />
      </Elements>
      <Bands>
        <Band IsVisible="false" TextVAlign="Center" />
        <Band BandKind="PageHeader" Height="20" TextVAlign="Center" />
        <Band BandKind="ReportHeader" Y="19.84375" Height="34.2635416666667" TextVAlign="Center" />
        <Band IsVisible="false" BandKind="PageBodyHeader" TextVAlign="Center" />
        <Band BandKind="PageDetail" Y="54.2395833333333" Height="222.736458333333" TextVAlign="Center" />
        <Band IsVisible="false" BandKind="PageBodyFooter" TextVAlign="Center" />
        <Band IsVisible="false" BandKind="ReportFooter" TextVAlign="Center" />
        <Band BandKind="PageFooter" Y="276.754166666667" Height="20" TextVAlign="Center" />
      </Bands>
    </Page>
    <Page Width="210" Height="297" TextVAlign="Center">
      <OrderFields />
      <Elements>
        <TableElement X="9.921875" Y="40.2843749046326" Width="190" Height="128.441667493184" TextVAlign="Center">
          <Rows>
            <Row X="9.921875" Y="40.2843749046326" Width="190" Height="5.3562500953674" TextVAlign="Center">
              <Cells>
                <Cell OrigWidth="27.1428571428571" OrigHeight="5.3562500953674" AccounttantLineVisble="true" Text="订单编号" X="9.921875" Y="40.2843749046326" Width="27.1428571428571" Height="5.3562500953674" TextHAlign="Center" TextVAlign="Center" WordWrap="true" />
                <Cell OrigWidth="27.1428571428571" OrigHeight="5.3562500953674" AccounttantLineVisble="true" Text="送检单号" X="37.0647321428571" Y="40.2843749046326" Width="27.1428571428571" Height="5.3562500953674" TextHAlign="Center" TextVAlign="Center" WordWrap="true" />
                <Cell OrigWidth="27.1428571428571" OrigHeight="5.3562500953674" AccounttantLineVisble="true" Text="处理数量" X="64.2075892857142" Y="40.2843749046326" Width="27.1428571428571" Height="5.3562500953674" TextHAlign="Center" TextVAlign="Center" WordWrap="true" />
                <Cell OrigWidth="27.1428571428571" OrigHeight="5.3562500953674" AccounttantLineVisble="true" Text="处理方式" X="91.3504464285713" Y="40.2843749046326" Width="27.1428571428571" Height="5.3562500953674" TextHAlign="Center" TextVAlign="Center" WordWrap="true" />
                <Cell OrigWidth="27.1428571428571" OrigHeight="5.3562500953674" AccounttantLineVisble="true" Text="不合格原因" DecimalDigits="0" X="118.493303571428" Y="40.2843749046326" Width="27.1428571428571" Height="5.3562500953674" TextVAlign="Center" />
                <Cell OrigWidth="27.1428571428571" OrigHeight="5.3562500953674" AccounttantLineVisble="true" Text="折扣" X="145.636160714285" Y="40.2843749046326" Width="27.1428571428571" Height="5.3562500953674" TextHAlign="Center" TextVAlign="Center" WordWrap="true" />
                <Cell OrigWidth="27.1428571428571" OrigHeight="5.3562500953674" AccounttantLineVisble="true" Text="行摘要" X="172.779017857143" Y="40.2843749046326" Width="27.1428571428571" Height="5.3562500953674" TextHAlign="Center" TextVAlign="Center" WordWrap="true" />
              </Cells>
            </Row>
            <Row X="9.921875" Y="45.640625" Width="190" Height="5" TextVAlign="Center">
              <Cells>
                <Cell OrigWidth="27.1428571428571" OrigHeight="5" AccounttantLineVisble="true" Text="订单编号" FieldKind="Detail" X="9.921875" Y="45.640625" Width="27.1428571428571" Height="5" TextVAlign="Center" WordWrap="true" />
                <Cell OrigWidth="27.1428571428571" OrigHeight="5" AccounttantLineVisble="true" Text="送检单号" FieldKind="Detail" X="37.0647321428571" Y="45.640625" Width="27.1428571428571" Height="5" TextVAlign="Center" WordWrap="true" />
                <Cell OrigWidth="27.1428571428571" OrigHeight="5" AccounttantLineVisble="true" Text="处理数量" FieldKind="Detail" X="64.2075892857142" Y="45.640625" Width="27.1428571428571" Height="5" TextVAlign="Center" WordWrap="true" />
                <Cell OrigWidth="27.1428571428571" OrigHeight="5" AccounttantLineVisble="true" Text="处理方式" FieldKind="Detail" X="91.3504464285713" Y="45.640625" Width="27.1428571428571" Height="5" TextVAlign="Center" WordWrap="true" />
                <Cell OrigWidth="27.1428571428571" OrigHeight="5" AccounttantLineVisble="true" Text="不合格原因" FieldKind="Detail" DecimalDigits="0" X="118.493303571428" Y="45.640625" Width="27.1428571428571" Height="5" TextVAlign="Center" />
                <Cell OrigWidth="27.1428571428571" OrigHeight="5" AccounttantLineVisble="true" Text="折扣" FieldKind="Detail" X="145.636160714285" Y="45.640625" Width="27.1428571428571" Height="5" TextVAlign="Center" WordWrap="true" />
                <Cell OrigWidth="27.1428571428571" OrigHeight="5" AccounttantLineVisble="true" Text="行摘要" FieldKind="Detail" X="172.779017857143" Y="45.640625" Width="27.1428571428571" Height="5" TextVAlign="Center" WordWrap="true" />
              </Cells>
            </Row>
            <Row X="9.921875" Y="50.640625" Width="190" Height="5" TextVAlign="Center">
              <Cells>
                <Cell OrigWidth="27.1428571428571" OrigHeight="5" AccounttantLineVisble="true" Text="合计" X="9.921875" Y="50.640625" Width="27.1428571428571" Height="5" TextColor="black" TextHAlign="Center" TextVAlign="Center" WordWrap="true" />
                <Cell OrigWidth="27.1428571428571" OrigHeight="5" AccounttantLineVisble="true" Text="" X="37.0647321428571" Y="50.640625" Width="27.1428571428571" Height="5" TextColor="black" TextVAlign="Center" WordWrap="true" />
                <Cell OrigWidth="27.1428571428571" OrigHeight="5" AccounttantLineVisble="true" Text="处理数量" FieldKind="ToCurPageSum" X="64.2075892857142" Y="50.640625" Width="27.1428571428571" Height="5" TextColor="black" TextVAlign="Center" WordWrap="true" />
                <Cell OrigWidth="27.1428571428571" OrigHeight="5" AccounttantLineVisble="true" Text="" X="91.3504464285713" Y="50.640625" Width="27.1428571428571" Height="5" TextColor="black" TextVAlign="Center" WordWrap="true" />
                <Cell OrigWidth="27.1428571428571" OrigHeight="5" AccounttantLineVisble="true" DecimalDigits="0" X="118.493303571428" Y="50.640625" Width="27.1428571428571" Height="5" TextVAlign="Center" />
                <Cell OrigWidth="27.1428571428571" OrigHeight="5" AccounttantLineVisble="true" Text="" X="145.636160714285" Y="50.640625" Width="27.1428571428571" Height="5" TextColor="black" TextVAlign="Center" WordWrap="true" />
                <Cell OrigWidth="27.1428571428571" OrigHeight="5" AccounttantLineVisble="true" Text="" X="172.779017857143" Y="50.640625" Width="27.1428571428571" Height="5" TextColor="black" TextVAlign="Center" WordWrap="true" />
              </Cells>
            </Row>
            <Row X="9.921875" Y="55.640625" Width="190" Height="5" TextVAlign="Center">
              <Cells>
                <Cell OrigWidth="17.0352659892409" OrigHeight="5" AccounttantLineVisble="true" Text="" LeftLineVisible="false" RightLineVisible="false" BottomLineVisible="false" X="9.921875" Y="55.640625" Width="17.0352659892409" Height="5" TextColor="black" TextVAlign="Center" WordWrap="true" />
                <Cell OrigWidth="25.6664674237896" OrigHeight="5" AccounttantLineVisble="true" Text="" LeftLineVisible="false" RightLineVisible="false" BottomLineVisible="false" X="26.9571409892409" Y="55.640625" Width="25.6664674237896" Height="5" TextColor="black" TextVAlign="Center" WordWrap="true" />
                <Cell OrigWidth="17.2624028690974" OrigHeight="5" AccounttantLineVisble="true" Text="" LeftLineVisible="false" RightLineVisible="false" BottomLineVisible="false" X="52.6236084130305" Y="55.640625" Width="17.2624028690974" Height="5" TextColor="black" TextVAlign="Center" WordWrap="true" />
                <Cell OrigWidth="17.0352659892409" OrigHeight="5" AccounttantLineVisble="true" Text="" LeftLineVisible="false" RightLineVisible="false" BottomLineVisible="false" X="69.8860112821279" Y="55.640625" Width="17.0352659892409" Height="5" TextColor="black" TextVAlign="Center" WordWrap="true" />
                <Cell OrigWidth="25.6664674237896" OrigHeight="5" AccounttantLineVisble="true" Text="" LeftLineVisible="false" RightLineVisible="false" BottomLineVisible="false" X="86.9212772713688" Y="55.640625" Width="25.6664674237896" Height="5" TextColor="black" TextVAlign="Center" WordWrap="true" />
                <Cell OrigWidth="33.5945469715082" OrigHeight="5" AccounttantLineVisble="true" Text="" LeftLineVisible="false" RightLineVisible="false" BottomLineVisible="false" X="112.587744695158" Y="55.640625" Width="33.5945469715082" Height="5" TextColor="black" TextVAlign="Center" WordWrap="true" />
                <Cell OrigWidth="27.8459790296872" OrigHeight="5" AccounttantLineVisble="true" Text="打印时间：" LeftLineVisible="false" RightLineVisible="false" BottomLineVisible="false" X="146.182291666667" Y="55.640625" Width="27.8459790296872" Height="5" TextColor="black" TextVAlign="Center" WordWrap="true" />
                <Cell OrigWidth="25.8936043036462" OrigHeight="5" AccounttantLineVisble="true" Text="日期" FieldKind="System" LeftLineVisible="false" RightLineVisible="false" BottomLineVisible="false" X="174.028270696354" Y="55.640625" Width="25.8936043036462" Height="5" TextColor="black" TextHAlign="Right" TextVAlign="Center" WordWrap="true" />
              </Cells>
            </Row>
            <Row X="9.921875" Y="60.640625" Width="190" Height="5" TextVAlign="Center">
              <Cells>
                <Cell OrigWidth="17.0352659892409" OrigHeight="5" AccounttantLineVisble="true" Text="" LeftLineVisible="false" TopLineVisible="false" RightLineVisible="false" BottomLineVisible="false" X="9.921875" Y="60.640625" Width="17.0352659892409" Height="5" TextColor="black" TextVAlign="Center" WordWrap="true" />
                <Cell OrigWidth="25.6664674237896" OrigHeight="5" AccounttantLineVisble="true" Text="" LeftLineVisible="false" TopLineVisible="false" RightLineVisible="false" BottomLineVisible="false" X="26.9571409892409" Y="60.640625" Width="25.6664674237896" Height="5" TextColor="black" TextVAlign="Center" WordWrap="true" />
                <Cell OrigWidth="17.2624028690974" OrigHeight="5" AccounttantLineVisble="true" Text="" LeftLineVisible="false" TopLineVisible="false" RightLineVisible="false" BottomLineVisible="false" X="52.6236084130305" Y="60.640625" Width="17.2624028690974" Height="5" TextColor="black" TextVAlign="Center" WordWrap="true" />
                <Cell OrigWidth="17.0352659892409" OrigHeight="5" AccounttantLineVisble="true" Text="" LeftLineVisible="false" TopLineVisible="false" RightLineVisible="false" BottomLineVisible="false" X="69.8860112821279" Y="60.640625" Width="17.0352659892409" Height="5" TextColor="black" TextVAlign="Center" WordWrap="true" />
                <Cell OrigWidth="25.6664674237896" OrigHeight="5" AccounttantLineVisble="true" Text="" LeftLineVisible="false" TopLineVisible="false" RightLineVisible="false" BottomLineVisible="false" X="86.9212772713688" Y="60.640625" Width="25.6664674237896" Height="5" TextColor="black" TextVAlign="Center" WordWrap="true" />
                <Cell OrigWidth="44.4052600119545" OrigHeight="5" AccounttantLineVisble="true" Text="" LeftLineVisible="false" TopLineVisible="false" RightLineVisible="false" BottomLineVisible="false" X="112.587744695158" Y="60.640625" Width="44.4052600119545" Height="5" TextColor="black" TextVAlign="Center" WordWrap="true" />
                <Cell OrigWidth="17.0352659892409" OrigHeight="5" AccounttantLineVisble="true" Text="" LeftLineVisible="false" TopLineVisible="false" RightLineVisible="false" BottomLineVisible="false" X="156.993004707113" Y="60.640625" Width="17.0352659892409" Height="5" TextColor="black" TextVAlign="Center" WordWrap="true" />
                <Cell OrigWidth="25.8936043036462" OrigHeight="5" AccounttantLineVisble="true" Text="[管家婆软件]" LeftLineVisible="false" TopLineVisible="false" RightLineVisible="false" BottomLineVisible="false" X="174.028270696354" Y="60.640625" Width="25.8936043036462" Height="5" TextColor="black" TextHAlign="Right" TextVAlign="Center" WordWrap="true" />
              </Cells>
            </Row>
          </Rows>
        </TableElement>
        <TextElement Text="总页码" FieldKind="System" LeftLineVisible="false" TopLineVisible="false" RightLineVisible="false" BottomLineVisible="false" BandKind="PageHeader" X="179.714577500025" Y="14.2291661898295" Width="20" Height="5" TextVAlign="Center" />
      </Elements>
      <Bands>
        <Band IsVisible="false" TextVAlign="Center" />
        <Band BandKind="PageHeader" Height="20" TextVAlign="Center" />
        <Band BandKind="ReportHeader" Y="19.84375" Height="19.9760416666667" TextVAlign="Center" />
        <Band IsVisible="false" BandKind="PageBodyHeader" TextVAlign="Center" />
        <Band BandKind="PageDetail" Y="39.6875" Height="206.789583333334" TextVAlign="Center" />
        <Band IsVisible="false" BandKind="PageBodyFooter" TextVAlign="Center" />
        <Band IsVisible="false" BandKind="ReportFooter" TextVAlign="Center" />
        <Band BandKind="PageFooter" Y="276.754166666667" Height="20" TextVAlign="Center" />
      </Bands>
    </Page>
  </Pages>
  <PageSettings MarginLeft="10" MarginTop="20" MarginRight="10" MarginBottom="20" PageWidth="210" PageHeight="297" />
  <ExpressionFields />
</Report>