<Report MaxRowCount="0">
  <Pages>
    <Page Width="210" Height="297" TextVAlign="Center">
      <OrderFields />
      <Elements>
        <TextElement Text="表名" FieldKind="Master" LeftLineVisible="false" TopLineVisible="false" RightLineVisible="false" BottomLineVisible="false" X="9.32917054494222" Y="23.7854163010915" Width="190.541664123535" Height="10.000000278155" FontSize="20" BoldFont="true" TextHAlign="Center" TextVAlign="Center" />
        <TableElement X="10" Y="40" Width="189.363541666667" Height="236.422923660278" TextVAlign="Center">
          <Rows>
            <Row X="10" Y="40" Width="189.363541666667" Height="5" TextVAlign="Center">
              <Cells>
                <Cell OrigWidth="44.371875" OrigHeight="5" Text="存货编号" X="10" Y="40" Width="44.371875" Height="5" BoldFont="true" TextHAlign="Center" TextVAlign="Center" WordWrap="true" />
                <Cell OrigWidth="40.7458333333333" OrigHeight="5" Text="存货全名" X="54.371875" Y="40" Width="40.7458333333333" Height="5" BoldFont="true" TextHAlign="Center" TextVAlign="Center" WordWrap="true" />
                <Cell OrigWidth="46.0375" OrigHeight="5" Text="库存下限" X="95.1177083333333" Y="40" Width="46.0375" Height="5" BoldFont="true" TextHAlign="Center" TextVAlign="Center" WordWrap="true" />
                <Cell OrigWidth="58.2083333333333" OrigHeight="5" Text="库存上限" X="141.155208333333" Y="40" Width="58.2083333333333" Height="5" BoldFont="true" TextHAlign="Center" TextVAlign="Center" WordWrap="true" />
              </Cells>
            </Row>
            <Row X="10" Y="45" Width="189.363541666667" Height="5" TextVAlign="Center">
              <Cells>
                <Cell OrigWidth="44.371875" OrigHeight="5" Text="存货编号" FieldKind="Detail" X="10" Y="45" Width="44.371875" Height="5" TextHAlign="Center" TextVAlign="Center" WordWrap="true" />
                <Cell OrigWidth="40.7458333333333" OrigHeight="5" Text="存货全名" FieldKind="Detail" X="54.371875" Y="45" Width="40.7458333333333" Height="5" TextHAlign="Center" TextVAlign="Center" WordWrap="true" />
                <Cell OrigWidth="46.0375" OrigHeight="5" Text="库存下限" FieldKind="Detail" X="95.1177083333333" Y="45" Width="46.0375" Height="5" TextHAlign="Center" TextVAlign="Center" WordWrap="true" />
                <Cell OrigWidth="58.2083333333333" OrigHeight="5" Text="库存上限" FieldKind="Detail" X="141.155208333333" Y="45" Width="58.2083333333333" Height="5" TextHAlign="Center" TextVAlign="Center" WordWrap="true" />
              </Cells>
            </Row>
            <Row X="10" Y="50" Width="189.363541666667" Height="5" TextVAlign="Center">
              <Cells>
                <Cell OrigWidth="131.155208333333" OrigHeight="5" Text="" LeftLineVisible="false" RightLineVisible="false" BottomLineVisible="false" X="10" Y="50" Width="131.155208333333" Height="5" TextVAlign="Center" WordWrap="true" />
                <Cell OrigWidth="29.1041666666667" OrigHeight="5" Text="打印时间：" LeftLineVisible="false" RightLineVisible="false" BottomLineVisible="false" X="141.155208333333" Y="50" Width="29.1041666666667" Height="5" TextVAlign="Center" WordWrap="true" />
                <Cell OrigWidth="29.1041666666667" OrigHeight="5" Text="日期" FieldKind="System" LeftLineVisible="false" RightLineVisible="false" BottomLineVisible="false" X="170.259375" Y="50" Width="29.1041666666667" Height="5" TextVAlign="Center" WordWrap="true" />
              </Cells>
            </Row>
            <Row X="10" Y="55" Width="189.363541666667" Height="5" TextVAlign="Center">
              <Cells>
                <Cell OrigWidth="160.259375" OrigHeight="5" Text="" LeftLineVisible="false" TopLineVisible="false" RightLineVisible="false" BottomLineVisible="false" X="10" Y="55" Width="160.259375" Height="5" TextColor="black" TextVAlign="Center" WordWrap="true" />
                <Cell OrigWidth="29.1041666666667" OrigHeight="5" Text="[管家婆软件]" LeftLineVisible="false" TopLineVisible="false" RightLineVisible="false" BottomLineVisible="false" X="170.259375" Y="55" Width="29.1041666666667" Height="5" TextColor="black" TextVAlign="Center" WordWrap="true" />
              </Cells>
            </Row>
          </Rows>
        </TableElement>
        <TextElement Text="总页码" FieldKind="System" LeftLineVisible="false" TopLineVisible="false" RightLineVisible="false" BottomLineVisible="false" X="179.870834112167" Y="12.9062495231628" Width="20" Height="5" TextHAlign="Right" TextVAlign="Center" />
      </Elements>
      <Bands>
        <Band IsVisible="false" TextVAlign="Center" />
        <Band BandKind="PageHeader" Height="20" TextVAlign="Center" />
        <Band BandKind="ReportHeader" Y="19.84375" Height="20" TextVAlign="Center" />
        <Band IsVisible="false" BandKind="PageBodyHeader" TextVAlign="Center" />
        <Band BandKind="PageDetail" Y="39.9520833333333" Height="237" TextVAlign="Center" />
        <Band IsVisible="false" BandKind="PageBodyFooter" TextVAlign="Center" />
        <Band IsVisible="false" BandKind="ReportFooter" TextVAlign="Center" />
        <Band BandKind="PageFooter" Y="276.754166666667" Height="20" TextVAlign="Center" />
      </Bands>
    </Page>
  </Pages>
  <PageSettings MarginLeft="10" MarginTop="20" MarginRight="10" MarginBottom="20" PageWidth="210" PageHeight="297" />
  <ExpressionFields />
</Report>